Archive member included to satisfy reference by file (symbol)

/home/apopa/Documents/MCUXpresso_11.1.1_3241/workspace/frdmk66f_sai/libs/libarm_cortexM4lf_math.a(arm_max_f32.o)
                              ./source/playbackSineWave.o (arm_max_f32)
/home/apopa/Documents/MCUXpresso_11.1.1_3241/workspace/frdmk66f_sai/libs/libarm_cortexM4lf_math.a(arm_cfft_radix2_init_f32.o)
                              ./source/playbackSineWave.o (arm_cfft_radix2_init_f32)
/home/apopa/Documents/MCUXpresso_11.1.1_3241/workspace/frdmk66f_sai/libs/libarm_cortexM4lf_math.a(arm_cfft_radix2_f32.o)
                              ./source/playbackSineWave.o (arm_cfft_radix2_f32)
/home/apopa/Documents/MCUXpresso_11.1.1_3241/workspace/frdmk66f_sai/libs/libarm_cortexM4lf_math.a(arm_bitreversal.o)
                              /home/apopa/Documents/MCUXpresso_11.1.1_3241/workspace/frdmk66f_sai/libs/libarm_cortexM4lf_math.a(arm_cfft_radix2_f32.o) (arm_bitreversal_f32)
/home/apopa/Documents/MCUXpresso_11.1.1_3241/workspace/frdmk66f_sai/libs/libarm_cortexM4lf_math.a(arm_cmplx_mag_f32.o)
                              ./source/playbackSineWave.o (arm_cmplx_mag_f32)
/home/apopa/Documents/MCUXpresso_11.1.1_3241/workspace/frdmk66f_sai/libs/libarm_cortexM4lf_math.a(arm_sin_q15.o)
                              ./source/playbackSineWave.o (arm_sin_q15)
/home/apopa/Documents/MCUXpresso_11.1.1_3241/workspace/frdmk66f_sai/libs/libarm_cortexM4lf_math.a(arm_common_tables.o)
                              /home/apopa/Documents/MCUXpresso_11.1.1_3241/workspace/frdmk66f_sai/libs/libarm_cortexM4lf_math.a(arm_sin_q15.o) (sinTable_q15)
/usr/local/mcuxpressoide-11.1.1_3241/ide/plugins/com.nxp.mcuxpresso.tools.linux_11.1.0.202001081728/tools/bin/../lib/gcc/arm-none-eabi/8.3.1/../../../../arm-none-eabi/lib/thumb/v7e-m+fp/hard/libcr_semihost_nf.a(__ciob.o)
                              ./source/sai.o (__Ciob)
/usr/local/mcuxpressoide-11.1.1_3241/ide/plugins/com.nxp.mcuxpresso.tools.linux_11.1.0.202001081728/tools/bin/../lib/gcc/arm-none-eabi/8.3.1/../../../../arm-none-eabi/lib/thumb/v7e-m+fp/hard/libcr_semihost_nf.a(_cr__main.o)
                              ./startup/startup_mk66f18.o (__main)
/usr/local/mcuxpressoide-11.1.1_3241/ide/plugins/com.nxp.mcuxpresso.tools.linux_11.1.0.202001081728/tools/bin/../lib/gcc/arm-none-eabi/8.3.1/../../../../arm-none-eabi/lib/thumb/v7e-m+fp/hard/libcr_c.a(sqrtf_m4_hardfp.o)
                              /home/apopa/Documents/MCUXpresso_11.1.1_3241/workspace/frdmk66f_sai/libs/libarm_cortexM4lf_math.a(arm_cmplx_mag_f32.o) (sqrtf)
/usr/local/mcuxpressoide-11.1.1_3241/ide/plugins/com.nxp.mcuxpresso.tools.linux_11.1.0.202001081728/tools/bin/../lib/gcc/arm-none-eabi/8.3.1/../../../../arm-none-eabi/lib/thumb/v7e-m+fp/hard/libcr_c.a(memcpy.o)
                              ./source/playbackSineWave.o (memcpy)
/usr/local/mcuxpressoide-11.1.1_3241/ide/plugins/com.nxp.mcuxpresso.tools.linux_11.1.0.202001081728/tools/bin/../lib/gcc/arm-none-eabi/8.3.1/../../../../arm-none-eabi/lib/thumb/v7e-m+fp/hard/libcr_c.a(memset.o)
                              ./source/recordPlayback.o (memset)
/usr/local/mcuxpressoide-11.1.1_3241/ide/plugins/com.nxp.mcuxpresso.tools.linux_11.1.0.202001081728/tools/bin/../lib/gcc/arm-none-eabi/8.3.1/../../../../arm-none-eabi/lib/thumb/v7e-m+fp/hard/libcr_c.a(__fillbuf.o)
                              ./source/sai.o (__filbuf)
/usr/local/mcuxpressoide-11.1.1_3241/ide/plugins/com.nxp.mcuxpresso.tools.linux_11.1.0.202001081728/tools/bin/../lib/gcc/arm-none-eabi/8.3.1/../../../../arm-none-eabi/lib/thumb/v7e-m+fp/hard/libcr_c.a(_deferredlazyseek.o)
                              /usr/local/mcuxpressoide-11.1.1_3241/ide/plugins/com.nxp.mcuxpresso.tools.linux_11.1.0.202001081728/tools/bin/../lib/gcc/arm-none-eabi/8.3.1/../../../../arm-none-eabi/lib/thumb/v7e-m+fp/hard/libcr_c.a(__fillbuf.o) (_deferredlazyseek)
/usr/local/mcuxpressoide-11.1.1_3241/ide/plugins/com.nxp.mcuxpresso.tools.linux_11.1.0.202001081728/tools/bin/../lib/gcc/arm-none-eabi/8.3.1/../../../../arm-none-eabi/lib/thumb/v7e-m+fp/hard/libcr_c.a(_fflush.o)
                              /usr/local/mcuxpressoide-11.1.1_3241/ide/plugins/com.nxp.mcuxpresso.tools.linux_11.1.0.202001081728/tools/bin/../lib/gcc/arm-none-eabi/8.3.1/../../../../arm-none-eabi/lib/thumb/v7e-m+fp/hard/libcr_c.a(__fillbuf.o) (_fflush)
/usr/local/mcuxpressoide-11.1.1_3241/ide/plugins/com.nxp.mcuxpresso.tools.linux_11.1.0.202001081728/tools/bin/../lib/gcc/arm-none-eabi/8.3.1/../../../../arm-none-eabi/lib/thumb/v7e-m+fp/hard/libcr_c.a(_writebuf.o)
                              /usr/local/mcuxpressoide-11.1.1_3241/ide/plugins/com.nxp.mcuxpresso.tools.linux_11.1.0.202001081728/tools/bin/../lib/gcc/arm-none-eabi/8.3.1/../../../../arm-none-eabi/lib/thumb/v7e-m+fp/hard/libcr_c.a(_deferredlazyseek.o) (_Cwritebuf)
[...]
Memory Configuration

Name             Origin             Length             Attributes
PROGRAM_FLASH    0x0000000000000000 0x0000000000200000 xr
SRAM_UPPER       0x0000000020000000 0x0000000000030000 xrw
SRAM_LOWER       0x000000001fff0000 0x0000000000010000 xrw
FLEX_RAM         0x0000000014000000 0x0000000000001000 xrw
*default*        0x0000000000000000 0xffffffffffffffff

Linker script and memory map

LOAD ./utilities/fsl_assert.o
LOAD ./utilities/fsl_debug_console.o
LOAD ./utilities/fsl_str.o
LOAD ./startup/startup_mk66f18.o
LOAD ./source/playbackSineWave.o
LOAD ./source/recordPlayback.o
LOAD ./source/recordtoSdcard.o
LOAD ./source/sai.o
LOAD ./source/semihost_hardfault.o
LOAD ./sdmmc/src/fsl_sd.o
LOAD ./sdmmc/src/fsl_sdmmc_common.o
LOAD ./sdmmc/port/fsl_sdmmc_event.o
LOAD ./sdmmc/port/fsl_sdmmc_host.o
LOAD ./fatfs/source/fsl_sd_disk/fsl_sd_disk.o
LOAD ./fatfs/source/fsl_ram_disk/fsl_ram_disk.o
LOAD ./fatfs/source/diskio.o
LOAD ./fatfs/source/ff.o
LOAD ./fatfs/source/ffsystem.o
LOAD ./fatfs/source/ffunicode.o
LOAD ./drivers/fsl_clock.o
LOAD ./drivers/fsl_common.o
LOAD ./drivers/fsl_dmamux.o
LOAD ./drivers/fsl_edma.o
LOAD ./drivers/fsl_ftfx_cache.o
LOAD ./drivers/fsl_ftfx_controller.o
LOAD ./drivers/fsl_ftfx_flash.o
LOAD ./drivers/fsl_ftfx_flexnvm.o
LOAD ./drivers/fsl_gpio.o
LOAD ./drivers/fsl_i2c.o
LOAD ./drivers/fsl_lpuart.o
LOAD ./drivers/fsl_sai.o
LOAD ./drivers/fsl_sai_edma.o
LOAD ./drivers/fsl_sdhc.o
LOAD ./drivers/fsl_smc.o
LOAD ./drivers/fsl_sysmpu.o
LOAD ./drivers/fsl_uart.o
LOAD ./device/system_MK66F18.o
LOAD ./component/uart/uart_adapter.o
LOAD ./component/serial_manager/serial_manager.o
LOAD ./component/serial_manager/serial_port_uart.o
LOAD ./component/lists/generic_list.o
LOAD ./component/i2c/i2c_adapter.o
LOAD ./codec/fsl_codec_adapter.o
LOAD ./codec/fsl_codec_common.o
LOAD ./codec/fsl_codec_i2c.o
LOAD ./codec/fsl_dialog7212.o
LOAD ./board/board.o
LOAD ./board/clock_config.o
LOAD ./board/pin_mux.o
LOAD /home/apopa/Documents/MCUXpresso_11.1.1_3241/workspace/frdmk66f_sai/libs/libarm_cortexM4lf_math.a
START GROUP
LOAD /usr/local/mcuxpressoide-11.1.1_3241/ide/plugins/com.nxp.mcuxpresso.tools.linux_11.1.0.202001081728/tools/bin/../lib/gcc/arm-none-eabi/8.3.1/../../../../arm-none-eabi/lib/thumb/v7e-m+fp/hard/libcr_semihost_nf.a
LOAD /usr/local/mcuxpressoide-11.1.1_3241/ide/plugins/com.nxp.mcuxpresso.tools.linux_11.1.0.202001081728/tools/bin/../lib/gcc/arm-none-eabi/8.3.1/../../../../arm-none-eabi/lib/thumb/v7e-m+fp/hard/libcr_c.a
LOAD /usr/local/mcuxpressoide-11.1.1_3241/ide/plugins/com.nxp.mcuxpresso.tools.linux_11.1.0.202001081728/tools/bin/../lib/gcc/arm-none-eabi/8.3.1/thumb/v7e-m+fp/hard/libcr_eabihelpers.a
LOAD /usr/local/mcuxpressoide-11.1.1_3241/ide/plugins/com.nxp.mcuxpresso.tools.linux_11.1.0.202001081728/tools/bin/../lib/gcc/arm-none-eabi/8.3.1/thumb/v7e-m+fp/hard/libgcc.a
END GROUP
                0x0000000000000000                __base_PROGRAM_FLASH = 0x0
                0x0000000000000000                __base_Flash = 0x0
                0x0000000000200000                __top_PROGRAM_FLASH = 0x200000
                0x0000000000200000                __top_Flash = 0x200000
                0x0000000020000000                __base_SRAM_UPPER = 0x20000000
                0x0000000020000000                __base_RAM = 0x20000000
                0x0000000020030000                __top_SRAM_UPPER = 0x20030000
                0x0000000020030000                __top_RAM = 0x20030000
                0x000000001fff0000                __base_SRAM_LOWER = 0x1fff0000
                0x000000001fff0000                __base_RAM2 = 0x1fff0000
                0x0000000020000000                __top_SRAM_LOWER = 0x20000000
                0x0000000020000000                __top_RAM2 = 0x20000000
                0x0000000014000000                __base_FLEX_RAM = 0x14000000
                0x0000000014000000                __base_RAM3 = 0x14000000
                0x0000000014001000                __top_FLEX_RAM = 0x14001000
                0x0000000014001000                __top_RAM3 = 0x14001000

.text           0x0000000000000000    0x15dd8
 FILL mask 0xff
                0x0000000000000000                __vectors_start__ = ABSOLUTE (.)
 *(SORT_BY_ALIGNMENT(.isr_vector))
 .isr_vector    0x0000000000000000      0x1d0 ./startup/startup_mk66f18.o
                0x0000000000000000                __Vectors
                0x0000000000000000                g_pfnVectors
                0x00000000000001d0                . = ALIGN (0x4)
                0x00000000000001d0                __section_table_start = .
                0x00000000000001d0                __data_section_table = .
                0x00000000000001d0        0x4 LONG 0x15fa8 LOADADDR (.data)
                0x00000000000001d4        0x4 LONG 0x20000000 ADDR (.data)
                0x00000000000001d8        0x4 LONG 0x48 SIZEOF (.data)
                0x00000000000001dc        0x4 LONG 0x15dd8 LOADADDR (.data_RAM2)
                0x00000000000001e0        0x4 LONG 0x1fff0000 ADDR (.data_RAM2)
                0x00000000000001e4        0x4 LONG 0x1d0 SIZEOF (.data_RAM2)
                0x00000000000001e8        0x4 LONG 0x15fa8 LOADADDR (.data_RAM3)
                0x00000000000001ec        0x4 LONG 0x14000000 ADDR (.data_RAM3)
                0x00000000000001f0        0x4 LONG 0x0 SIZEOF (.data_RAM3)
                0x00000000000001f4                __data_section_table_end = .
                0x00000000000001f4                __bss_section_table = .
                0x00000000000001f4        0x4 LONG 0x20000048 ADDR (.bss)
                0x00000000000001f8        0x4 LONG 0x1dc0 SIZEOF (.bss)
                0x00000000000001fc        0x4 LONG 0x1fff01d0 ADDR (.bss_RAM2)
                0x0000000000000200        0x4 LONG 0xe60 SIZEOF (.bss_RAM2)
                0x0000000000000204        0x4 LONG 0x14000000 ADDR (.bss_RAM3)
                0x0000000000000208        0x4 LONG 0x0 SIZEOF (.bss_RAM3)
                0x000000000000020c                __bss_section_table_end = .
                0x000000000000020c                __section_table_end = .
 *(SORT_BY_ALIGNMENT(.after_vectors*))
 .after_vectors.reset
                0x000000000000020c       0x4c ./startup/startup_mk66f18.o
                0x000000000000020c                ResetISR
 .after_vectors
                0x0000000000000258       0x14 ./startup/startup_mk66f18.o
                0x0000000000000258                NMI_Handler
                0x000000000000025c                MemManage_Handler
                0x000000000000025e                BusFault_Handler
                0x0000000000000260                UsageFault_Handler
                0x0000000000000262                SVC_Handler
                0x0000000000000264                DebugMon_Handler
                0x0000000000000266                PendSV_Handler
                0x000000000000026a                PORTB_DriverIRQHandler
                0x000000000000026a                SPI1_DriverIRQHandler
                0x000000000000026a                LPTMR0_DriverIRQHandler
                0x000000000000026a                DMA_Error_DriverIRQHandler
                0x000000000000026a                FTM1_DriverIRQHandler
                0x000000000000026a                FTM2_DriverIRQHandler
                0x000000000000026a                PIT2_DriverIRQHandler
                0x000000000000026a                TPM2_DriverIRQHandler
                0x000000000000026a                TSI0_DriverIRQHandler
                0x000000000000026a                RTC_Seconds_DriverIRQHandler
                0x000000000000026a                CMP3_DriverIRQHandler
                0x000000000000026a                LLWU_DriverIRQHandler
                0x000000000000026a                MCM_DriverIRQHandler
                0x000000000000026a                MCG_DriverIRQHandler
                0x000000000000026a                ENET_1588_Timer_DriverIRQHandler
                0x000000000000026a                DAC1_DriverIRQHandler
                0x000000000000026a                CMP1_DriverIRQHandler
                0x000000000000026a                USBHSDCD_DriverIRQHandler
                0x000000000000026a                FTM0_DriverIRQHandler
                0x000000000000026a                IntDefaultHandler
                0x000000000000026a                USB0_DriverIRQHandler
                0x000000000000026a                PORTC_DriverIRQHandler
                0x000000000000026a                DAC0_DriverIRQHandler
                0x000000000000026a                CMP2_DriverIRQHandler
                0x000000000000026a                UART2_ERR_DriverIRQHandler
                0x000000000000026a                SPI2_DriverIRQHandler
                0x000000000000026a                LVD_LVW_DriverIRQHandler
                0x000000000000026a                Reserved84_DriverIRQHandler
                0x000000000000026a                PIT0_DriverIRQHandler
                0x000000000000026a                RNG_DriverIRQHandler
                0x000000000000026a                USBDCD_DriverIRQHandler
                0x000000000000026a                UART3_ERR_DriverIRQHandler
                0x000000000000026a                UART0_ERR_DriverIRQHandler
                0x000000000000026a                CMT_DriverIRQHandler
                0x000000000000026a                Reserved71_DriverIRQHandler
                0x000000000000026a                ADC1_DriverIRQHandler
                0x000000000000026a                PORTA_DriverIRQHandler
                0x000000000000026a                PIT3_DriverIRQHandler
                0x000000000000026a                PIT1_DriverIRQHandler
                0x000000000000026a                TPM1_DriverIRQHandler
                0x000000000000026a                WDOG_EWM_DriverIRQHandler
                0x000000000000026a                PDB0_DriverIRQHandler
                0x000000000000026a                RTC_DriverIRQHandler
                0x000000000000026a                Read_Collision_DriverIRQHandler
                0x000000000000026a                SWI_DriverIRQHandler
                0x000000000000026a                UART4_ERR_DriverIRQHandler
                0x000000000000026a                ENET_Receive_DriverIRQHandler
                0x000000000000026a                ENET_Error_DriverIRQHandler
                0x000000000000026a                Reserved85_DriverIRQHandler
                0x000000000000026a                SPI0_DriverIRQHandler
                0x000000000000026a                ADC0_DriverIRQHandler
                0x000000000000026a                USBHS_DriverIRQHandler
                0x000000000000026a                CMP0_DriverIRQHandler
                0x000000000000026a                CAN0_DriverIRQHandler
                0x000000000000026a                FTM3_DriverIRQHandler
                0x000000000000026a                UART1_ERR_DriverIRQHandler
                0x000000000000026a                ENET_Transmit_DriverIRQHandler
                0x000000000000026a                PORTD_DriverIRQHandler
                0x000000000000026a                Reserved46_DriverIRQHandler
                0x000000000000026a                PORTE_DriverIRQHandler
                0x000000000000026a                FTFE_DriverIRQHandler
                0x000000000000026a                CAN1_DriverIRQHandler
 .after_vectors.init_data
                0x000000000000026c       0x1e ./startup/startup_mk66f18.o
                0x000000000000026c                data_init
 .after_vectors.init_bss
                0x000000000000028a       0x12 ./startup/startup_mk66f18.o
                0x000000000000028a                bss_init
                0x0000000000000400                . = 0x400
 *fill*         0x000000000000029c      0x164 ff
                0x0000000000000400                PROVIDE (__FLASH_CONFIG_START__ = .)
 *(SORT_BY_ALIGNMENT(.FlashConfig))
 .FlashConfig   0x0000000000000400       0x10 ./startup/startup_mk66f18.o
                0x0000000000000400                Flash_Config
                0x0000000000000410                PROVIDE (__FLASH_CONFIG_END__ = .)
                0x0000000000000001                ASSERT (! ((__FLASH_CONFIG_START__ == __FLASH_CONFIG_END__)), Linker Flash Config Support Enabled, but no .FlashConfig section provided within application)
 *(SORT_BY_ALIGNMENT(.text*))
 .text.fp_display
                0x0000000000000410      0x964 /usr/local/mcuxpressoide-11.1.1_3241/ide/plugins/com.nxp.mcuxpresso.tools.linux_11.1.0.202001081728/tools/bin/../lib/gcc/arm-none-eabi/8.3.1/../../../../arm-none-eabi/lib/thumb/v7e-m+fp/hard/libcr_c.a(fpprintf.o)
 *fill*         0x0000000000000d74        0x4 ff
 .text._frexpl  0x0000000000000d78       0x68 /usr/local/mcuxpressoide-11.1.1_3241/ide/plugins/com.nxp.mcuxpresso.tools.linux_11.1.0.202001081728/tools/bin/../lib/gcc/arm-none-eabi/8.3.1/../../../../arm-none-eabi/lib/thumb/v7e-m+fp/hard/libcr_c.a(_frexpl.o)
                0x0000000000000d78                _frexpl
 .text._ldexpl  0x0000000000000de0       0x5c /usr/local/mcuxpressoide-11.1.1_3241/ide/plugins/com.nxp.mcuxpresso.tools.linux_11.1.0.202001081728/tools/bin/../lib/gcc/arm-none-eabi/8.3.1/../../../../arm-none-eabi/lib/thumb/v7e-m+fp/hard/libcr_c.a(_ldexpl.o)
                0x0000000000000de0                _ldexpl
 .text.__assertion_failed
                0x0000000000000e3c       0x14 ./utilities/fsl_assert.o
                0x0000000000000e3c                __assertion_failed
 .text.PlaybackSine
                0x0000000000000e50      0x1c0 ./source/playbackSineWave.o
                0x0000000000000e50                PlaybackSine
 .text.RecordPlayback
                0x0000000000001010      0x114 ./source/recordPlayback.o
                0x0000000000001010                RecordPlayback
 .text.RecordSDCard
                0x0000000000001124      0x2d4 ./source/recordtoSdcard.o
                0x0000000000001124                RecordSDCard
 .text.rxCallback
                0x00000000000013f8       0x40 ./source/sai.o
 .text.txCallback
                0x0000000000001438       0x40 ./source/sai.o
 .text.main     0x0000000000001478      0x374 ./source/sai.o
                0x0000000000001478                main
 .text.I2S0_Tx_IRQHandler
                0x00000000000017ec       0x24 ./source/sai.o
                0x00000000000017ec                I2S0_Tx_IRQHandler
 .text.I2S0_Rx_IRQHandler
                0x0000000000001810       0x28 ./source/sai.o
                0x0000000000001810                I2S0_Rx_IRQHandler
 .text.SD_Transfer
                0x0000000000001838       0x84 ./sdmmc/src/fsl_sd.o
 .text.SD_WaitWriteComplete
                0x00000000000018bc       0x5c ./sdmmc/src/fsl_sd.o
 .text.SD_SwitchFunction
                0x0000000000001918       0x74 ./sdmmc/src/fsl_sd.o
 .text.SD_SelectFunction
                0x000000000000198c      0x188 ./sdmmc/src/fsl_sd.o
 .text.SD_ReadStatus
                0x0000000000001b14      0x144 ./sdmmc/src/fsl_sd.o
                0x0000000000001b14                SD_ReadStatus
 .text.SD_SelectCard
                0x0000000000001c58       0x1c ./sdmmc/src/fsl_sd.o
                0x0000000000001c58                SD_SelectCard
 .text.SD_ReadBlocks
                0x0000000000001c74      0x1a0 ./sdmmc/src/fsl_sd.o
                0x0000000000001c74                SD_ReadBlocks
 .text.SD_WriteBlocks
                0x0000000000001e14      0x228 ./sdmmc/src/fsl_sd.o
                0x0000000000001e14                SD_WriteBlocks
 .text.SD_ProbeBusVoltage
                0x000000000000203c      0x188 ./sdmmc/src/fsl_sd.o
                0x000000000000203c                SD_ProbeBusVoltage
 .text.SD_CardInit
                0x00000000000021c4      0x5ac ./sdmmc/src/fsl_sd.o
                0x00000000000021c4                SD_CardInit
 .text.SD_CardDeinit
                0x0000000000002770       0x18 ./sdmmc/src/fsl_sd.o
                0x0000000000002770                SD_CardDeinit
 .text.SD_HostInit
                0x0000000000002788       0x30 ./sdmmc/src/fsl_sd.o
                0x0000000000002788                SD_HostInit
 .text.SDMMC_SelectCard
                0x00000000000027b8       0x58 ./sdmmc/src/fsl_sdmmc_common.o
                0x00000000000027b8                SDMMC_SelectCard
 .text.SDMMC_SendApplicationCommand
                0x0000000000002810       0x68 ./sdmmc/src/fsl_sdmmc_common.o
                0x0000000000002810                SDMMC_SendApplicationCommand
 .text.SDMMC_GoIdle
                0x0000000000002878       0x38 ./sdmmc/src/fsl_sdmmc_common.o
                0x0000000000002878                SDMMC_GoIdle
 .text.SDMMC_SetBlockSize
                0x00000000000028b0       0x50 ./sdmmc/src/fsl_sdmmc_common.o
                0x00000000000028b0                SDMMC_SetBlockSize
 .text.SDMMC_SwitchToVoltage
                0x0000000000002900       0x14 ./sdmmc/src/fsl_sdmmc_common.o
                0x0000000000002900                SDMMC_SwitchToVoltage
 .text.SDMMCEVENT_GetInstance
                0x0000000000002914       0x18 ./sdmmc/port/fsl_sdmmc_event.o
 .text.SDMMCEVENT_InitTimer
                0x000000000000292c       0x3c ./sdmmc/port/fsl_sdmmc_event.o
                0x000000000000292c                SDMMCEVENT_InitTimer
 .text.SysTick_Handler
                0x0000000000002968       0x10 ./sdmmc/port/fsl_sdmmc_event.o
                0x0000000000002968                SysTick_Handler
 .text.SDMMCEVENT_Wait
                0x0000000000002978       0x3c ./sdmmc/port/fsl_sdmmc_event.o
                0x0000000000002978                SDMMCEVENT_Wait
 .text.SDMMCEVENT_Delay
                0x00000000000029b4       0x18 ./sdmmc/port/fsl_sdmmc_event.o
                0x00000000000029b4                SDMMCEVENT_Delay
 .text.SDMMCHOST_NotifyCardInsertStatus
                0x00000000000029cc       0x34 ./sdmmc/port/fsl_sdmmc_host.o
 .text.SDMMCHOST_DetectCardRemoveByHost
                0x0000000000002a00       0x20 ./sdmmc/port/fsl_sdmmc_host.o
 .text.SDMMCHOST_DetectCardInsertByHost
                0x0000000000002a20       0x30 ./sdmmc/port/fsl_sdmmc_host.o
 .text.SDMMCHOST_TransferCompleteCallback
                0x0000000000002a50       0x20 ./sdmmc/port/fsl_sdmmc_host.o
 .text.SDMMCHOST_TransferFunction
                0x0000000000002a70       0x60 ./sdmmc/port/fsl_sdmmc_host.o
 .text.PORTD_IRQHandler
                0x0000000000002ad0       0x40 ./sdmmc/port/fsl_sdmmc_host.o
                0x0000000000002ad0                PORTD_IRQHandler
 .text.SDMMCHOST_WaitCardDetectStatus
                0x0000000000002b10       0x40 ./sdmmc/port/fsl_sdmmc_host.o
                0x0000000000002b10                SDMMCHOST_WaitCardDetectStatus
 .text.SDMMCHOST_Init
                0x0000000000002b50       0xf4 ./sdmmc/port/fsl_sdmmc_host.o
                0x0000000000002b50                SDMMCHOST_Init
 .text.sd_disk_write
                0x0000000000002c44       0x1c ./fatfs/source/fsl_sd_disk/fsl_sd_disk.o
                0x0000000000002c44                sd_disk_write
 .text.sd_disk_read
                0x0000000000002c60       0x1c ./fatfs/source/fsl_sd_disk/fsl_sd_disk.o
                0x0000000000002c60                sd_disk_read
 .text.sd_disk_ioctl
                0x0000000000002c7c       0x58 ./fatfs/source/fsl_sd_disk/fsl_sd_disk.o
                0x0000000000002c7c                sd_disk_ioctl
 .text.sd_disk_initialize
                0x0000000000002cd4       0x54 ./fatfs/source/fsl_sd_disk/fsl_sd_disk.o
                0x0000000000002cd4                sd_disk_initialize
 .text.get_ldnumber
                0x0000000000002d28       0x5c ./fatfs/source/ff.o
 .text.check_fs
                0x0000000000002d84       0x78 ./fatfs/source/ff.o
 .text.find_volume
                0x0000000000002dfc      0x374 ./fatfs/source/ff.o
 .text.follow_path
                0x0000000000003170      0x248 ./fatfs/source/ff.o
 .text.f_mount  0x00000000000033b8       0x50 ./fatfs/source/ff.o
                0x00000000000033b8                f_mount
 .text.f_chdrive
                0x0000000000003408       0x24 ./fatfs/source/ff.o
                0x0000000000003408                f_chdrive
 .text.f_mkfs   0x000000000000342c      0x758 ./fatfs/source/ff.o
                0x000000000000342c                f_mkfs
 .text.CLOCK_GetInternalRefClkSelectFreq
                0x0000000000003b84       0x2c ./drivers/fsl_clock.o
 .text.CLOCK_GetMcgExtClkFreq
                0x0000000000003bb0       0x58 ./drivers/fsl_clock.o
 .text.CLOCK_GetFllExtRefClkFreq
                0x0000000000003c08       0x60 ./drivers/fsl_clock.o
 .text.CLOCK_GetOsc0ErClkUndivFreq
                0x0000000000003c68       0x30 ./drivers/fsl_clock.o
                0x0000000000003c68                CLOCK_GetOsc0ErClkUndivFreq
 .text.CLOCK_GetOsc0ErClkDivFreq
                0x0000000000003c98       0x38 ./drivers/fsl_clock.o
                0x0000000000003c98                CLOCK_GetOsc0ErClkDivFreq
 .text.CLOCK_GetEr32kClkFreq
                0x0000000000003cd0       0x4c ./drivers/fsl_clock.o
                0x0000000000003cd0                CLOCK_GetEr32kClkFreq
 .text.CLOCK_SetSimConfig
                0x0000000000003d1c       0x54 ./drivers/fsl_clock.o
                0x0000000000003d1c                CLOCK_SetSimConfig
 .text.CLOCK_GetFllFreq
                0x0000000000003d70       0x5c ./drivers/fsl_clock.o
                0x0000000000003d70                CLOCK_GetFllFreq
 .text.CLOCK_GetInternalRefClkFreq
                0x0000000000003dcc       0x1c ./drivers/fsl_clock.o
                0x0000000000003dcc                CLOCK_GetInternalRefClkFreq
 .text.CLOCK_GetPll0Freq
                0x0000000000003de8       0x44 ./drivers/fsl_clock.o
                0x0000000000003de8                CLOCK_GetPll0Freq
 .text.CLOCK_GetPllFllSelClkFreq
                0x0000000000003e2c       0x5c ./drivers/fsl_clock.o
                0x0000000000003e2c                CLOCK_GetPllFllSelClkFreq
 .text.CLOCK_GetOutClkFreq
                0x0000000000003e88       0x50 ./drivers/fsl_clock.o
                0x0000000000003e88                CLOCK_GetOutClkFreq
 .text.CLOCK_GetCoreSysClkFreq
                0x0000000000003ed8       0x1c ./drivers/fsl_clock.o
                0x0000000000003ed8                CLOCK_GetCoreSysClkFreq
 .text.CLOCK_GetFixedFreqClkFreq
                0x0000000000003ef4       0x30 ./drivers/fsl_clock.o
                0x0000000000003ef4                CLOCK_GetFixedFreqClkFreq
 .text.CLOCK_GetFreq
                0x0000000000003f24       0xc4 ./drivers/fsl_clock.o
                0x0000000000003f24                CLOCK_GetFreq
 .text.CLOCK_SetExternalRefClkConfig
                0x0000000000003fe8       0x34 ./drivers/fsl_clock.o
                0x0000000000003fe8                CLOCK_SetExternalRefClkConfig
 .text.CLOCK_SetInternalRefClkConfig
                0x000000000000401c       0x8c ./drivers/fsl_clock.o
                0x000000000000401c                CLOCK_SetInternalRefClkConfig
 .text.CLOCK_EnablePll0
                0x00000000000040a8       0x48 ./drivers/fsl_clock.o
                0x00000000000040a8                CLOCK_EnablePll0
 .text.CLOCK_InitOsc0
                0x00000000000040f0       0x78 ./drivers/fsl_clock.o
                0x00000000000040f0                CLOCK_InitOsc0
 .text.CLOCK_SetPbeMode
                0x0000000000004168       0x88 ./drivers/fsl_clock.o
                0x0000000000004168                CLOCK_SetPbeMode
 .text.CLOCK_BootToPeeMode
                0x00000000000041f0       0x40 ./drivers/fsl_clock.o
                0x00000000000041f0                CLOCK_BootToPeeMode
 .text.DMAMUX_GetInstance
                0x0000000000004230       0x1c ./drivers/fsl_dmamux.o
 .text.DMAMUX_Init
                0x000000000000424c       0x18 ./drivers/fsl_dmamux.o
                0x000000000000424c                DMAMUX_Init
 .text.EDMA_GetInstance
                0x0000000000004264       0x1c ./drivers/fsl_edma.o
 .text.EDMA_InstallTCD
                0x0000000000004280       0x9c ./drivers/fsl_edma.o
                0x0000000000004280                EDMA_InstallTCD
 .text.EDMA_Init
                0x000000000000431c       0x58 ./drivers/fsl_edma.o
                0x000000000000431c                EDMA_Init
 .text.EDMA_GetDefaultConfig
                0x0000000000004374       0x28 ./drivers/fsl_edma.o
                0x0000000000004374                EDMA_GetDefaultConfig
 .text.EDMA_TcdReset
                0x000000000000439c       0x3c ./drivers/fsl_edma.o
                0x000000000000439c                EDMA_TcdReset
 .text.EDMA_TcdSetTransferConfig
                0x00000000000043d8       0x84 ./drivers/fsl_edma.o
                0x00000000000043d8                EDMA_TcdSetTransferConfig
 .text.EDMA_SetTransferConfig
                0x000000000000445c       0x40 ./drivers/fsl_edma.o
                0x000000000000445c                EDMA_SetTransferConfig
 .text.EDMA_GetChannelStatusFlags
                0x000000000000449c       0x3c ./drivers/fsl_edma.o
                0x000000000000449c                EDMA_GetChannelStatusFlags
 .text.EDMA_CreateHandle
                0x00000000000044d8       0xb0 ./drivers/fsl_edma.o
                0x00000000000044d8                EDMA_CreateHandle
 .text.EDMA_InstallTCDMemory
                0x0000000000004588       0x34 ./drivers/fsl_edma.o
                0x0000000000004588                EDMA_InstallTCDMemory
 .text.EDMA_SetCallback
                0x00000000000045bc       0x14 ./drivers/fsl_edma.o
                0x00000000000045bc                EDMA_SetCallback
 .text.EDMA_PrepareTransferConfig
                0x00000000000045d0      0x15c ./drivers/fsl_edma.o
                0x00000000000045d0                EDMA_PrepareTransferConfig
 .text.EDMA_PrepareTransfer
                0x000000000000472c       0x60 ./drivers/fsl_edma.o
                0x000000000000472c                EDMA_PrepareTransfer
 .text.EDMA_SubmitTransfer
                0x000000000000478c      0x188 ./drivers/fsl_edma.o
                0x000000000000478c                EDMA_SubmitTransfer
 .text.EDMA_StartTransfer
                0x0000000000004914       0x64 ./drivers/fsl_edma.o
                0x0000000000004914                EDMA_StartTransfer
 .text.EDMA_HandleIRQ
                0x0000000000004978       0xb4 ./drivers/fsl_edma.o
                0x0000000000004978                EDMA_HandleIRQ
 .text.DMA0_DMA16_DriverIRQHandler
                0x0000000000004a2c       0x40 ./drivers/fsl_edma.o
                0x0000000000004a2c                DMA0_DMA16_DriverIRQHandler
 .text.DMA1_DMA17_DriverIRQHandler
                0x0000000000004a6c       0x40 ./drivers/fsl_edma.o
                0x0000000000004a6c                DMA1_DMA17_DriverIRQHandler
 .text.DMA2_DMA18_DriverIRQHandler
                0x0000000000004aac       0x40 ./drivers/fsl_edma.o
                0x0000000000004aac                DMA2_DMA18_DriverIRQHandler
 .text.DMA3_DMA19_DriverIRQHandler
                0x0000000000004aec       0x40 ./drivers/fsl_edma.o
                0x0000000000004aec                DMA3_DMA19_DriverIRQHandler
 .text.DMA4_DMA20_DriverIRQHandler
                0x0000000000004b2c       0x40 ./drivers/fsl_edma.o
                0x0000000000004b2c                DMA4_DMA20_DriverIRQHandler
 .text.DMA5_DMA21_DriverIRQHandler
                0x0000000000004b6c       0x40 ./drivers/fsl_edma.o
                0x0000000000004b6c                DMA5_DMA21_DriverIRQHandler
 .text.DMA6_DMA22_DriverIRQHandler
                0x0000000000004bac       0x40 ./drivers/fsl_edma.o
                0x0000000000004bac                DMA6_DMA22_DriverIRQHandler
 .text.DMA7_DMA23_DriverIRQHandler
                0x0000000000004bec       0x40 ./drivers/fsl_edma.o
                0x0000000000004bec                DMA7_DMA23_DriverIRQHandler
 .text.DMA8_DMA24_DriverIRQHandler
                0x0000000000004c2c       0x40 ./drivers/fsl_edma.o
                0x0000000000004c2c                DMA8_DMA24_DriverIRQHandler
 .text.DMA9_DMA25_DriverIRQHandler
                0x0000000000004c6c       0x40 ./drivers/fsl_edma.o
                0x0000000000004c6c                DMA9_DMA25_DriverIRQHandler
 .text.DMA10_DMA26_DriverIRQHandler
                0x0000000000004cac       0x40 ./drivers/fsl_edma.o
                0x0000000000004cac                DMA10_DMA26_DriverIRQHandler
 .text.DMA11_DMA27_DriverIRQHandler
                0x0000000000004cec       0x40 ./drivers/fsl_edma.o
                0x0000000000004cec                DMA11_DMA27_DriverIRQHandler
 .text.DMA12_DMA28_DriverIRQHandler
                0x0000000000004d2c       0x40 ./drivers/fsl_edma.o
                0x0000000000004d2c                DMA12_DMA28_DriverIRQHandler
 .text.DMA13_DMA29_DriverIRQHandler
                0x0000000000004d6c       0x40 ./drivers/fsl_edma.o
                0x0000000000004d6c                DMA13_DMA29_DriverIRQHandler
 .text.DMA14_DMA30_DriverIRQHandler
                0x0000000000004dac       0x40 ./drivers/fsl_edma.o
                0x0000000000004dac                DMA14_DMA30_DriverIRQHandler
 .text.DMA15_DMA31_DriverIRQHandler
                0x0000000000004dec       0x40 ./drivers/fsl_edma.o
                0x0000000000004dec                DMA15_DMA31_DriverIRQHandler
 .text.I2C_TransferCommonIRQHandler
                0x0000000000004e2c       0x28 ./drivers/fsl_i2c.o
 .text.I2C_GetInstance
                0x0000000000004e54       0x40 ./drivers/fsl_i2c.o
                0x0000000000004e54                I2C_GetInstance
 .text.I2C_MasterGetDefaultConfig
                0x0000000000004e94       0x2c ./drivers/fsl_i2c.o
                0x0000000000004e94                I2C_MasterGetDefaultConfig
 .text.I2C_MasterSetBaudRate
                0x0000000000004ec0       0x70 ./drivers/fsl_i2c.o
                0x0000000000004ec0                I2C_MasterSetBaudRate
 .text.I2C_MasterInit
                0x0000000000004f30       0xa4 ./drivers/fsl_i2c.o
                0x0000000000004f30                I2C_MasterInit
 .text.I2C_MasterTransferBlocking
                0x0000000000004fd4      0x190 ./drivers/fsl_i2c.o
                0x0000000000004fd4                I2C_MasterTransferBlocking
 .text.I2C0_DriverIRQHandler
                0x0000000000005164       0x18 ./drivers/fsl_i2c.o
                0x0000000000005164                I2C0_DriverIRQHandler
 .text.I2C1_DriverIRQHandler
                0x000000000000517c       0x18 ./drivers/fsl_i2c.o
                0x000000000000517c                I2C1_DriverIRQHandler
 .text.I2C2_DriverIRQHandler
                0x0000000000005194       0x18 ./drivers/fsl_i2c.o
                0x0000000000005194                I2C2_DriverIRQHandler
 .text.I2C3_DriverIRQHandler
                0x00000000000051ac       0x18 ./drivers/fsl_i2c.o
                0x00000000000051ac                I2C3_DriverIRQHandler
 .text.LPUART0_DriverIRQHandler
                0x00000000000051c4       0x20 ./drivers/fsl_lpuart.o
                0x00000000000051c4                LPUART0_DriverIRQHandler
 .text.SAI_GetInstance
                0x00000000000051e4       0x1c ./drivers/fsl_sai.o
 .text.SAI_SetMasterClockDivider
                0x0000000000005200       0xbc ./drivers/fsl_sai.o
 .text.SAI_GetCommonConfig
                0x00000000000052bc       0x5c ./drivers/fsl_sai.o
 .text.SAI_Init
                0x0000000000005318       0x34 ./drivers/fsl_sai.o
                0x0000000000005318                SAI_Init
 .text.SAI_TxSetBitClockRate
                0x000000000000534c       0x3c ./drivers/fsl_sai.o
                0x000000000000534c                SAI_TxSetBitClockRate
 .text.SAI_RxSetBitClockRate
                0x0000000000005388       0x40 ./drivers/fsl_sai.o
                0x0000000000005388                SAI_RxSetBitClockRate
 .text.SAI_TxSetBitclockConfig
                0x00000000000053c8       0x48 ./drivers/fsl_sai.o
                0x00000000000053c8                SAI_TxSetBitclockConfig
 .text.SAI_RxSetBitclockConfig
                0x0000000000005410       0x4c ./drivers/fsl_sai.o
                0x0000000000005410                SAI_RxSetBitclockConfig
 .text.SAI_SetMasterClockConfig
                0x000000000000545c       0x48 ./drivers/fsl_sai.o
                0x000000000000545c                SAI_SetMasterClockConfig
 .text.SAI_TxSetFifoConfig
                0x00000000000054a4       0x54 ./drivers/fsl_sai.o
                0x00000000000054a4                SAI_TxSetFifoConfig
 .text.SAI_RxSetFifoConfig
                0x00000000000054f8       0x54 ./drivers/fsl_sai.o
                0x00000000000054f8                SAI_RxSetFifoConfig
 .text.SAI_TxSetFrameSyncConfig
                0x000000000000554c       0x54 ./drivers/fsl_sai.o
                0x000000000000554c                SAI_TxSetFrameSyncConfig
 .text.SAI_RxSetFrameSyncConfig
                0x00000000000055a0       0x58 ./drivers/fsl_sai.o
                0x00000000000055a0                SAI_RxSetFrameSyncConfig
 .text.SAI_TxSetSerialDataConfig
                0x00000000000055f8       0x64 ./drivers/fsl_sai.o
                0x00000000000055f8                SAI_TxSetSerialDataConfig
 .text.SAI_RxSetSerialDataConfig
                0x000000000000565c       0x64 ./drivers/fsl_sai.o
                0x000000000000565c                SAI_RxSetSerialDataConfig
 .text.SAI_TxSetConfig
                0x00000000000056c0       0xdc ./drivers/fsl_sai.o
                0x00000000000056c0                SAI_TxSetConfig
 .text.SAI_RxSetConfig
                0x000000000000579c       0xec ./drivers/fsl_sai.o
                0x000000000000579c                SAI_RxSetConfig
 .text.SAI_TransferTxCreateHandleEDMA
                0x0000000000005888       0x6c ./drivers/fsl_sai_edma.o
                0x0000000000005888                SAI_TransferTxCreateHandleEDMA
 .text.SAI_TransferRxCreateHandleEDMA
                0x00000000000058f4       0x70 ./drivers/fsl_sai_edma.o
                0x00000000000058f4                SAI_TransferRxCreateHandleEDMA
 .text.SAI_TransferTxSetConfigEDMA
                0x0000000000005964       0x40 ./drivers/fsl_sai_edma.o
                0x0000000000005964                SAI_TransferTxSetConfigEDMA
 .text.SAI_TransferRxSetConfigEDMA
                0x00000000000059a4       0x40 ./drivers/fsl_sai_edma.o
                0x00000000000059a4                SAI_TransferRxSetConfigEDMA
 .text.SAI_TransferSendEDMA
                0x00000000000059e4       0xfc ./drivers/fsl_sai_edma.o
                0x00000000000059e4                SAI_TransferSendEDMA
 .text.SAI_TransferReceiveEDMA
                0x0000000000005ae0      0x104 ./drivers/fsl_sai_edma.o
                0x0000000000005ae0                SAI_TransferReceiveEDMA
 .text.SAI_TransferAbortSendEDMA
                0x0000000000005be4       0x70 ./drivers/fsl_sai_edma.o
                0x0000000000005be4                SAI_TransferAbortSendEDMA
 .text.SAI_TransferAbortReceiveEDMA
                0x0000000000005c54       0x84 ./drivers/fsl_sai_edma.o
                0x0000000000005c54                SAI_TransferAbortReceiveEDMA
 .text.SAI_TransferTerminateSendEDMA
                0x0000000000005cd8       0x44 ./drivers/fsl_sai_edma.o
                0x0000000000005cd8                SAI_TransferTerminateSendEDMA
 .text.SAI_TransferTerminateReceiveEDMA
                0x0000000000005d1c       0x44 ./drivers/fsl_sai_edma.o
                0x0000000000005d1c                SAI_TransferTerminateReceiveEDMA
 .text.SDHC_GetInstance
                0x0000000000005d60       0x1c ./drivers/fsl_sdhc.o
 .text.SDHC_ReceiveCommandResponse
                0x0000000000005d7c       0x74 ./drivers/fsl_sdhc.o
 .text.SDHC_TransferHandleIRQ
                0x0000000000005df0      0x168 ./drivers/fsl_sdhc.o
                0x0000000000005df0                SDHC_TransferHandleIRQ
 .text.SDHC_Init
                0x0000000000005f58       0xb4 ./drivers/fsl_sdhc.o
                0x0000000000005f58                SDHC_Init
 .text.SDHC_GetCapability
                0x000000000000600c       0x40 ./drivers/fsl_sdhc.o
                0x000000000000600c                SDHC_GetCapability
 .text.SDHC_SetSdClock
                0x000000000000604c       0xe0 ./drivers/fsl_sdhc.o
                0x000000000000604c                SDHC_SetSdClock
 .text.SDHC_SetTransferConfig
                0x000000000000612c       0x64 ./drivers/fsl_sdhc.o
                0x000000000000612c                SDHC_SetTransferConfig
 .text.SDHC_SetAdmaTableConfig
                0x0000000000006190       0xbc ./drivers/fsl_sdhc.o
                0x0000000000006190                SDHC_SetAdmaTableConfig
 .text.SDHC_TransferCreateHandle
                0x000000000000624c       0x74 ./drivers/fsl_sdhc.o
                0x000000000000624c                SDHC_TransferCreateHandle
 .text.SDHC_TransferNonBlocking
                0x00000000000062c0       0xfc ./drivers/fsl_sdhc.o
                0x00000000000062c0                SDHC_TransferNonBlocking
 .text.SDHC_DriverIRQHandler
                0x00000000000063bc       0x2c ./drivers/fsl_sdhc.o
                0x00000000000063bc                SDHC_DriverIRQHandler
 .text.UART0_DriverIRQHandler
                0x00000000000063e8       0x20 ./drivers/fsl_uart.o
                0x00000000000063e8                UART0_DriverIRQHandler
 .text.UART1_DriverIRQHandler
                0x0000000000006408       0x20 ./drivers/fsl_uart.o
                0x0000000000006408                UART1_DriverIRQHandler
 .text.UART2_DriverIRQHandler
                0x0000000000006428       0x20 ./drivers/fsl_uart.o
                0x0000000000006428                UART2_DriverIRQHandler
 .text.UART3_DriverIRQHandler
                0x0000000000006448       0x20 ./drivers/fsl_uart.o
                0x0000000000006448                UART3_DriverIRQHandler
 .text.UART4_DriverIRQHandler
                0x0000000000006468       0x20 ./drivers/fsl_uart.o
                0x0000000000006468                UART4_DriverIRQHandler
 .text.SystemInit
                0x0000000000006488       0x34 ./device/system_MK66F18.o
                0x0000000000006488                SystemInit
 .text.HAL_I2cMasterInit
                0x00000000000064bc       0x50 ./component/i2c/i2c_adapter.o
                0x00000000000064bc                HAL_I2cMasterInit
 .text.HAL_I2cMasterTransferBlocking
                0x000000000000650c       0x64 ./component/i2c/i2c_adapter.o
                0x000000000000650c                HAL_I2cMasterTransferBlocking
 .text.HAL_CODEC_Init
                0x0000000000006570       0x24 ./codec/fsl_codec_adapter.o
                0x0000000000006570                HAL_CODEC_Init
 .text.HAL_CODEC_Deinit
                0x0000000000006594       0x18 ./codec/fsl_codec_adapter.o
                0x0000000000006594                HAL_CODEC_Deinit
 .text.CODEC_Init
                0x00000000000065ac       0x18 ./codec/fsl_codec_common.o
                0x00000000000065ac                CODEC_Init
 .text.CODEC_Deinit
                0x00000000000065c4       0x18 ./codec/fsl_codec_common.o
                0x00000000000065c4                CODEC_Deinit
 .text.DA7212_WriteRegister
                0x00000000000065dc       0x3c ./codec/fsl_dialog7212.o
                0x00000000000065dc                DA7212_WriteRegister
 .text.DA7212_ReadRegister
                0x0000000000006618       0x34 ./codec/fsl_dialog7212.o
                0x0000000000006618                DA7212_ReadRegister
 .text.DA7212_ConfigAudioFormat
                0x000000000000664c      0x390 ./codec/fsl_dialog7212.o
                0x000000000000664c                DA7212_ConfigAudioFormat
 .text.DA7212_Init
                0x00000000000069dc       0xb8 ./codec/fsl_dialog7212.o
                0x00000000000069dc                DA7212_Init
 .text.BOARD_BootClockRUN
                0x0000000000006a94       0x6c ./board/clock_config.o
                0x0000000000006a94                BOARD_BootClockRUN
 .text.BOARD_InitPins
                0x0000000000006b00      0x128 ./board/pin_mux.o
                0x0000000000006b00                BOARD_InitPins
 .text.arm_max_f32
                0x0000000000006c28       0xd8 /home/apopa/Documents/MCUXpresso_11.1.1_3241/workspace/frdmk66f_sai/libs/libarm_cortexM4lf_math.a(arm_max_f32.o)
                0x0000000000006c28                arm_max_f32
 .text.arm_cfft_radix2_init_f32
                0x0000000000006d00      0x12c /home/apopa/Documents/MCUXpresso_11.1.1_3241/workspace/frdmk66f_sai/libs/libarm_cortexM4lf_math.a(arm_cfft_radix2_init_f32.o)
                0x0000000000006d00                arm_cfft_radix2_init_f32
 .text.arm_radix2_butterfly_f32
                0x0000000000006e2c      0x178 /home/apopa/Documents/MCUXpresso_11.1.1_3241/workspace/frdmk66f_sai/libs/libarm_cortexM4lf_math.a(arm_cfft_radix2_f32.o)
                0x0000000000006e2c                arm_radix2_butterfly_f32
 .text.arm_radix2_butterfly_inverse_f32
                0x0000000000006fa4      0x188 /home/apopa/Documents/MCUXpresso_11.1.1_3241/workspace/frdmk66f_sai/libs/libarm_cortexM4lf_math.a(arm_cfft_radix2_f32.o)
                0x0000000000006fa4                arm_radix2_butterfly_inverse_f32
 .text.arm_cfft_radix2_f32
                0x000000000000712c       0x40 /home/apopa/Documents/MCUXpresso_11.1.1_3241/workspace/frdmk66f_sai/libs/libarm_cortexM4lf_math.a(arm_cfft_radix2_f32.o)
                0x000000000000712c                arm_cfft_radix2_f32
 .text.arm_bitreversal_f32
                0x000000000000716c       0xe0 /home/apopa/Documents/MCUXpresso_11.1.1_3241/workspace/frdmk66f_sai/libs/libarm_cortexM4lf_math.a(arm_bitreversal.o)
                0x000000000000716c                arm_bitreversal_f32
 .text.arm_cmplx_mag_f32
                0x000000000000724c      0x248 /home/apopa/Documents/MCUXpresso_11.1.1_3241/workspace/frdmk66f_sai/libs/libarm_cortexM4lf_math.a(arm_cmplx_mag_f32.o)
                0x000000000000724c                arm_cmplx_mag_f32
 .text.arm_sin_q15
                0x0000000000007494       0x38 /home/apopa/Documents/MCUXpresso_11.1.1_3241/workspace/frdmk66f_sai/libs/libarm_cortexM4lf_math.a(arm_sin_q15.o)
                0x0000000000007494                arm_sin_q15
 .text.__filbuf
                0x00000000000074cc      0x178 /usr/local/mcuxpressoide-11.1.1_3241/ide/plugins/com.nxp.mcuxpresso.tools.linux_11.1.0.202001081728/tools/bin/../lib/gcc/arm-none-eabi/8.3.1/../../../../arm-none-eabi/lib/thumb/v7e-m+fp/hard/libcr_c.a(__fillbuf.o)
                0x00000000000074cc                __filbuf
 .text._Cwritebuf
                0x0000000000007644       0x6c /usr/local/mcuxpressoide-11.1.1_3241/ide/plugins/com.nxp.mcuxpresso.tools.linux_11.1.0.202001081728/tools/bin/../lib/gcc/arm-none-eabi/8.3.1/../../../../arm-none-eabi/lib/thumb/v7e-m+fp/hard/libcr_c.a(_writebuf.o)
                0x0000000000007644                _Cwritebuf
 .text.malloc   0x00000000000076b0       0xc8 /usr/local/mcuxpressoide-11.1.1_3241/ide/plugins/com.nxp.mcuxpresso.tools.linux_11.1.0.202001081728/tools/bin/../lib/gcc/arm-none-eabi/8.3.1/../../../../arm-none-eabi/lib/thumb/v7e-m+fp/hard/libcr_c.a(alloc.o)
                0x00000000000076b0                malloc
 .text._Csys_alloc
                0x0000000000007778       0x20 /usr/local/mcuxpressoide-11.1.1_3241/ide/plugins/com.nxp.mcuxpresso.tools.linux_11.1.0.202001081728/tools/bin/../lib/gcc/arm-none-eabi/8.3.1/../../../../arm-none-eabi/lib/thumb/v7e-m+fp/hard/libcr_c.a(alloc.o)
                0x0000000000007778                _Csys_alloc
 .text.sprintf  0x0000000000007798       0x6c /usr/local/mcuxpressoide-11.1.1_3241/ide/plugins/com.nxp.mcuxpresso.tools.linux_11.1.0.202001081728/tools/bin/../lib/gcc/arm-none-eabi/8.3.1/../../../../arm-none-eabi/lib/thumb/v7e-m+fp/hard/libcr_c.a(fpprintf.o)
                0x0000000000007798                sprintf
 .text.vsnprintf
                0x0000000000007804       0x68 /usr/local/mcuxpressoide-11.1.1_3241/ide/plugins/com.nxp.mcuxpresso.tools.linux_11.1.0.202001081728/tools/bin/../lib/gcc/arm-none-eabi/8.3.1/../../../../arm-none-eabi/lib/thumb/v7e-m+fp/hard/libcr_c.a(fpprintf.o)
                0x0000000000007804                vsnprintf
 .text.printf   0x000000000000786c       0x54 /usr/local/mcuxpressoide-11.1.1_3241/ide/plugins/com.nxp.mcuxpresso.tools.linux_11.1.0.202001081728/tools/bin/../lib/gcc/arm-none-eabi/8.3.1/../../../../arm-none-eabi/lib/thumb/v7e-m+fp/hard/libcr_c.a(fpprintf.o)
                0x000000000000786c                printf
 .text.fseek    0x00000000000078c0      0x100 /usr/local/mcuxpressoide-11.1.1_3241/ide/plugins/com.nxp.mcuxpresso.tools.linux_11.1.0.202001081728/tools/bin/../lib/gcc/arm-none-eabi/8.3.1/../../../../arm-none-eabi/lib/thumb/v7e-m+fp/hard/libcr_c.a(fseek.o)
                0x00000000000078c0                fseek
 .text.ftell    0x00000000000079c0       0x48 /usr/local/mcuxpressoide-11.1.1_3241/ide/plugins/com.nxp.mcuxpresso.tools.linux_11.1.0.202001081728/tools/bin/../lib/gcc/arm-none-eabi/8.3.1/../../../../arm-none-eabi/lib/thumb/v7e-m+fp/hard/libcr_c.a(ftell.o)
                0x00000000000079c0                ftell
 .text._initio  0x0000000000007a08       0x78 /usr/local/mcuxpressoide-11.1.1_3241/ide/plugins/com.nxp.mcuxpresso.tools.linux_11.1.0.202001081728/tools/bin/../lib/gcc/arm-none-eabi/8.3.1/../../../../arm-none-eabi/lib/thumb/v7e-m+fp/hard/libcr_c.a(initio.o)
                0x0000000000007a08                _initio
 .text.__vfprintf
                0x0000000000007a80      0xbe0 /usr/local/mcuxpressoide-11.1.1_3241/ide/plugins/com.nxp.mcuxpresso.tools.linux_11.1.0.202001081728/tools/bin/../lib/gcc/arm-none-eabi/8.3.1/../../../../arm-none-eabi/lib/thumb/v7e-m+fp/hard/libcr_c.a(printf.o)
                0x0000000000007a80                __vfprintf
 .text.setvbuf  0x0000000000008660       0x40 /usr/local/mcuxpressoide-11.1.1_3241/ide/plugins/com.nxp.mcuxpresso.tools.linux_11.1.0.202001081728/tools/bin/../lib/gcc/arm-none-eabi/8.3.1/../../../../arm-none-eabi/lib/thumb/v7e-m+fp/hard/libcr_c.a(setvbuf.o)
                0x0000000000008660                setvbuf
 .text._sbrk    0x00000000000086a0       0x3c /usr/local/mcuxpressoide-11.1.1_3241/ide/plugins/com.nxp.mcuxpresso.tools.linux_11.1.0.202001081728/tools/bin/../lib/gcc/arm-none-eabi/8.3.1/../../../../arm-none-eabi/lib/thumb/v7e-m+fp/hard/libcr_c.a(_cr_sbrk.o)
                0x00000000000086a0                _sbrk
 .text.fflush   0x00000000000086dc       0x44 /usr/local/mcuxpressoide-11.1.1_3241/ide/plugins/com.nxp.mcuxpresso.tools.linux_11.1.0.202001081728/tools/bin/../lib/gcc/arm-none-eabi/8.3.1/../../../../arm-none-eabi/lib/thumb/v7e-m+fp/hard/libcr_c.a(fflush.o)
                0x00000000000086dc                fflush
 .text.__check_heap_overflow
                0x0000000000008720       0x18 /usr/local/mcuxpressoide-11.1.1_3241/ide/plugins/com.nxp.mcuxpresso.tools.linux_11.1.0.202001081728/tools/bin/../lib/gcc/arm-none-eabi/8.3.1/../../../../arm-none-eabi/lib/thumb/v7e-m+fp/hard/libcr_c.a(_cr_check_heap.o)
                0x0000000000008720                __check_heap_overflow
 .text.__aeabi_dmul
                0x0000000000008738      0x114 /usr/local/mcuxpressoide-11.1.1_3241/ide/plugins/com.nxp.mcuxpresso.tools.linux_11.1.0.202001081728/tools/bin/../lib/gcc/arm-none-eabi/8.3.1/thumb/v7e-m+fp/hard/libcr_eabihelpers.a(double.o)
                0x0000000000008738                __aeabi_dmul
 .text.__aeabi_ddiv
                0x000000000000884c      0x150 /usr/local/mcuxpressoide-11.1.1_3241/ide/plugins/com.nxp.mcuxpresso.tools.linux_11.1.0.202001081728/tools/bin/../lib/gcc/arm-none-eabi/8.3.1/thumb/v7e-m+fp/hard/libcr_eabihelpers.a(double.o)
                0x000000000000884c                __aeabi_ddiv
 .text.__aeabi_dsub
                0x000000000000899c      0x1ac /usr/local/mcuxpressoide-11.1.1_3241/ide/plugins/com.nxp.mcuxpresso.tools.linux_11.1.0.202001081728/tools/bin/../lib/gcc/arm-none-eabi/8.3.1/thumb/v7e-m+fp/hard/libcr_eabihelpers.a(double.o)
                0x000000000000899c                __aeabi_dsub
 .text.__aeabi_dadd
                0x0000000000008b48      0x114 /usr/local/mcuxpressoide-11.1.1_3241/ide/plugins/com.nxp.mcuxpresso.tools.linux_11.1.0.202001081728/tools/bin/../lib/gcc/arm-none-eabi/8.3.1/thumb/v7e-m+fp/hard/libcr_eabihelpers.a(double.o)
                0x0000000000008b48                __aeabi_dadd
 .text.__aeabi_f2d
                0x0000000000008c5c       0x38 /usr/local/mcuxpressoide-11.1.1_3241/ide/plugins/com.nxp.mcuxpresso.tools.linux_11.1.0.202001081728/tools/bin/../lib/gcc/arm-none-eabi/8.3.1/thumb/v7e-m+fp/hard/libcr_eabihelpers.a(float.o)
                0x0000000000008c5c                __aeabi_f2d
 .text.__sys_appexit
                0x0000000000008c94        0xc /usr/local/mcuxpressoide-11.1.1_3241/ide/plugins/com.nxp.mcuxpresso.tools.linux_11.1.0.202001081728/tools/bin/../lib/gcc/arm-none-eabi/8.3.1/../../../../arm-none-eabi/lib/thumb/v7e-m+fp/hard/libcr_semihost_nf.a(__sys_appexit.o)
                0x0000000000008c94                __exit
                0x0000000000008c94                __sys_appexit
 .text.DMA0_DMA16_IRQHandler
                0x0000000000008ca0        0x8 ./startup/startup_mk66f18.o
                0x0000000000008ca0                DMA0_DMA16_IRQHandler
 .text.DMA1_DMA17_IRQHandler
                0x0000000000008ca8        0x8 ./startup/startup_mk66f18.o
                0x0000000000008ca8                DMA1_DMA17_IRQHandler
 .text.DMA2_DMA18_IRQHandler
                0x0000000000008cb0        0x8 ./startup/startup_mk66f18.o
                0x0000000000008cb0                DMA2_DMA18_IRQHandler
 .text.DMA3_DMA19_IRQHandler
                0x0000000000008cb8        0x8 ./startup/startup_mk66f18.o
                0x0000000000008cb8                DMA3_DMA19_IRQHandler
 .text.DMA4_DMA20_IRQHandler
                0x0000000000008cc0        0x8 ./startup/startup_mk66f18.o
                0x0000000000008cc0                DMA4_DMA20_IRQHandler
 .text.DMA5_DMA21_IRQHandler
                0x0000000000008cc8        0x8 ./startup/startup_mk66f18.o
                0x0000000000008cc8                DMA5_DMA21_IRQHandler
 .text.DMA6_DMA22_IRQHandler
                0x0000000000008cd0        0x8 ./startup/startup_mk66f18.o
                0x0000000000008cd0                DMA6_DMA22_IRQHandler
 .text.DMA7_DMA23_IRQHandler
                0x0000000000008cd8        0x8 ./startup/startup_mk66f18.o
                0x0000000000008cd8                DMA7_DMA23_IRQHandler
 .text.DMA8_DMA24_IRQHandler
                0x0000000000008ce0        0x8 ./startup/startup_mk66f18.o
                0x0000000000008ce0                DMA8_DMA24_IRQHandler
 .text.DMA9_DMA25_IRQHandler
                0x0000000000008ce8        0x8 ./startup/startup_mk66f18.o
                0x0000000000008ce8                DMA9_DMA25_IRQHandler
 .text.DMA10_DMA26_IRQHandler
                0x0000000000008cf0        0x8 ./startup/startup_mk66f18.o
                0x0000000000008cf0                DMA10_DMA26_IRQHandler
 .text.DMA11_DMA27_IRQHandler
                0x0000000000008cf8        0x8 ./startup/startup_mk66f18.o
                0x0000000000008cf8                DMA11_DMA27_IRQHandler
 .text.DMA12_DMA28_IRQHandler
                0x0000000000008d00        0x8 ./startup/startup_mk66f18.o
                0x0000000000008d00                DMA12_DMA28_IRQHandler
 .text.DMA13_DMA29_IRQHandler
                0x0000000000008d08        0x8 ./startup/startup_mk66f18.o
                0x0000000000008d08                DMA13_DMA29_IRQHandler
 .text.DMA14_DMA30_IRQHandler
                0x0000000000008d10        0x8 ./startup/startup_mk66f18.o
                0x0000000000008d10                DMA14_DMA30_IRQHandler
 .text.DMA15_DMA31_IRQHandler
                0x0000000000008d18        0x8 ./startup/startup_mk66f18.o
                0x0000000000008d18                DMA15_DMA31_IRQHandler
 .text.DMA_Error_IRQHandler
                0x0000000000008d20        0x8 ./startup/startup_mk66f18.o
                0x0000000000008d20                DMA_Error_IRQHandler
 .text.MCM_IRQHandler
                0x0000000000008d28        0x8 ./startup/startup_mk66f18.o
                0x0000000000008d28                MCM_IRQHandler
 .text.FTFE_IRQHandler
                0x0000000000008d30        0x8 ./startup/startup_mk66f18.o
                0x0000000000008d30                FTFE_IRQHandler
 .text.Read_Collision_IRQHandler
                0x0000000000008d38        0x8 ./startup/startup_mk66f18.o
                0x0000000000008d38                Read_Collision_IRQHandler
 .text.LVD_LVW_IRQHandler
                0x0000000000008d40        0x8 ./startup/startup_mk66f18.o
                0x0000000000008d40                LVD_LVW_IRQHandler
 .text.LLWU_IRQHandler
                0x0000000000008d48        0x8 ./startup/startup_mk66f18.o
                0x0000000000008d48                LLWU_IRQHandler
 .text.WDOG_EWM_IRQHandler
                0x0000000000008d50        0x8 ./startup/startup_mk66f18.o
                0x0000000000008d50                WDOG_EWM_IRQHandler
 .text.RNG_IRQHandler
                0x0000000000008d58        0x8 ./startup/startup_mk66f18.o
                0x0000000000008d58                RNG_IRQHandler
 .text.I2C0_IRQHandler
                0x0000000000008d60        0x8 ./startup/startup_mk66f18.o
                0x0000000000008d60                I2C0_IRQHandler
 .text.I2C1_IRQHandler
                0x0000000000008d68        0x8 ./startup/startup_mk66f18.o
                0x0000000000008d68                I2C1_IRQHandler
 .text.SPI0_IRQHandler
                0x0000000000008d70        0x8 ./startup/startup_mk66f18.o
                0x0000000000008d70                SPI0_IRQHandler
 .text.SPI1_IRQHandler
                0x0000000000008d78        0x8 ./startup/startup_mk66f18.o
                0x0000000000008d78                SPI1_IRQHandler
 .text.Reserved46_IRQHandler
                0x0000000000008d80        0x8 ./startup/startup_mk66f18.o
                0x0000000000008d80                Reserved46_IRQHandler
 .text.UART0_RX_TX_IRQHandler
                0x0000000000008d88        0x8 ./startup/startup_mk66f18.o
                0x0000000000008d88                UART0_RX_TX_IRQHandler
 .text.UART0_ERR_IRQHandler
                0x0000000000008d90        0x8 ./startup/startup_mk66f18.o
                0x0000000000008d90                UART0_ERR_IRQHandler
 .text.UART1_RX_TX_IRQHandler
                0x0000000000008d98        0x8 ./startup/startup_mk66f18.o
                0x0000000000008d98                UART1_RX_TX_IRQHandler
 .text.UART1_ERR_IRQHandler
                0x0000000000008da0        0x8 ./startup/startup_mk66f18.o
                0x0000000000008da0                UART1_ERR_IRQHandler
 .text.UART2_RX_TX_IRQHandler
                0x0000000000008da8        0x8 ./startup/startup_mk66f18.o
                0x0000000000008da8                UART2_RX_TX_IRQHandler
 .text.UART2_ERR_IRQHandler
                0x0000000000008db0        0x8 ./startup/startup_mk66f18.o
                0x0000000000008db0                UART2_ERR_IRQHandler
 .text.UART3_RX_TX_IRQHandler
                0x0000000000008db8        0x8 ./startup/startup_mk66f18.o
                0x0000000000008db8                UART3_RX_TX_IRQHandler
 .text.UART3_ERR_IRQHandler
                0x0000000000008dc0        0x8 ./startup/startup_mk66f18.o
                0x0000000000008dc0                UART3_ERR_IRQHandler
 .text.ADC0_IRQHandler
                0x0000000000008dc8        0x8 ./startup/startup_mk66f18.o
                0x0000000000008dc8                ADC0_IRQHandler
 .text.CMP0_IRQHandler
                0x0000000000008dd0        0x8 ./startup/startup_mk66f18.o
                0x0000000000008dd0                CMP0_IRQHandler
 .text.CMP1_IRQHandler
                0x0000000000008dd8        0x8 ./startup/startup_mk66f18.o
                0x0000000000008dd8                CMP1_IRQHandler
 .text.FTM0_IRQHandler
                0x0000000000008de0        0x8 ./startup/startup_mk66f18.o
                0x0000000000008de0                FTM0_IRQHandler
 .text.FTM1_IRQHandler
                0x0000000000008de8        0x8 ./startup/startup_mk66f18.o
                0x0000000000008de8                FTM1_IRQHandler
 .text.FTM2_IRQHandler
                0x0000000000008df0        0x8 ./startup/startup_mk66f18.o
                0x0000000000008df0                FTM2_IRQHandler
 .text.CMT_IRQHandler
                0x0000000000008df8        0x8 ./startup/startup_mk66f18.o
                0x0000000000008df8                CMT_IRQHandler
 .text.RTC_IRQHandler
                0x0000000000008e00        0x8 ./startup/startup_mk66f18.o
                0x0000000000008e00                RTC_IRQHandler
 .text.RTC_Seconds_IRQHandler
                0x0000000000008e08        0x8 ./startup/startup_mk66f18.o
                0x0000000000008e08                RTC_Seconds_IRQHandler
 .text.PIT0_IRQHandler
                0x0000000000008e10        0x8 ./startup/startup_mk66f18.o
                0x0000000000008e10                PIT0_IRQHandler
 .text.PIT1_IRQHandler
                0x0000000000008e18        0x8 ./startup/startup_mk66f18.o
                0x0000000000008e18                PIT1_IRQHandler
 .text.PIT2_IRQHandler
                0x0000000000008e20        0x8 ./startup/startup_mk66f18.o
                0x0000000000008e20                PIT2_IRQHandler
 .text.PIT3_IRQHandler
                0x0000000000008e28        0x8 ./startup/startup_mk66f18.o
                0x0000000000008e28                PIT3_IRQHandler
 .text.PDB0_IRQHandler
                0x0000000000008e30        0x8 ./startup/startup_mk66f18.o
                0x0000000000008e30                PDB0_IRQHandler
 .text.USB0_IRQHandler
                0x0000000000008e38        0x8 ./startup/startup_mk66f18.o
                0x0000000000008e38                USB0_IRQHandler
 .text.USBDCD_IRQHandler
                0x0000000000008e40        0x8 ./startup/startup_mk66f18.o
                0x0000000000008e40                USBDCD_IRQHandler
 .text.Reserved71_IRQHandler
                0x0000000000008e48        0x8 ./startup/startup_mk66f18.o
                0x0000000000008e48                Reserved71_IRQHandler
 .text.DAC0_IRQHandler
                0x0000000000008e50        0x8 ./startup/startup_mk66f18.o
                0x0000000000008e50                DAC0_IRQHandler
 .text.MCG_IRQHandler
                0x0000000000008e58        0x8 ./startup/startup_mk66f18.o
                0x0000000000008e58                MCG_IRQHandler
 .text.LPTMR0_IRQHandler
                0x0000000000008e60        0x8 ./startup/startup_mk66f18.o
                0x0000000000008e60                LPTMR0_IRQHandler
 .text.PORTA_IRQHandler
                0x0000000000008e68        0x8 ./startup/startup_mk66f18.o
                0x0000000000008e68                PORTA_IRQHandler
 .text.PORTB_IRQHandler
                0x0000000000008e70        0x8 ./startup/startup_mk66f18.o
                0x0000000000008e70                PORTB_IRQHandler
 .text.PORTC_IRQHandler
                0x0000000000008e78        0x8 ./startup/startup_mk66f18.o
                0x0000000000008e78                PORTC_IRQHandler
 .text.PORTE_IRQHandler
                0x0000000000008e80        0x8 ./startup/startup_mk66f18.o
                0x0000000000008e80                PORTE_IRQHandler
 .text.SWI_IRQHandler
                0x0000000000008e88        0x8 ./startup/startup_mk66f18.o
                0x0000000000008e88                SWI_IRQHandler
 .text.SPI2_IRQHandler
                0x0000000000008e90        0x8 ./startup/startup_mk66f18.o
                0x0000000000008e90                SPI2_IRQHandler
 .text.UART4_RX_TX_IRQHandler
                0x0000000000008e98        0x8 ./startup/startup_mk66f18.o
                0x0000000000008e98                UART4_RX_TX_IRQHandler
 .text.UART4_ERR_IRQHandler
                0x0000000000008ea0        0x8 ./startup/startup_mk66f18.o
                0x0000000000008ea0                UART4_ERR_IRQHandler
 .text.Reserved84_IRQHandler
                0x0000000000008ea8        0x8 ./startup/startup_mk66f18.o
                0x0000000000008ea8                Reserved84_IRQHandler
 .text.Reserved85_IRQHandler
                0x0000000000008eb0        0x8 ./startup/startup_mk66f18.o
                0x0000000000008eb0                Reserved85_IRQHandler
 .text.CMP2_IRQHandler
                0x0000000000008eb8        0x8 ./startup/startup_mk66f18.o
                0x0000000000008eb8                CMP2_IRQHandler
 .text.FTM3_IRQHandler
                0x0000000000008ec0        0x8 ./startup/startup_mk66f18.o
                0x0000000000008ec0                FTM3_IRQHandler
 .text.DAC1_IRQHandler
                0x0000000000008ec8        0x8 ./startup/startup_mk66f18.o
                0x0000000000008ec8                DAC1_IRQHandler
 .text.ADC1_IRQHandler
                0x0000000000008ed0        0x8 ./startup/startup_mk66f18.o
                0x0000000000008ed0                ADC1_IRQHandler
 .text.I2C2_IRQHandler
                0x0000000000008ed8        0x8 ./startup/startup_mk66f18.o
                0x0000000000008ed8                I2C2_IRQHandler
 .text.CAN0_ORed_Message_buffer_IRQHandler
                0x0000000000008ee0        0x8 ./startup/startup_mk66f18.o
                0x0000000000008ee0                CAN0_ORed_Message_buffer_IRQHandler
 .text.CAN0_Bus_Off_IRQHandler
                0x0000000000008ee8        0x8 ./startup/startup_mk66f18.o
                0x0000000000008ee8                CAN0_Bus_Off_IRQHandler
 .text.CAN0_Error_IRQHandler
                0x0000000000008ef0        0x8 ./startup/startup_mk66f18.o
                0x0000000000008ef0                CAN0_Error_IRQHandler
 .text.CAN0_Tx_Warning_IRQHandler
                0x0000000000008ef8        0x8 ./startup/startup_mk66f18.o
                0x0000000000008ef8                CAN0_Tx_Warning_IRQHandler
 .text.CAN0_Rx_Warning_IRQHandler
                0x0000000000008f00        0x8 ./startup/startup_mk66f18.o
                0x0000000000008f00                CAN0_Rx_Warning_IRQHandler
 .text.CAN0_Wake_Up_IRQHandler
                0x0000000000008f08        0x8 ./startup/startup_mk66f18.o
                0x0000000000008f08                CAN0_Wake_Up_IRQHandler
 .text.SDHC_IRQHandler
                0x0000000000008f10        0x8 ./startup/startup_mk66f18.o
                0x0000000000008f10                SDHC_IRQHandler
 .text.ENET_1588_Timer_IRQHandler
                0x0000000000008f18        0x8 ./startup/startup_mk66f18.o
                0x0000000000008f18                ENET_1588_Timer_IRQHandler
 .text.ENET_Transmit_IRQHandler
                0x0000000000008f20        0x8 ./startup/startup_mk66f18.o
                0x0000000000008f20                ENET_Transmit_IRQHandler
 .text.ENET_Receive_IRQHandler
                0x0000000000008f28        0x8 ./startup/startup_mk66f18.o
                0x0000000000008f28                ENET_Receive_IRQHandler
 .text.ENET_Error_IRQHandler
                0x0000000000008f30        0x8 ./startup/startup_mk66f18.o
                0x0000000000008f30                ENET_Error_IRQHandler
 .text.LPUART0_IRQHandler
                0x0000000000008f38        0x8 ./startup/startup_mk66f18.o
                0x0000000000008f38                LPUART0_IRQHandler
 .text.TSI0_IRQHandler
                0x0000000000008f40        0x8 ./startup/startup_mk66f18.o
                0x0000000000008f40                TSI0_IRQHandler
 .text.TPM1_IRQHandler
                0x0000000000008f48        0x8 ./startup/startup_mk66f18.o
                0x0000000000008f48                TPM1_IRQHandler
 .text.TPM2_IRQHandler
                0x0000000000008f50        0x8 ./startup/startup_mk66f18.o
                0x0000000000008f50                TPM2_IRQHandler
 .text.USBHSDCD_IRQHandler
                0x0000000000008f58        0x8 ./startup/startup_mk66f18.o
                0x0000000000008f58                USBHSDCD_IRQHandler
 .text.I2C3_IRQHandler
                0x0000000000008f60        0x8 ./startup/startup_mk66f18.o
                0x0000000000008f60                I2C3_IRQHandler
 .text.CMP3_IRQHandler
                0x0000000000008f68        0x8 ./startup/startup_mk66f18.o
                0x0000000000008f68                CMP3_IRQHandler
 .text.USBHS_IRQHandler
                0x0000000000008f70        0x8 ./startup/startup_mk66f18.o
                0x0000000000008f70                USBHS_IRQHandler
 .text.CAN1_ORed_Message_buffer_IRQHandler
                0x0000000000008f78        0x8 ./startup/startup_mk66f18.o
                0x0000000000008f78                CAN1_ORed_Message_buffer_IRQHandler
 .text.CAN1_Bus_Off_IRQHandler
                0x0000000000008f80        0x8 ./startup/startup_mk66f18.o
                0x0000000000008f80                CAN1_Bus_Off_IRQHandler
 .text.CAN1_Error_IRQHandler
                0x0000000000008f88        0x8 ./startup/startup_mk66f18.o
                0x0000000000008f88                CAN1_Error_IRQHandler
 .text.CAN1_Tx_Warning_IRQHandler
                0x0000000000008f90        0x8 ./startup/startup_mk66f18.o
                0x0000000000008f90                CAN1_Tx_Warning_IRQHandler
 .text.CAN1_Rx_Warning_IRQHandler
                0x0000000000008f98        0x8 ./startup/startup_mk66f18.o
                0x0000000000008f98                CAN1_Rx_Warning_IRQHandler
 .text.CAN1_Wake_Up_IRQHandler
                0x0000000000008fa0        0x8 ./startup/startup_mk66f18.o
                0x0000000000008fa0                CAN1_Wake_Up_IRQHandler
 .text.wav_header
                0x0000000000008fa8       0xd2 ./source/recordtoSdcard.o
                0x0000000000008fa8                wav_header
 .text.HardFault_Handler
                0x000000000000907a       0x2a ./source/semihost_hardfault.o
                0x000000000000907a                HardFault_Handler
 .text.SD_HostReset
                0x00000000000090a4        0xa ./sdmmc/src/fsl_sd.o
                0x00000000000090a4                SD_HostReset
 .text.SD_PowerOnCard
                0x00000000000090ae        0x8 ./sdmmc/src/fsl_sd.o
                0x00000000000090ae                SD_PowerOnCard
 .text.SD_PowerOffCard
                0x00000000000090b6        0x8 ./sdmmc/src/fsl_sd.o
                0x00000000000090b6                SD_PowerOffCard
 .text.SD_WaitCardDetectStatus
                0x00000000000090be        0x8 ./sdmmc/src/fsl_sd.o
                0x00000000000090be                SD_WaitCardDetectStatus
 .text.SDMMC_ExecuteTuning
                0x00000000000090c6       0x64 ./sdmmc/src/fsl_sdmmc_common.o
                0x00000000000090c6                SDMMC_ExecuteTuning
 .text.SDMMCEVENT_Create
                0x000000000000912a       0x14 ./sdmmc/port/fsl_sdmmc_event.o
                0x000000000000912a                SDMMCEVENT_Create
 .text.SDMMCEVENT_Notify
                0x000000000000913e       0x14 ./sdmmc/port/fsl_sdmmc_event.o
                0x000000000000913e                SDMMCEVENT_Notify
 .text.SDMMCEVENT_Delete
                0x0000000000009152        0xe ./sdmmc/port/fsl_sdmmc_event.o
                0x0000000000009152                SDMMCEVENT_Delete
 .text.SDMMCHOST_ErrorRecovery
                0x0000000000009160       0x2e ./sdmmc/port/fsl_sdmmc_host.o
                0x0000000000009160                SDMMCHOST_ErrorRecovery
 .text.SDMMCHOST_Delay
                0x000000000000918e        0x8 ./sdmmc/port/fsl_sdmmc_host.o
                0x000000000000918e                SDMMCHOST_Delay
 .text.SDMMCHOST_PowerOffCard
                0x0000000000009196       0x14 ./sdmmc/port/fsl_sdmmc_host.o
                0x0000000000009196                SDMMCHOST_PowerOffCard
 .text.SDMMCHOST_PowerOnCard
                0x00000000000091aa       0x1c ./sdmmc/port/fsl_sdmmc_host.o
                0x00000000000091aa                SDMMCHOST_PowerOnCard
 .text.SDMMCHOST_Reset
                0x00000000000091c6        0x2 ./sdmmc/port/fsl_sdmmc_host.o
                0x00000000000091c6                SDMMCHOST_Reset
 .text.sd_disk_status
                0x00000000000091c8        0x8 ./fatfs/source/fsl_sd_disk/fsl_sd_disk.o
                0x00000000000091c8                sd_disk_status
 .text.disk_status
                0x00000000000091d0       0x10 ./fatfs/source/diskio.o
                0x00000000000091d0                disk_status
 .text.disk_initialize
                0x00000000000091e0       0x10 ./fatfs/source/diskio.o
                0x00000000000091e0                disk_initialize
 .text.disk_read
                0x00000000000091f0       0x12 ./fatfs/source/diskio.o
                0x00000000000091f0                disk_read
 .text.disk_write
                0x0000000000009202       0x12 ./fatfs/source/diskio.o
                0x0000000000009202                disk_write
 .text.disk_ioctl
                0x0000000000009214       0x10 ./fatfs/source/diskio.o
                0x0000000000009214                disk_ioctl
 .text.ld_dword
                0x0000000000009224       0x16 ./fatfs/source/ff.o
 .text.mem_cpy  0x000000000000923a       0x14 ./fatfs/source/ff.o
 .text.mem_set  0x000000000000924e        0xc ./fatfs/source/ff.o
 .text.mem_cmp  0x000000000000925a       0x1e ./fatfs/source/ff.o
 .text.clst2sect
                0x0000000000009278       0x16 ./fatfs/source/ff.o
 .text.validate
                0x000000000000928e       0x46 ./fatfs/source/ff.o
 .text.sync_window
                0x00000000000092d4       0x48 ./fatfs/source/ff.o
 .text.move_window
                0x000000000000931c       0x3c ./fatfs/source/ff.o
 .text.dir_clear
                0x0000000000009358       0x5c ./fatfs/source/ff.o
 .text.sync_fs  0x00000000000093b4       0xb6 ./fatfs/source/ff.o
 .text.put_fat  0x000000000000946a      0x140 ./fatfs/source/ff.o
 .text.st_clust
                0x00000000000095aa       0x1a ./fatfs/source/ff.o
 .text.get_fat  0x00000000000095c4       0xd0 ./fatfs/source/ff.o
 .text.dir_sdi  0x0000000000009694       0xb0 ./fatfs/source/ff.o
 .text.create_chain
                0x0000000000009744      0x11e ./fatfs/source/ff.o
 .text.remove_chain
                0x0000000000009862       0x94 ./fatfs/source/ff.o
 .text.dir_next
                0x00000000000098f6       0xc8 ./fatfs/source/ff.o
 .text.dir_register
                0x00000000000099be       0x72 ./fatfs/source/ff.o
 .text.ld_clust
                0x0000000000009a30       0x20 ./fatfs/source/ff.o
 .text.f_open   0x0000000000009a50      0x202 ./fatfs/source/ff.o
                0x0000000000009a50                f_open
 .text.f_read   0x0000000000009c52      0x198 ./fatfs/source/ff.o
                0x0000000000009c52                f_read
 .text.f_write  0x0000000000009dea      0x1c6 ./fatfs/source/ff.o
                0x0000000000009dea                f_write
 .text.f_sync   0x0000000000009fb0       0x9e ./fatfs/source/ff.o
                0x0000000000009fb0                f_sync
 .text.f_close  0x000000000000a04e       0x28 ./fatfs/source/ff.o
                0x000000000000a04e                f_close
 .text.f_lseek  0x000000000000a076      0x192 ./fatfs/source/ff.o
                0x000000000000a076                f_lseek
 .text.f_mkdir  0x000000000000a208      0x11a ./fatfs/source/ff.o
                0x000000000000a208                f_mkdir
 .text.EDMA_AbortTransfer
                0x000000000000a322       0x34 ./drivers/fsl_edma.o
                0x000000000000a322                EDMA_AbortTransfer
 .text.I2C_CheckAndClearError
                0x000000000000a356       0x20 ./drivers/fsl_i2c.o
 .text.I2C_MasterStop
                0x000000000000a376       0x14 ./drivers/fsl_i2c.o
                0x000000000000a376                I2C_MasterStop
 .text.I2C_MasterGetStatusFlags
                0x000000000000a38a       0x20 ./drivers/fsl_i2c.o
                0x000000000000a38a                I2C_MasterGetStatusFlags
 .text.I2C_MasterStart
                0x000000000000a3aa       0x34 ./drivers/fsl_i2c.o
                0x000000000000a3aa                I2C_MasterStart
 .text.I2C_MasterRepeatedStart
                0x000000000000a3de       0x54 ./drivers/fsl_i2c.o
                0x000000000000a3de                I2C_MasterRepeatedStart
 .text.I2C_MasterWriteBlocking
                0x000000000000a432       0x96 ./drivers/fsl_i2c.o
                0x000000000000a432                I2C_MasterWriteBlocking
 .text.I2C_MasterReadBlocking
                0x000000000000a4c8       0xa2 ./drivers/fsl_i2c.o
                0x000000000000a4c8                I2C_MasterReadBlocking
 .text.SAI_TxReset
                0x000000000000a56a       0x1c ./drivers/fsl_sai.o
                0x000000000000a56a                SAI_TxReset
 .text.SAI_RxReset
                0x000000000000a586       0x2c ./drivers/fsl_sai.o
                0x000000000000a586                SAI_RxReset
 .text.SAI_TxEnable
                0x000000000000a5b2       0x56 ./drivers/fsl_sai.o
                0x000000000000a5b2                SAI_TxEnable
 .text.SAI_RxEnable
                0x000000000000a608       0x5e ./drivers/fsl_sai.o
                0x000000000000a608                SAI_RxEnable
 .text.SAI_TxSoftwareReset
                0x000000000000a666       0x10 ./drivers/fsl_sai.o
                0x000000000000a666                SAI_TxSoftwareReset
 .text.SAI_RxSoftwareReset
                0x000000000000a676       0x18 ./drivers/fsl_sai.o
                0x000000000000a676                SAI_RxSoftwareReset
 .text.SAI_GetClassicI2SConfig
                0x000000000000a68e        0x8 ./drivers/fsl_sai.o
                0x000000000000a68e                SAI_GetClassicI2SConfig
 .text.SAI_TxEDMACallback
                0x000000000000a696       0x5e ./drivers/fsl_sai_edma.o
 .text.SAI_RxEDMACallback
                0x000000000000a6f4       0x62 ./drivers/fsl_sai_edma.o
 .text.SDHC_ReadDataPort
                0x000000000000a756       0x4a ./drivers/fsl_sdhc.o
 .text.SDHC_WriteDataPort
                0x000000000000a7a0       0x4c ./drivers/fsl_sdhc.o
 .text.SDHC_Reset
                0x000000000000a7ec       0x2c ./drivers/fsl_sdhc.o
                0x000000000000a7ec                SDHC_Reset
 .text.SDHC_SetCardActive
                0x000000000000a818       0x28 ./drivers/fsl_sdhc.o
                0x000000000000a818                SDHC_SetCardActive
 .text.SDHC_StartTransfer
                0x000000000000a840       0xac ./drivers/fsl_sdhc.o
 .text.UART0_RX_TX_DriverIRQHandler
                0x000000000000a8ec        0xc ./drivers/fsl_uart.o
                0x000000000000a8ec                UART0_RX_TX_DriverIRQHandler
 .text.UART1_RX_TX_DriverIRQHandler
                0x000000000000a8f8        0xc ./drivers/fsl_uart.o
                0x000000000000a8f8                UART1_RX_TX_DriverIRQHandler
 .text.UART2_RX_TX_DriverIRQHandler
                0x000000000000a904        0xc ./drivers/fsl_uart.o
                0x000000000000a904                UART2_RX_TX_DriverIRQHandler
 .text.UART3_RX_TX_DriverIRQHandler
                0x000000000000a910        0xc ./drivers/fsl_uart.o
                0x000000000000a910                UART3_RX_TX_DriverIRQHandler
 .text.UART4_RX_TX_DriverIRQHandler
                0x000000000000a91c        0xc ./drivers/fsl_uart.o
                0x000000000000a91c                UART4_RX_TX_DriverIRQHandler
 .text.SystemInitHook
                0x000000000000a928        0x2 ./device/system_MK66F18.o
                0x000000000000a928                SystemInitHook
 .text.HAL_I2cGetStatus
                0x000000000000a92a       0x5c ./component/i2c/i2c_adapter.o
                0x000000000000a92a                HAL_I2cGetStatus
 .text.CODEC_I2C_Init
                0x000000000000a986       0x1c ./codec/fsl_codec_i2c.o
                0x000000000000a986                CODEC_I2C_Init
 .text.CODEC_I2C_Send
                0x000000000000a9a2       0x2c ./codec/fsl_codec_i2c.o
                0x000000000000a9a2                CODEC_I2C_Send
 .text.CODEC_I2C_Receive
                0x000000000000a9ce       0x2e ./codec/fsl_codec_i2c.o
                0x000000000000a9ce                CODEC_I2C_Receive
 .text.DA7212_Deinit
                0x000000000000a9fc        0x4 ./codec/fsl_dialog7212.o
                0x000000000000a9fc                DA7212_Deinit
 .text.BOARD_InitDebugConsole
                0x000000000000aa00        0x8 ./board/board.o
                0x000000000000aa00                BOARD_InitDebugConsole
 .text.BOARD_InitBootClocks
                0x000000000000aa08        0x8 ./board/clock_config.o
                0x000000000000aa08                BOARD_InitBootClocks
 .text.__main   0x000000000000aa10        0xe /usr/local/mcuxpressoide-11.1.1_3241/ide/plugins/com.nxp.mcuxpresso.tools.linux_11.1.0.202001081728/tools/bin/../lib/gcc/arm-none-eabi/8.3.1/../../../../arm-none-eabi/lib/thumb/v7e-m+fp/hard/libcr_semihost_nf.a(_cr__main.o)
                0x000000000000aa10                __main
                0x000000000000aa10                __CR_SEMIHOST
 .text.sqrtf    0x000000000000aa1e        0x6 /usr/local/mcuxpressoide-11.1.1_3241/ide/plugins/com.nxp.mcuxpresso.tools.linux_11.1.0.202001081728/tools/bin/../lib/gcc/arm-none-eabi/8.3.1/../../../../arm-none-eabi/lib/thumb/v7e-m+fp/hard/libcr_c.a(sqrtf_m4_hardfp.o)
                0x000000000000aa1e                sqrtf
 .text.memcpy   0x000000000000aa24        0x4 /usr/local/mcuxpressoide-11.1.1_3241/ide/plugins/com.nxp.mcuxpresso.tools.linux_11.1.0.202001081728/tools/bin/../lib/gcc/arm-none-eabi/8.3.1/../../../../arm-none-eabi/lib/thumb/v7e-m+fp/hard/libcr_c.a(memcpy.o)
                0x000000000000aa24                memcpy
 .text.memset   0x000000000000aa28        0x4 /usr/local/mcuxpressoide-11.1.1_3241/ide/plugins/com.nxp.mcuxpresso.tools.linux_11.1.0.202001081728/tools/bin/../lib/gcc/arm-none-eabi/8.3.1/../../../../arm-none-eabi/lib/thumb/v7e-m+fp/hard/libcr_c.a(memset.o)
                0x000000000000aa28                memset
 .text._Csys_read_
                0x000000000000aa2c       0x22 /usr/local/mcuxpressoide-11.1.1_3241/ide/plugins/com.nxp.mcuxpresso.tools.linux_11.1.0.202001081728/tools/bin/../lib/gcc/arm-none-eabi/8.3.1/../../../../arm-none-eabi/lib/thumb/v7e-m+fp/hard/libcr_c.a(__fillbuf.o)
                0x000000000000aa2c                _Csys_read_
 .text._deferredlazyseek
                0x000000000000aa4e       0x40 /usr/local/mcuxpressoide-11.1.1_3241/ide/plugins/com.nxp.mcuxpresso.tools.linux_11.1.0.202001081728/tools/bin/../lib/gcc/arm-none-eabi/8.3.1/../../../../arm-none-eabi/lib/thumb/v7e-m+fp/hard/libcr_c.a(_deferredlazyseek.o)
                0x000000000000aa4e                _deferredlazyseek
 .text.__flsbuf
                0x000000000000aa8e      0x140 /usr/local/mcuxpressoide-11.1.1_3241/ide/plugins/com.nxp.mcuxpresso.tools.linux_11.1.0.202001081728/tools/bin/../lib/gcc/arm-none-eabi/8.3.1/../../../../arm-none-eabi/lib/thumb/v7e-m+fp/hard/libcr_c.a(_deferredlazyseek.o)
                0x000000000000aa8e                __flsbuf
 .text._fflush  0x000000000000abce       0x52 /usr/local/mcuxpressoide-11.1.1_3241/ide/plugins/com.nxp.mcuxpresso.tools.linux_11.1.0.202001081728/tools/bin/../lib/gcc/arm-none-eabi/8.3.1/../../../../arm-none-eabi/lib/thumb/v7e-m+fp/hard/libcr_c.a(_fflush.o)
                0x000000000000abce                _fflush
 .text.free     0x000000000000ac20       0x30 /usr/local/mcuxpressoide-11.1.1_3241/ide/plugins/com.nxp.mcuxpresso.tools.linux_11.1.0.202001081728/tools/bin/../lib/gcc/arm-none-eabi/8.3.1/../../../../arm-none-eabi/lib/thumb/v7e-m+fp/hard/libcr_c.a(alloc.o)
                0x000000000000ac20                free
 .text.fp_round
                0x000000000000ac50       0x4e /usr/local/mcuxpressoide-11.1.1_3241/ide/plugins/com.nxp.mcuxpresso.tools.linux_11.1.0.202001081728/tools/bin/../lib/gcc/arm-none-eabi/8.3.1/../../../../arm-none-eabi/lib/thumb/v7e-m+fp/hard/libcr_c.a(fpprintf.o)
 .text.pr_dec.constprop.1
                0x000000000000ac9e       0x26 /usr/local/mcuxpressoide-11.1.1_3241/ide/plugins/com.nxp.mcuxpresso.tools.linux_11.1.0.202001081728/tools/bin/../lib/gcc/arm-none-eabi/8.3.1/../../../../arm-none-eabi/lib/thumb/v7e-m+fp/hard/libcr_c.a(fpprintf.o)
 .text.strlen   0x000000000000acc4       0x4c /usr/local/mcuxpressoide-11.1.1_3241/ide/plugins/com.nxp.mcuxpresso.tools.linux_11.1.0.202001081728/tools/bin/../lib/gcc/arm-none-eabi/8.3.1/../../../../arm-none-eabi/lib/thumb/v7e-m+fp/hard/libcr_c.a(strlen.o)
                0x000000000000acc4                strlen
 .text._fdopen  0x000000000000ad10       0x68 /usr/local/mcuxpressoide-11.1.1_3241/ide/plugins/com.nxp.mcuxpresso.tools.linux_11.1.0.202001081728/tools/bin/../lib/gcc/arm-none-eabi/8.3.1/../../../../arm-none-eabi/lib/thumb/v7e-m+fp/hard/libcr_c.a(_fdopen.o)
                0x000000000000ad10                _fdopen
 .text.fclose   0x000000000000ad78       0x58 /usr/local/mcuxpressoide-11.1.1_3241/ide/plugins/com.nxp.mcuxpresso.tools.linux_11.1.0.202001081728/tools/bin/../lib/gcc/arm-none-eabi/8.3.1/../../../../arm-none-eabi/lib/thumb/v7e-m+fp/hard/libcr_c.a(fclose.o)
                0x000000000000ad78                fclose
 .text.remove   0x000000000000add0       0x14 /usr/local/mcuxpressoide-11.1.1_3241/ide/plugins/com.nxp.mcuxpresso.tools.linux_11.1.0.202001081728/tools/bin/../lib/gcc/arm-none-eabi/8.3.1/../../../../arm-none-eabi/lib/thumb/v7e-m+fp/hard/libcr_c.a(remove.o)
                0x000000000000add0                remove
 .text._do_fflush
                0x000000000000ade4       0x40 /usr/local/mcuxpressoide-11.1.1_3241/ide/plugins/com.nxp.mcuxpresso.tools.linux_11.1.0.202001081728/tools/bin/../lib/gcc/arm-none-eabi/8.3.1/../../../../arm-none-eabi/lib/thumb/v7e-m+fp/hard/libcr_c.a(_do_fflush.o)
                0x000000000000ade4                _do_fflush
 .text.__aeabi_division_uldivmod
                0x000000000000ae24      0x174 /usr/local/mcuxpressoide-11.1.1_3241/ide/plugins/com.nxp.mcuxpresso.tools.linux_11.1.0.202001081728/tools/bin/../lib/gcc/arm-none-eabi/8.3.1/thumb/v7e-m+fp/hard/libcr_eabihelpers.a(division_64.o)
                0x000000000000ae24                __aeabi_uldivmod
                0x000000000000ae28                __bhs_ldivmod1
 .text.__aeabi_division_idiv0
                0x000000000000af98        0x2 /usr/local/mcuxpressoide-11.1.1_3241/ide/plugins/com.nxp.mcuxpresso.tools.linux_11.1.0.202001081728/tools/bin/../lib/gcc/arm-none-eabi/8.3.1/thumb/v7e-m+fp/hard/libcr_eabihelpers.a(division_idiv0.o)
                0x000000000000af98                __aeabi_idiv0
 .text.__aeabi_d2iz
                0x000000000000af9a       0x40 /usr/local/mcuxpressoide-11.1.1_3241/ide/plugins/com.nxp.mcuxpresso.tools.linux_11.1.0.202001081728/tools/bin/../lib/gcc/arm-none-eabi/8.3.1/thumb/v7e-m+fp/hard/libcr_eabihelpers.a(double.o)
                0x000000000000af9a                __aeabi_d2iz
 .text.__bhs_ui2d
                0x000000000000afda       0x46 /usr/local/mcuxpressoide-11.1.1_3241/ide/plugins/com.nxp.mcuxpresso.tools.linux_11.1.0.202001081728/tools/bin/../lib/gcc/arm-none-eabi/8.3.1/thumb/v7e-m+fp/hard/libcr_eabihelpers.a(double.o)
                0x000000000000afda                __bhs_ui2d
 .text.__aeabi_i2d
                0x000000000000b020       0x12 /usr/local/mcuxpressoide-11.1.1_3241/ide/plugins/com.nxp.mcuxpresso.tools.linux_11.1.0.202001081728/tools/bin/../lib/gcc/arm-none-eabi/8.3.1/thumb/v7e-m+fp/hard/libcr_eabihelpers.a(double.o)
                0x000000000000b020                __aeabi_i2d
 .text.__aeabi_dcmpeq
                0x000000000000b032       0x2e /usr/local/mcuxpressoide-11.1.1_3241/ide/plugins/com.nxp.mcuxpresso.tools.linux_11.1.0.202001081728/tools/bin/../lib/gcc/arm-none-eabi/8.3.1/thumb/v7e-m+fp/hard/libcr_eabihelpers.a(double.o)
                0x000000000000b032                __aeabi_dcmpeq
 .text.__aeabi_dcmplt
                0x000000000000b060       0x56 /usr/local/mcuxpressoide-11.1.1_3241/ide/plugins/com.nxp.mcuxpresso.tools.linux_11.1.0.202001081728/tools/bin/../lib/gcc/arm-none-eabi/8.3.1/thumb/v7e-m+fp/hard/libcr_eabihelpers.a(double.o)
                0x000000000000b060                __aeabi_dcmplt
 .text.__aeabi_dcmple
                0x000000000000b0b6       0x56 /usr/local/mcuxpressoide-11.1.1_3241/ide/plugins/com.nxp.mcuxpresso.tools.linux_11.1.0.202001081728/tools/bin/../lib/gcc/arm-none-eabi/8.3.1/thumb/v7e-m+fp/hard/libcr_eabihelpers.a(double.o)
                0x000000000000b0b6                __aeabi_dcmple
 .text.__aeabi_dcmpge
                0x000000000000b10c       0x5c /usr/local/mcuxpressoide-11.1.1_3241/ide/plugins/com.nxp.mcuxpresso.tools.linux_11.1.0.202001081728/tools/bin/../lib/gcc/arm-none-eabi/8.3.1/thumb/v7e-m+fp/hard/libcr_eabihelpers.a(double.o)
                0x000000000000b10c                __aeabi_dcmpge
 .text.__aeabi_memcpy
                0x000000000000b168       0x34 /usr/local/mcuxpressoide-11.1.1_3241/ide/plugins/com.nxp.mcuxpresso.tools.linux_11.1.0.202001081728/tools/bin/../lib/gcc/arm-none-eabi/8.3.1/thumb/v7e-m+fp/hard/libcr_eabihelpers.a(memcpy.o)
                0x000000000000b168                __aeabi_memcpy
                0x000000000000b172                __aeabi_memcpy4
                0x000000000000b172                __aeabi_memcpy8
 .text.__aeabi_memset_lowlevel
                0x000000000000b19c       0x32 /usr/local/mcuxpressoide-11.1.1_3241/ide/plugins/com.nxp.mcuxpresso.tools.linux_11.1.0.202001081728/tools/bin/../lib/gcc/arm-none-eabi/8.3.1/thumb/v7e-m+fp/hard/libcr_eabihelpers.a(memcpy.o)
                0x000000000000b19c                __aeabi_lowlevel_memset
 .text.__sys_close
                0x000000000000b1ce        0xc /usr/local/mcuxpressoide-11.1.1_3241/ide/plugins/com.nxp.mcuxpresso.tools.linux_11.1.0.202001081728/tools/bin/../lib/gcc/arm-none-eabi/8.3.1/../../../../arm-none-eabi/lib/thumb/v7e-m+fp/hard/libcr_semihost_nf.a(__sys_close.o)
                0x000000000000b1ce                __sys_close
 .text.__sys_flen
                0x000000000000b1da        0xc /usr/local/mcuxpressoide-11.1.1_3241/ide/plugins/com.nxp.mcuxpresso.tools.linux_11.1.0.202001081728/tools/bin/../lib/gcc/arm-none-eabi/8.3.1/../../../../arm-none-eabi/lib/thumb/v7e-m+fp/hard/libcr_semihost_nf.a(__sys_flen.o)
                0x000000000000b1da                __sys_flen
 .text.__sys_istty
                0x000000000000b1e6        0xc /usr/local/mcuxpressoide-11.1.1_3241/ide/plugins/com.nxp.mcuxpresso.tools.linux_11.1.0.202001081728/tools/bin/../lib/gcc/arm-none-eabi/8.3.1/../../../../arm-none-eabi/lib/thumb/v7e-m+fp/hard/libcr_semihost_nf.a(__sys_istty.o)
                0x000000000000b1e6                __sys_istty
 .text.__sys_read
                0x000000000000b1f2        0xc /usr/local/mcuxpressoide-11.1.1_3241/ide/plugins/com.nxp.mcuxpresso.tools.linux_11.1.0.202001081728/tools/bin/../lib/gcc/arm-none-eabi/8.3.1/../../../../arm-none-eabi/lib/thumb/v7e-m+fp/hard/libcr_semihost_nf.a(__sys_read.o)
                0x000000000000b1f2                __sys_read
 .text.__sys_readc
                0x000000000000b1fe        0x8 /usr/local/mcuxpressoide-11.1.1_3241/ide/plugins/com.nxp.mcuxpresso.tools.linux_11.1.0.202001081728/tools/bin/../lib/gcc/arm-none-eabi/8.3.1/../../../../arm-none-eabi/lib/thumb/v7e-m+fp/hard/libcr_semihost_nf.a(__sys_readc.o)
                0x000000000000b1fe                __readc
                0x000000000000b1fe                __sys_readc
 .text.__sys_remove
                0x000000000000b206        0xc /usr/local/mcuxpressoide-11.1.1_3241/ide/plugins/com.nxp.mcuxpresso.tools.linux_11.1.0.202001081728/tools/bin/../lib/gcc/arm-none-eabi/8.3.1/../../../../arm-none-eabi/lib/thumb/v7e-m+fp/hard/libcr_semihost_nf.a(__sys_remove.o)
                0x000000000000b206                __sys_remove
 .text.__sys_seek
                0x000000000000b212        0xc /usr/local/mcuxpressoide-11.1.1_3241/ide/plugins/com.nxp.mcuxpresso.tools.linux_11.1.0.202001081728/tools/bin/../lib/gcc/arm-none-eabi/8.3.1/../../../../arm-none-eabi/lib/thumb/v7e-m+fp/hard/libcr_semihost_nf.a(__sys_seek.o)
                0x000000000000b212                __sys_seek
 .text.__sys_tmpnam
                0x000000000000b21e        0xc /usr/local/mcuxpressoide-11.1.1_3241/ide/plugins/com.nxp.mcuxpresso.tools.linux_11.1.0.202001081728/tools/bin/../lib/gcc/arm-none-eabi/8.3.1/../../../../arm-none-eabi/lib/thumb/v7e-m+fp/hard/libcr_semihost_nf.a(__sys_tmpnam.o)
                0x000000000000b21e                __sys_tmpnam
 .text.__sys_write
                0x000000000000b22a        0xc /usr/local/mcuxpressoide-11.1.1_3241/ide/plugins/com.nxp.mcuxpresso.tools.linux_11.1.0.202001081728/tools/bin/../lib/gcc/arm-none-eabi/8.3.1/../../../../arm-none-eabi/lib/thumb/v7e-m+fp/hard/libcr_semihost_nf.a(__sys_write.o)
                0x000000000000b22a                __sys_write
 *(SORT_BY_ALIGNMENT(.rodata) SORT_BY_ALIGNMENT(.rodata.*) SORT_BY_ALIGNMENT(.constdata) SORT_BY_ALIGNMENT(.constdata.*))
 *fill*         0x000000000000b236        0x2 ff
 .rodata.__assertion_failed.str1.4
                0x000000000000b238       0x14 ./utilities/fsl_assert.o
 .rodata.PlaybackSine.str1.4
                0x000000000000b24c       0x36 ./source/playbackSineWave.o
 *fill*         0x000000000000b282        0x2 ff
 .rodata.RecordSDCard.str1.4
                0x000000000000b284      0x122 ./source/recordtoSdcard.o
 *fill*         0x000000000000b3a6        0x2 ff
 .rodata        0x000000000000b3a8        0x3 ./source/sai.o
 *fill*         0x000000000000b3ab        0x1 ff
 .rodata.main.str1.4
                0x000000000000b3ac      0x273 ./source/sai.o
                                        0x277 (size before relaxing)
 *fill*         0x000000000000b61f        0x1 ff
 .rodata.s_sdCardDetect
                0x000000000000b620       0x14 ./source/sai.o
 .rodata.SD_CardDeinit.str1.4
                0x000000000000b634       0x16 ./sdmmc/src/fsl_sd.o
 *fill*         0x000000000000b64a        0x2 ff
 .rodata.SD_CardInit.str1.4
                0x000000000000b64c       0x43 ./sdmmc/src/fsl_sd.o
 *fill*         0x000000000000b68f        0x1 ff
 .rodata.SD_HostInit.str1.4
                0x000000000000b690       0x16 ./sdmmc/src/fsl_sd.o
 *fill*         0x000000000000b6a6        0x2 ff
 .rodata.SD_ProbeBusVoltage.str1.4
                0x000000000000b6a8       0x16 ./sdmmc/src/fsl_sd.o
 *fill*         0x000000000000b6be        0x2 ff
 .rodata.SD_ReadBlocks.str1.4
                0x000000000000b6c0       0xc0 ./sdmmc/src/fsl_sd.o
 .rodata.SD_ReadStatus.str1.4
                0x000000000000b780       0x16 ./sdmmc/src/fsl_sd.o
 *fill*         0x000000000000b796        0x2 ff
 .rodata.SD_SelectCard.str1.4
                0x000000000000b798       0x16 ./sdmmc/src/fsl_sd.o
 *fill*         0x000000000000b7ae        0x2 ff
 .rodata.SD_SelectFunction.str1.4
                0x000000000000b7b0       0x15 ./sdmmc/src/fsl_sd.o
 *fill*         0x000000000000b7c5        0x3 ff
 .rodata.SD_SwitchFunction.str1.4
                0x000000000000b7c8       0x2f ./sdmmc/src/fsl_sd.o
 *fill*         0x000000000000b7f7        0x1 ff
 .rodata.SD_Transfer.str1.4
                0x000000000000b7f8       0x3c ./sdmmc/src/fsl_sd.o
 .rodata.SD_WaitWriteComplete.str1.4
                0x000000000000b834       0x15 ./sdmmc/src/fsl_sd.o
 *fill*         0x000000000000b849        0x3 ff
 .rodata.SD_WriteBlocks.str1.4
                0x000000000000b84c       0xc0 ./sdmmc/src/fsl_sd.o
 .rodata.SDMMC_GoIdle.str1.4
                0x000000000000b90c       0x23 ./sdmmc/src/fsl_sdmmc_common.o
 *fill*         0x000000000000b92f        0x1 ff
 .rodata.SDMMC_SelectCard.str1.4
                0x000000000000b930       0x22 ./sdmmc/src/fsl_sdmmc_common.o
 *fill*         0x000000000000b952        0x2 ff
 .rodata.SDMMC_SendApplicationCommand.str1.4
                0x000000000000b954       0x22 ./sdmmc/src/fsl_sdmmc_common.o
 *fill*         0x000000000000b976        0x2 ff
 .rodata.SDMMC_SetBlockSize.str1.4
                0x000000000000b978       0x23 ./sdmmc/src/fsl_sdmmc_common.o
 *fill*         0x000000000000b99b        0x1 ff
 .rodata.SDMMC_SwitchToVoltage.str1.4
                0x000000000000b99c       0x23 ./sdmmc/src/fsl_sdmmc_common.o
 *fill*         0x000000000000b9bf        0x1 ff
 .rodata.check_fs.str1.4
                0x000000000000b9c0        0xa ./fatfs/source/ff.o
 *fill*         0x000000000000b9ca        0x2 ff
 .rodata.cst.5864
                0x000000000000b9cc        0xe ./fatfs/source/ff.o
 *fill*         0x000000000000b9da        0x2 ff
 .rodata.cst32.5865
                0x000000000000b9dc        0xe ./fatfs/source/ff.o
 *fill*         0x000000000000b9ea        0x2 ff
 .rodata.f_mkfs.str1.4
                0x000000000000b9ec       0x34 ./fatfs/source/ff.o
 .rodata.follow_path.str1.4
                0x000000000000ba20        0xf ./fatfs/source/ff.o
 *fill*         0x000000000000ba2f        0x1 ff
 .rodata.CLOCK_BootToPeeMode.str1.4
                0x000000000000ba30       0x1b ./drivers/fsl_clock.o
 *fill*         0x000000000000ba4b        0x1 ff
 .rodata.CLOCK_EnablePll0.str1.4
                0x000000000000ba4c       0x1b ./drivers/fsl_clock.o
 *fill*         0x000000000000ba67        0x1 ff
 .rodata.CLOCK_GetEr32kClkFreq.str1.4
                0x000000000000ba68       0x20 ./drivers/fsl_clock.o
 .rodata.CLOCK_GetMcgExtClkFreq.str1.4
                0x000000000000ba88       0x4e ./drivers/fsl_clock.o
 *fill*         0x000000000000bad6        0x2 ff
 .rodata.CLOCK_GetOsc0ErClkDivFreq.str1.4
                0x000000000000bad8       0x1f ./drivers/fsl_clock.o
 *fill*         0x000000000000baf7        0x1 ff
 .rodata.CLOCK_GetOsc0ErClkUndivFreq.str1.4
                0x000000000000baf8       0x1f ./drivers/fsl_clock.o
 *fill*         0x000000000000bb17        0x1 ff
 .rodata.CLOCK_GetPll0Freq.str1.4
                0x000000000000bb18       0x1e ./drivers/fsl_clock.o
 *fill*         0x000000000000bb36        0x2 ff
 .rodata.CLOCK_SetPbeMode.str1.4
                0x000000000000bb38       0x1b ./drivers/fsl_clock.o
 *fill*         0x000000000000bb53        0x1 ff
 .rodata.fllFactorTable.8272
                0x000000000000bb54       0x10 ./drivers/fsl_clock.o
 .rodata.DMAMUX_GetInstance.str1.4
                0x000000000000bb64       0x38 ./drivers/fsl_dmamux.o
 .rodata.EDMA_CreateHandle.str1.4
                0x000000000000bb9c       0x9b ./drivers/fsl_edma.o
 *fill*         0x000000000000bc37        0x1 ff
 .rodata.EDMA_GetChannelStatusFlags.str1.4
                0x000000000000bc38       0x46 ./drivers/fsl_edma.o
 *fill*         0x000000000000bc7e        0x2 ff
 .rodata.EDMA_GetDefaultConfig.str1.4