i2c_adapter.c:52:18:HAL_I2cGetStatus	0	static
i2c_adapter.c:101:13:HAL_I2cMasterCallback	16	static
i2c_adapter.c:114:13:HAL_I2cSlaveCallback	16	static
i2c_adapter.c:134:18:HAL_I2cMasterInit	32	static
i2c_adapter.c:159:18:HAL_I2cSlaveInit	32	static
i2c_adapter.c:184:18:HAL_I2cMasterDeinit	8	static
i2c_adapter.c:197:18:HAL_I2cSlaveDeinit	8	static
i2c_adapter.c:210:18:HAL_I2cMasterWriteBlocking	8	static
i2c_adapter.c:224:18:HAL_I2cMasterReadBlocking	8	static
i2c_adapter.c:238:18:HAL_I2cSlaveWriteBlocking	8	static
i2c_adapter.c:249:18:HAL_I2cSlaveReadBlocking	8	static
i2c_adapter.c:260:18:HAL_I2cMasterTransferBlocking	32	static
i2c_adapter.c:281:18:HAL_I2cMasterTransferInstallCallback	16	static
i2c_adapter.c:299:18:HAL_I2cMasterTransferNonBlocking	32	static
i2c_adapter.c:320:18:HAL_I2cMasterTransferGetCount	8	static
i2c_adapter.c:332:18:HAL_I2cMasterTransferAbort	8	static
i2c_adapter.c:343:18:HAL_I2cSlaveTransferInstallCallback	16	static
i2c_adapter.c:361:18:HAL_I2cSlaveTransferNonBlocking	8	static
i2c_adapter.c:373:18:HAL_I2cSlaveTransferAbort	8	static
i2c_adapter.c:386:18:HAL_I2cSlaveTransferGetCount	8	static
