19:30:40 **** Build of configuration Debug for project Audio_Signal_Feature_Extractor ****
make -r -j8 all 
Building target: Audio_Signal_Feature_Extractor.axf
Invoking: MCU Linker
arm-none-eabi-gcc -nostdlib -L"/usr/local/mcuxpressoide-11.1.1_3241/SDK_2.7.0_FRDM-K66F/CMSIS/DSP/Lib/GCC" -Xlinker -Map="Audio_Signal_Feature_Extractor.map" -Xlinker --gc-sections -Xlinker -print-memory-usage -Xlinker --sort-section=alignment -Xlinker --cref -mcpu=cortex-m4 -mfpu=fpv4-sp-d16 -mfloat-abi=hard -mthumb -T Audio_Signal_Feature_Extractor_Test_Debug.ld -o "Audio_Signal_Feature_Extractor.axf"  ./utilities/fsl_assert.o ./utilities/fsl_debug_console.o ./utilities/fsl_str.o  ./startup/startup_mk66f18.o  ./source_transfer/features.o ./source_transfer/sai_interrupt_record_playback.o  ./source/semihost_hardfault.o  ./drivers/fsl_clock.o ./drivers/fsl_common.o ./drivers/fsl_ftfx_cache.o ./drivers/fsl_ftfx_controller.o ./drivers/fsl_ftfx_flash.o ./drivers/fsl_ftfx_flexnvm.o ./drivers/fsl_gpio.o ./drivers/fsl_i2c.o ./drivers/fsl_lpuart.o ./drivers/fsl_sai.o ./drivers/fsl_smc.o ./drivers/fsl_uart.o  ./device/system_MK66F18.o  ./component/uart/uart_adapter.o  ./component/serial_manager/serial_manager.o ./component/serial_manager/serial_port_uart.o  ./component/lists/generic_list.o  ./component/i2c/i2c_adapter.o  ./codec/fsl_codec_adapter.o ./codec/fsl_codec_common.o ./codec/fsl_codec_i2c.o ./codec/fsl_dialog7212.o  ./board/board.o ./board/clock_config.o ./board/pin_mux.o   -larm_cortexM4lf_math
Memory region         Used Size  Region Size  %age Used
   PROGRAM_FLASH:      155320 B         2 MB      7.41%
      SRAM_UPPER:      132008 B       192 KB     67.14%
      SRAM_LOWER:        7680 B        64 KB     11.72%
        FLEX_RAM:          0 GB         4 KB      0.00%
Finished building target: Audio_Signal_Feature_Extractor.axf
 
make --no-print-directory post-build
Performing post-build steps
arm-none-eabi-size "Audio_Signal_Feature_Extractor.axf"; # arm-none-eabi-objcopy -v -O binary "Audio_Signal_Feature_Extractor.axf" "Audio_Signal_Feature_Extractor.bin" ; # checksum -p MK66FN2M0xxx18 -d "Audio_Signal_Feature_Extractor.bin";
   text	   data	    bss	    dec	    hex	filename
 155256	     64	 139624	 294944	  48020	Audio_Signal_Feature_Extractor.axf
 

19:30:41 Build Finished. 0 errors, 0 warnings. (took 927ms)

