23:36:56 **** Incremental Build of configuration Debug for project frdmk66f_sai_interrupt_record_playback ****
make -r -j8 all 
Building file: ../source_transfer/sai_interrupt_record_playback.c
Invoking: MCU C Compiler
arm-none-eabi-gcc -std=gnu99 -D__REDLIB__ -DDIG_MIC -DCPU_MK66FN2M0VMD18 -DCPU_MK66FN2M0VMD18_cm4 -DFRDM_K66F -DFREEDOM -DSDK_I2C_BASED_COMPONENT_USED=1 -DBOARD_USE_CODEC=1 -DCODEC_DA7212_ENABLE -DSERIAL_PORT_TYPE_UART=1 -DSDK_DEBUGCONSOLE=0 -DCR_INTEGER_PRINTF -DPRINTF_FLOAT_ENABLE=0 -D__MCUXPRESSO -D__USE_CMSIS -DDEBUG -I"/home/apopa/Documents/MCUXpresso_11.1.1_3241/workspace/frdmk66f_sai_interrupt_record_playback/board" -I"/home/apopa/Documents/MCUXpresso_11.1.1_3241/workspace/frdmk66f_sai_interrupt_record_playback/source" -I"/home/apopa/Documents/MCUXpresso_11.1.1_3241/workspace/frdmk66f_sai_interrupt_record_playback" -I"/home/apopa/Documents/MCUXpresso_11.1.1_3241/workspace/frdmk66f_sai_interrupt_record_playback/drivers" -I"/home/apopa/Documents/MCUXpresso_11.1.1_3241/workspace/frdmk66f_sai_interrupt_record_playback/device" -I"/home/apopa/Documents/MCUXpresso_11.1.1_3241/workspace/frdmk66f_sai_interrupt_record_playback/CMSIS" -I"/home/apopa/Documents/MCUXpresso_11.1.1_3241/workspace/frdmk66f_sai_interrupt_record_playback/codec" -I"/home/apopa/Documents/MCUXpresso_11.1.1_3241/workspace/frdmk66f_sai_interrupt_record_playback/component/i2c" -I"/home/apopa/Documents/MCUXpresso_11.1.1_3241/workspace/frdmk66f_sai_interrupt_record_playback/utilities" -I"/home/apopa/Documents/MCUXpresso_11.1.1_3241/workspace/frdmk66f_sai_interrupt_record_playback/component/serial_manager" -I"/home/apopa/Documents/MCUXpresso_11.1.1_3241/workspace/frdmk66f_sai_interrupt_record_playback/component/lists" -I"/home/apopa/Documents/MCUXpresso_11.1.1_3241/workspace/frdmk66f_sai_interrupt_record_playback/component/uart" -O0 -fno-common -g3 -Wall -Wextra -c  -ffunction-sections  -fdata-sections  -ffreestanding  -fno-builtin -fmerge-constants -fmacro-prefix-map="../source_transfer/"=. -mcpu=cortex-m4 -mfpu=fpv4-sp-d16 -mfloat-abi=hard -mthumb -D__REDLIB__ -fstack-usage -specs=redlib.specs -MMD -MP -MF"source_transfer/sai_interrupt_record_playback.d" -MT"source_transfer/sai_interrupt_record_playback.o" -MT"source_transfer/sai_interrupt_record_playback.d" -o "source_transfer/sai_interrupt_record_playback.o" "../source_transfer/sai_interrupt_record_playback.c"
../source_transfer/sai_interrupt_record_playback.c: In function 'rx_callback':
../source_transfer/sai_interrupt_record_playback.c:145:35: warning: unused parameter 'base' [-Wunused-parameter]
 static void rx_callback(I2S_Type *base, sai_handle_t *handle, status_t status, void *userData)
                         ~~~~~~~~~~^~~~
../source_transfer/sai_interrupt_record_playback.c:145:55: warning: unused parameter 'handle' [-Wunused-parameter]
 static void rx_callback(I2S_Type *base, sai_handle_t *handle, status_t status, void *userData)
                                         ~~~~~~~~~~~~~~^~~~~~
../source_transfer/sai_interrupt_record_playback.c:145:86: warning: unused parameter 'userData' [-Wunused-parameter]
 static void rx_callback(I2S_Type *base, sai_handle_t *handle, status_t status, void *userData)
                                                                                ~~~~~~^~~~~~~~
../source_transfer/sai_interrupt_record_playback.c: In function 'tx_callback':
../source_transfer/sai_interrupt_record_playback.c:157:35: warning: unused parameter 'base' [-Wunused-parameter]
 static void tx_callback(I2S_Type *base, sai_handle_t *handle, status_t status, void *userData)
                         ~~~~~~~~~~^~~~
../source_transfer/sai_interrupt_record_playback.c:157:55: warning: unused parameter 'handle' [-Wunused-parameter]
 static void tx_callback(I2S_Type *base, sai_handle_t *handle, status_t status, void *userData)
                                         ~~~~~~~~~~~~~~^~~~~~
../source_transfer/sai_interrupt_record_playback.c:157:86: warning: unused parameter 'userData' [-Wunused-parameter]
 static void tx_callback(I2S_Type *base, sai_handle_t *handle, status_t status, void *userData)
                                                                                ~~~~~~^~~~~~~~
Finished building: ../source_transfer/sai_interrupt_record_playback.c
 
Building target: frdmk66f_sai_interrupt_record_playback.axf
Invoking: MCU Linker
arm-none-eabi-gcc -nostdlib -Xlinker -Map="frdmk66f_sai_interrupt_record_playback.map" -Xlinker --gc-sections -Xlinker -print-memory-usage -Xlinker --sort-section=alignment -Xlinker --cref -mcpu=cortex-m4 -mfpu=fpv4-sp-d16 -mfloat-abi=hard -mthumb -T frdmk66f_sai_interrupt_record_playback_Debug.ld -o "frdmk66f_sai_interrupt_record_playback.axf"  ./utilities/fsl_assert.o ./utilities/fsl_debug_console.o ./utilities/fsl_str.o  ./startup/startup_mk66f18.o  ./source_transfer/sai_interrupt_record_playback.o  ./source/semihost_hardfault.o  ./drivers/fsl_clock.o ./drivers/fsl_common.o ./drivers/fsl_ftfx_cache.o ./drivers/fsl_ftfx_controller.o ./drivers/fsl_ftfx_flash.o ./drivers/fsl_ftfx_flexnvm.o ./drivers/fsl_gpio.o ./drivers/fsl_i2c.o ./drivers/fsl_lpuart.o ./drivers/fsl_sai.o ./drivers/fsl_smc.o ./drivers/fsl_uart.o  ./device/system_MK66F18.o  ./component/uart/uart_adapter.o  ./component/serial_manager/serial_manager.o ./component/serial_manager/serial_port_uart.o  ./component/lists/generic_list.o  ./component/i2c/i2c_adapter.o  ./codec/fsl_codec_adapter.o ./codec/fsl_codec_common.o ./codec/fsl_codec_i2c.o ./codec/fsl_dialog7212.o  ./board/board.o ./board/clock_config.o ./board/pin_mux.o   
Memory region         Used Size  Region Size  %age Used
   PROGRAM_FLASH:       29304 B         2 MB      1.40%
      SRAM_UPPER:        8960 B       192 KB      4.56%
      SRAM_LOWER:          4 KB        64 KB      6.25%
        FLEX_RAM:          0 GB         4 KB      0.00%
Finished building target: frdmk66f_sai_interrupt_record_playback.axf
 
make --no-print-directory post-build
Performing post-build steps
arm-none-eabi-size "frdmk66f_sai_interrupt_record_playback.axf"; # arm-none-eabi-objcopy -v -O binary "frdmk66f_sai_interrupt_record_playback.axf" "frdmk66f_sai_interrupt_record_playback.bin" ; # checksum -p MK66FN2M0xxx18 -d "frdmk66f_sai_interrupt_record_playback.bin";
   text	   data	    bss	    dec	    hex	filename
  29240	     64	  12992	  42296	   a538	frdmk66f_sai_interrupt_record_playback.axf
 

23:36:57 Build Finished. 0 errors, 6 warnings. (took 1s.79ms)

