02:25:40 **** Build of configuration Debug for project frdmk66f_uart_polling ****
make -r -j8 all 
Building file: ../utilities/fsl_debug_console.c
Building file: ../utilities/fsl_assert.c
Building file: ../utilities/fsl_str.c
Building file: ../startup/startup_mk66f18.c
Building file: ../source/semihost_hardfault.c
Building file: ../source/uart_polling.c
Invoking: MCU C Compiler
Invoking: MCU C Compiler
Invoking: MCU C Compiler
Invoking: MCU C Compiler
arm-none-eabi-gcc -std=gnu99 -D__REDLIB__ -DCPU_MK66FN2M0VMD18 -DCPU_MK66FN2M0VMD18_cm4 -DFRDM_K66F -DFREEDOM -DSERIAL_PORT_TYPE_UART=1 -DSDK_DEBUGCONSOLE=0 -DCR_INTEGER_PRINTF -DPRINTF_FLOAT_ENABLE=0 -D__MCUXPRESSO -D__USE_CMSIS -DDEBUG -I"/home/apopa/Documents/MCUXpresso_11.1.1_3241/workspace/frdmk66f_uart_polling/board" -I"/home/apopa/Documents/MCUXpresso_11.1.1_3241/workspace/frdmk66f_uart_polling/source" -I"/home/apopa/Documents/MCUXpresso_11.1.1_3241/workspace/frdmk66f_uart_polling" -I"/home/apopa/Documents/MCUXpresso_11.1.1_3241/workspace/frdmk66f_uart_polling/drivers" -I"/home/apopa/Documents/MCUXpresso_11.1.1_3241/workspace/frdmk66f_uart_polling/device" -I"/home/apopa/Documents/MCUXpresso_11.1.1_3241/workspace/frdmk66f_uart_polling/CMSIS" -I"/home/apopa/Documents/MCUXpresso_11.1.1_3241/workspace/frdmk66f_uart_polling/utilities" -I"/home/apopa/Documents/MCUXpresso_11.1.1_3241/workspace/frdmk66f_uart_polling/component/serial_manager" -I"/home/apopa/Documents/MCUXpresso_11.1.1_3241/workspace/frdmk66f_uart_polling/component/lists" -I"/home/apopa/Documents/MCUXpresso_11.1.1_3241/workspace/frdmk66f_uart_polling/component/uart" -O0 -fno-common -g3 -Wall -c  -ffunction-sections  -fdata-sections  -ffreestanding  -fno-builtin -fmerge-constants -fmacro-prefix-map="../utilities/"=. -mcpu=cortex-m4 -mfpu=fpv4-sp-d16 -mfloat-abi=hard -mthumb -D__REDLIB__ -fstack-usage -specs=redlib.specs -MMD -MP -MF"utilities/fsl_assert.d" -MT"utilities/fsl_assert.o" -MT"utilities/fsl_assert.d" -o "utilities/fsl_assert.o" "../utilities/fsl_assert.c"
Invoking: MCU C Compiler
arm-none-eabi-gcc -std=gnu99 -D__REDLIB__ -DCPU_MK66FN2M0VMD18 -DCPU_MK66FN2M0VMD18_cm4 -DFRDM_K66F -DFREEDOM -DSERIAL_PORT_TYPE_UART=1 -DSDK_DEBUGCONSOLE=0 -DCR_INTEGER_PRINTF -DPRINTF_FLOAT_ENABLE=0 -D__MCUXPRESSO -D__USE_CMSIS -DDEBUG -I"/home/apopa/Documents/MCUXpresso_11.1.1_3241/workspace/frdmk66f_uart_polling/board" -I"/home/apopa/Documents/MCUXpresso_11.1.1_3241/workspace/frdmk66f_uart_polling/source" -I"/home/apopa/Documents/MCUXpresso_11.1.1_3241/workspace/frdmk66f_uart_polling" -I"/home/apopa/Documents/MCUXpresso_11.1.1_3241/workspace/frdmk66f_uart_polling/drivers" -I"/home/apopa/Documents/MCUXpresso_11.1.1_3241/workspace/frdmk66f_uart_polling/device" -I"/home/apopa/Documents/MCUXpresso_11.1.1_3241/workspace/frdmk66f_uart_polling/CMSIS" -I"/home/apopa/Documents/MCUXpresso_11.1.1_3241/workspace/frdmk66f_uart_polling/utilities" -I"/home/apopa/Documents/MCUXpresso_11.1.1_3241/workspace/frdmk66f_uart_polling/component/serial_manager" -I"/home/apopa/Documents/MCUXpresso_11.1.1_3241/workspace/frdmk66f_uart_polling/component/lists" -I"/home/apopa/Documents/MCUXpresso_11.1.1_3241/workspace/frdmk66f_uart_polling/component/uart" -O0 -fno-common -g3 -Wall -c  -ffunction-sections  -fdata-sections  -ffreestanding  -fno-builtin -fmerge-constants -fmacro-prefix-map="../utilities/"=. -mcpu=cortex-m4 -mfpu=fpv4-sp-d16 -mfloat-abi=hard -mthumb -D__REDLIB__ -fstack-usage -specs=redlib.specs -MMD -MP -MF"utilities/fsl_debug_console.d" -MT"utilities/fsl_debug_console.o" -MT"utilities/fsl_debug_console.d" -o "utilities/fsl_debug_console.o" "../utilities/fsl_debug_console.c"
Building file: ../drivers/fsl_clock.c
arm-none-eabi-gcc -std=gnu99 -D__REDLIB__ -DCPU_MK66FN2M0VMD18 -DCPU_MK66FN2M0VMD18_cm4 -DFRDM_K66F -DFREEDOM -DSERIAL_PORT_TYPE_UART=1 -DSDK_DEBUGCONSOLE=0 -DCR_INTEGER_PRINTF -DPRINTF_FLOAT_ENABLE=0 -D__MCUXPRESSO -D__USE_CMSIS -DDEBUG -I"/home/apopa/Documents/MCUXpresso_11.1.1_3241/workspace/frdmk66f_uart_polling/board" -I"/home/apopa/Documents/MCUXpresso_11.1.1_3241/workspace/frdmk66f_uart_polling/source" -I"/home/apopa/Documents/MCUXpresso_11.1.1_3241/workspace/frdmk66f_uart_polling" -I"/home/apopa/Documents/MCUXpresso_11.1.1_3241/workspace/frdmk66f_uart_polling/drivers" -I"/home/apopa/Documents/MCUXpresso_11.1.1_3241/workspace/frdmk66f_uart_polling/device" -I"/home/apopa/Documents/MCUXpresso_11.1.1_3241/workspace/frdmk66f_uart_polling/CMSIS" -I"/home/apopa/Documents/MCUXpresso_11.1.1_3241/workspace/frdmk66f_uart_polling/utilities" -I"/home/apopa/Documents/MCUXpresso_11.1.1_3241/workspace/frdmk66f_uart_polling/component/serial_manager" -I"/home/apopa/Documents/MCUXpresso_11.1.1_3241/workspace/frdmk66f_uart_polling/component/lists" -I"/home/apopa/Documents/MCUXpresso_11.1.1_3241/workspace/frdmk66f_uart_polling/component/uart" -O0 -fno-common -g3 -Wall -c  -ffunction-sections  -fdata-sections  -ffreestanding  -fno-builtin -fmerge-constants -fmacro-prefix-map="../utilities/"=. -mcpu=cortex-m4 -mfpu=fpv4-sp-d16 -mfloat-abi=hard -mthumb -D__REDLIB__ -fstack-usage -specs=redlib.specs -MMD -MP -MF"utilities/fsl_str.d" -MT"utilities/fsl_str.o" -MT"utilities/fsl_str.d" -o "utilities/fsl_str.o" "../utilities/fsl_str.c"
Invoking: MCU C Compiler
arm-none-eabi-gcc -std=gnu99 -D__REDLIB__ -DCPU_MK66FN2M0VMD18 -DCPU_MK66FN2M0VMD18_cm4 -DFRDM_K66F -DFREEDOM -DSERIAL_PORT_TYPE_UART=1 -DSDK_DEBUGCONSOLE=0 -DCR_INTEGER_PRINTF -DPRINTF_FLOAT_ENABLE=0 -D__MCUXPRESSO -D__USE_CMSIS -DDEBUG -I"/home/apopa/Documents/MCUXpresso_11.1.1_3241/workspace/frdmk66f_uart_polling/board" -I"/home/apopa/Documents/MCUXpresso_11.1.1_3241/workspace/frdmk66f_uart_polling/source" -I"/home/apopa/Documents/MCUXpresso_11.1.1_3241/workspace/frdmk66f_uart_polling" -I"/home/apopa/Documents/MCUXpresso_11.1.1_3241/workspace/frdmk66f_uart_polling/drivers" -I"/home/apopa/Documents/MCUXpresso_11.1.1_3241/workspace/frdmk66f_uart_polling/device" -I"/home/apopa/Documents/MCUXpresso_11.1.1_3241/workspace/frdmk66f_uart_polling/CMSIS" -I"/home/apopa/Documents/MCUXpresso_11.1.1_3241/workspace/frdmk66f_uart_polling/utilities" -I"/home/apopa/Documents/MCUXpresso_11.1.1_3241/workspace/frdmk66f_uart_polling/component/serial_manager" -I"/home/apopa/Documents/MCUXpresso_11.1.1_3241/workspace/frdmk66f_uart_polling/component/lists" -I"/home/apopa/Documents/MCUXpresso_11.1.1_3241/workspace/frdmk66f_uart_polling/component/uart" -O0 -fno-common -g3 -Wall -c  -ffunction-sections  -fdata-sections  -ffreestanding  -fno-builtin -fmerge-constants -fmacro-prefix-map="../startup/"=. -mcpu=cortex-m4 -mfpu=fpv4-sp-d16 -mfloat-abi=hard -mthumb -D__REDLIB__ -fstack-usage -specs=redlib.specs -MMD -MP -MF"startup/startup_mk66f18.d" -MT"startup/startup_mk66f18.o" -MT"startup/startup_mk66f18.d" -o "startup/startup_mk66f18.o" "../startup/startup_mk66f18.c"
arm-none-eabi-gcc -std=gnu99 -D__REDLIB__ -DCPU_MK66FN2M0VMD18 -DCPU_MK66FN2M0VMD18_cm4 -DFRDM_K66F -DFREEDOM -DSERIAL_PORT_TYPE_UART=1 -DSDK_DEBUGCONSOLE=0 -DCR_INTEGER_PRINTF -DPRINTF_FLOAT_ENABLE=0 -D__MCUXPRESSO -D__USE_CMSIS -DDEBUG -I"/home/apopa/Documents/MCUXpresso_11.1.1_3241/workspace/frdmk66f_uart_polling/board" -I"/home/apopa/Documents/MCUXpresso_11.1.1_3241/workspace/frdmk66f_uart_polling/source" -I"/home/apopa/Documents/MCUXpresso_11.1.1_3241/workspace/frdmk66f_uart_polling" -I"/home/apopa/Documents/MCUXpresso_11.1.1_3241/workspace/frdmk66f_uart_polling/drivers" -I"/home/apopa/Documents/MCUXpresso_11.1.1_3241/workspace/frdmk66f_uart_polling/device" -I"/home/apopa/Documents/MCUXpresso_11.1.1_3241/workspace/frdmk66f_uart_polling/CMSIS" -I"/home/apopa/Documents/MCUXpresso_11.1.1_3241/workspace/frdmk66f_uart_polling/utilities" -I"/home/apopa/Documents/MCUXpresso_11.1.1_3241/workspace/frdmk66f_uart_polling/component/serial_manager" -I"/home/apopa/Documents/MCUXpresso_11.1.1_3241/workspace/frdmk66f_uart_polling/component/lists" -I"/home/apopa/Documents/MCUXpresso_11.1.1_3241/workspace/frdmk66f_uart_polling/component/uart" -O0 -fno-common -g3 -Wall -c  -ffunction-sections  -fdata-sections  -ffreestanding  -fno-builtin -fmerge-constants -fmacro-prefix-map="../source/"=. -mcpu=cortex-m4 -mfpu=fpv4-sp-d16 -mfloat-abi=hard -mthumb -D__REDLIB__ -fstack-usage -specs=redlib.specs -MMD -MP -MF"source/semihost_hardfault.d" -MT"source/semihost_hardfault.o" -MT"source/semihost_hardfault.d" -o "source/semihost_hardfault.o" "../source/semihost_hardfault.c"
arm-none-eabi-gcc -std=gnu99 -D__REDLIB__ -DCPU_MK66FN2M0VMD18 -DCPU_MK66FN2M0VMD18_cm4 -DFRDM_K66F -DFREEDOM -DSERIAL_PORT_TYPE_UART=1 -DSDK_DEBUGCONSOLE=0 -DCR_INTEGER_PRINTF -DPRINTF_FLOAT_ENABLE=0 -D__MCUXPRESSO -D__USE_CMSIS -DDEBUG -I"/home/apopa/Documents/MCUXpresso_11.1.1_3241/workspace/frdmk66f_uart_polling/board" -I"/home/apopa/Documents/MCUXpresso_11.1.1_3241/workspace/frdmk66f_uart_polling/source" -I"/home/apopa/Documents/MCUXpresso_11.1.1_3241/workspace/frdmk66f_uart_polling" -I"/home/apopa/Documents/MCUXpresso_11.1.1_3241/workspace/frdmk66f_uart_polling/drivers" -I"/home/apopa/Documents/MCUXpresso_11.1.1_3241/workspace/frdmk66f_uart_polling/device" -I"/home/apopa/Documents/MCUXpresso_11.1.1_3241/workspace/frdmk66f_uart_polling/CMSIS" -I"/home/apopa/Documents/MCUXpresso_11.1.1_3241/workspace/frdmk66f_uart_polling/utilities" -I"/home/apopa/Documents/MCUXpresso_11.1.1_3241/workspace/frdmk66f_uart_polling/component/serial_manager" -I"/home/apopa/Documents/MCUXpresso_11.1.1_3241/workspace/frdmk66f_uart_polling/component/lists" -I"/home/apopa/Documents/MCUXpresso_11.1.1_3241/workspace/frdmk66f_uart_polling/component/uart" -O0 -fno-common -g3 -Wall -c  -ffunction-sections  -fdata-sections  -ffreestanding  -fno-builtin -fmerge-constants -fmacro-prefix-map="../source/"=. -mcpu=cortex-m4 -mfpu=fpv4-sp-d16 -mfloat-abi=hard -mthumb -D__REDLIB__ -fstack-usage -specs=redlib.specs -MMD -MP -MF"source/uart_polling.d" -MT"source/uart_polling.o" -MT"source/uart_polling.d" -o "source/uart_polling.o" "../source/uart_polling.c"
Invoking: MCU C Compiler
arm-none-eabi-gcc -std=gnu99 -D__REDLIB__ -DCPU_MK66FN2M0VMD18 -DCPU_MK66FN2M0VMD18_cm4 -DFRDM_K66F -DFREEDOM -DSERIAL_PORT_TYPE_UART=1 -DSDK_DEBUGCONSOLE=0 -DCR_INTEGER_PRINTF -DPRINTF_FLOAT_ENABLE=0 -D__MCUXPRESSO -D__USE_CMSIS -DDEBUG -I"/home/apopa/Documents/MCUXpresso_11.1.1_3241/workspace/frdmk66f_uart_polling/board" -I"/home/apopa/Documents/MCUXpresso_11.1.1_3241/workspace/frdmk66f_uart_polling/source" -I"/home/apopa/Documents/MCUXpresso_11.1.1_3241/workspace/frdmk66f_uart_polling" -I"/home/apopa/Documents/MCUXpresso_11.1.1_3241/workspace/frdmk66f_uart_polling/drivers" -I"/home/apopa/Documents/MCUXpresso_11.1.1_3241/workspace/frdmk66f_uart_polling/device" -I"/home/apopa/Documents/MCUXpresso_11.1.1_3241/workspace/frdmk66f_uart_polling/CMSIS" -I"/home/apopa/Documents/MCUXpresso_11.1.1_3241/workspace/frdmk66f_uart_polling/utilities" -I"/home/apopa/Documents/MCUXpresso_11.1.1_3241/workspace/frdmk66f_uart_polling/component/serial_manager" -I"/home/apopa/Documents/MCUXpresso_11.1.1_3241/workspace/frdmk66f_uart_polling/component/lists" -I"/home/apopa/Documents/MCUXpresso_11.1.1_3241/workspace/frdmk66f_uart_polling/component/uart" -O0 -fno-common -g3 -Wall -c  -ffunction-sections  -fdata-sections  -ffreestanding  -fno-builtin -fmerge-constants -fmacro-prefix-map="../drivers/"=. -mcpu=cortex-m4 -mfpu=fpv4-sp-d16 -mfloat-abi=hard -mthumb -D__REDLIB__ -fstack-usage -specs=redlib.specs -MMD -MP -MF"drivers/fsl_clock.d" -MT"drivers/fsl_clock.o" -MT"drivers/fsl_clock.d" -o "drivers/fsl_clock.o" "../drivers/fsl_clock.c"
Building file: ../drivers/fsl_common.c
Invoking: MCU C Compiler
arm-none-eabi-gcc -std=gnu99 -D__REDLIB__ -DCPU_MK66FN2M0VMD18 -DCPU_MK66FN2M0VMD18_cm4 -DFRDM_K66F -DFREEDOM -DSERIAL_PORT_TYPE_UART=1 -DSDK_DEBUGCONSOLE=0 -DCR_INTEGER_PRINTF -DPRINTF_FLOAT_ENABLE=0 -D__MCUXPRESSO -D__USE_CMSIS -DDEBUG -I"/home/apopa/Documents/MCUXpresso_11.1.1_3241/workspace/frdmk66f_uart_polling/board" -I"/home/apopa/Documents/MCUXpresso_11.1.1_3241/workspace/frdmk66f_uart_polling/source" -I"/home/apopa/Documents/MCUXpresso_11.1.1_3241/workspace/frdmk66f_uart_polling" -I"/home/apopa/Documents/MCUXpresso_11.1.1_3241/workspace/frdmk66f_uart_polling/drivers" -I"/home/apopa/Documents/MCUXpresso_11.1.1_3241/workspace/frdmk66f_uart_polling/device" -I"/home/apopa/Documents/MCUXpresso_11.1.1_3241/workspace/frdmk66f_uart_polling/CMSIS" -I"/home/apopa/Documents/MCUXpresso_11.1.1_3241/workspace/frdmk66f_uart_polling/utilities" -I"/home/apopa/Documents/MCUXpresso_11.1.1_3241/workspace/frdmk66f_uart_polling/component/serial_manager" -I"/home/apopa/Documents/MCUXpresso_11.1.1_3241/workspace/frdmk66f_uart_polling/component/lists" -I"/home/apopa/Documents/MCUXpresso_11.1.1_3241/workspace/frdmk66f_uart_polling/component/uart" -O0 -fno-common -g3 -Wall -c  -ffunction-sections  -fdata-sections  -ffreestanding  -fno-builtin -fmerge-constants -fmacro-prefix-map="../drivers/"=. -mcpu=cortex-m4 -mfpu=fpv4-sp-d16 -mfloat-abi=hard -mthumb -D__REDLIB__ -fstack-usage -specs=redlib.specs -MMD -MP -MF"drivers/fsl_common.d" -MT"drivers/fsl_common.o" -MT"drivers/fsl_common.d" -o "drivers/fsl_common.o" "../drivers/fsl_common.c"
Finished building: ../source/semihost_hardfault.c
 
Building file: ../drivers/fsl_ftfx_cache.c
Invoking: MCU C Compiler
arm-none-eabi-gcc -std=gnu99 -D__REDLIB__ -DCPU_MK66FN2M0VMD18 -DCPU_MK66FN2M0VMD18_cm4 -DFRDM_K66F -DFREEDOM -DSERIAL_PORT_TYPE_UART=1 -DSDK_DEBUGCONSOLE=0 -DCR_INTEGER_PRINTF -DPRINTF_FLOAT_ENABLE=0 -D__MCUXPRESSO -D__USE_CMSIS -DDEBUG -I"/home/apopa/Documents/MCUXpresso_11.1.1_3241/workspace/frdmk66f_uart_polling/board" -I"/home/apopa/Documents/MCUXpresso_11.1.1_3241/workspace/frdmk66f_uart_polling/source" -I"/home/apopa/Documents/MCUXpresso_11.1.1_3241/workspace/frdmk66f_uart_polling" -I"/home/apopa/Documents/MCUXpresso_11.1.1_3241/workspace/frdmk66f_uart_polling/drivers" -I"/home/apopa/Documents/MCUXpresso_11.1.1_3241/workspace/frdmk66f_uart_polling/device" -I"/home/apopa/Documents/MCUXpresso_11.1.1_3241/workspace/frdmk66f_uart_polling/CMSIS" -I"/home/apopa/Documents/MCUXpresso_11.1.1_3241/workspace/frdmk66f_uart_polling/utilities" -I"/home/apopa/Documents/MCUXpresso_11.1.1_3241/workspace/frdmk66f_uart_polling/component/serial_manager" -I"/home/apopa/Documents/MCUXpresso_11.1.1_3241/workspace/frdmk66f_uart_polling/component/lists" -I"/home/apopa/Documents/MCUXpresso_11.1.1_3241/workspace/frdmk66f_uart_polling/component/uart" -O0 -fno-common -g3 -Wall -c  -ffunction-sections  -fdata-sections  -ffreestanding  -fno-builtin -fmerge-constants -fmacro-prefix-map="../drivers/"=. -mcpu=cortex-m4 -mfpu=fpv4-sp-d16 -mfloat-abi=hard -mthumb -D__REDLIB__ -fstack-usage -specs=redlib.specs -MMD -MP -MF"drivers/fsl_ftfx_cache.d" -MT"drivers/fsl_ftfx_cache.o" -MT"drivers/fsl_ftfx_cache.d" -o "drivers/fsl_ftfx_cache.o" "../drivers/fsl_ftfx_cache.c"
Finished building: ../startup/startup_mk66f18.c
 
Building file: ../drivers/fsl_ftfx_controller.c
Invoking: MCU C Compiler
arm-none-eabi-gcc -std=gnu99 -D__REDLIB__ -DCPU_MK66FN2M0VMD18 -DCPU_MK66FN2M0VMD18_cm4 -DFRDM_K66F -DFREEDOM -DSERIAL_PORT_TYPE_UART=1 -DSDK_DEBUGCONSOLE=0 -DCR_INTEGER_PRINTF -DPRINTF_FLOAT_ENABLE=0 -D__MCUXPRESSO -D__USE_CMSIS -DDEBUG -I"/home/apopa/Documents/MCUXpresso_11.1.1_3241/workspace/frdmk66f_uart_polling/board" -I"/home/apopa/Documents/MCUXpresso_11.1.1_3241/workspace/frdmk66f_uart_polling/source" -I"/home/apopa/Documents/MCUXpresso_11.1.1_3241/workspace/frdmk66f_uart_polling" -I"/home/apopa/Documents/MCUXpresso_11.1.1_3241/workspace/frdmk66f_uart_polling/drivers" -I"/home/apopa/Documents/MCUXpresso_11.1.1_3241/workspace/frdmk66f_uart_polling/device" -I"/home/apopa/Documents/MCUXpresso_11.1.1_3241/workspace/frdmk66f_uart_polling/CMSIS" -I"/home/apopa/Documents/MCUXpresso_11.1.1_3241/workspace/frdmk66f_uart_polling/utilities" -I"/home/apopa/Documents/MCUXpresso_11.1.1_3241/workspace/frdmk66f_uart_polling/component/serial_manager" -I"/home/apopa/Documents/MCUXpresso_11.1.1_3241/workspace/frdmk66f_uart_polling/component/lists" -I"/home/apopa/Documents/MCUXpresso_11.1.1_3241/workspace/frdmk66f_uart_polling/component/uart" -O0 -fno-common -g3 -Wall -c  -ffunction-sections  -fdata-sections  -ffreestanding  -fno-builtin -fmerge-constants -fmacro-prefix-map="../drivers/"=. -mcpu=cortex-m4 -mfpu=fpv4-sp-d16 -mfloat-abi=hard -mthumb -D__REDLIB__ -fstack-usage -specs=redlib.specs -MMD -MP -MF"drivers/fsl_ftfx_controller.d" -MT"drivers/fsl_ftfx_controller.o" -MT"drivers/fsl_ftfx_controller.d" -o "drivers/fsl_ftfx_controller.o" "../drivers/fsl_ftfx_controller.c"
Finished building: ../source/uart_polling.c
Finished building: ../drivers/fsl_common.c
Finished building: ../utilities/fsl_debug_console.c
 
Building file: ../drivers/fsl_ftfx_flash.c
 
Building file: ../drivers/fsl_ftfx_flexnvm.c
Invoking: MCU C Compiler
arm-none-eabi-gcc -std=gnu99 -D__REDLIB__ -DCPU_MK66FN2M0VMD18 -DCPU_MK66FN2M0VMD18_cm4 -DFRDM_K66F -DFREEDOM -DSERIAL_PORT_TYPE_UART=1 -DSDK_DEBUGCONSOLE=0 -DCR_INTEGER_PRINTF -DPRINTF_FLOAT_ENABLE=0 -D__MCUXPRESSO -D__USE_CMSIS -DDEBUG -I"/home/apopa/Documents/MCUXpresso_11.1.1_3241/workspace/frdmk66f_uart_polling/board" -I"/home/apopa/Documents/MCUXpresso_11.1.1_3241/workspace/frdmk66f_uart_polling/source" -I"/home/apopa/Documents/MCUXpresso_11.1.1_3241/workspace/frdmk66f_uart_polling" -I"/home/apopa/Documents/MCUXpresso_11.1.1_3241/workspace/frdmk66f_uart_polling/drivers" -I"/home/apopa/Documents/MCUXpresso_11.1.1_3241/workspace/frdmk66f_uart_polling/device" -I"/home/apopa/Documents/MCUXpresso_11.1.1_3241/workspace/frdmk66f_uart_polling/CMSIS" -I"/home/apopa/Documents/MCUXpresso_11.1.1_3241/workspace/frdmk66f_uart_polling/utilities" -I"/home/apopa/Documents/MCUXpresso_11.1.1_3241/workspace/frdmk66f_uart_polling/component/serial_manager" -I"/home/apopa/Documents/MCUXpresso_11.1.1_3241/workspace/frdmk66f_uart_polling/component/lists" -I"/home/apopa/Documents/MCUXpresso_11.1.1_3241/workspace/frdmk66f_uart_polling/component/uart" -O0 -fno-common -g3 -Wall -c  -ffunction-sections  -fdata-sections  -ffreestanding  -fno-builtin -fmerge-constants -fmacro-prefix-map="../drivers/"=. -mcpu=cortex-m4 -mfpu=fpv4-sp-d16 -mfloat-abi=hard -mthumb -D__REDLIB__ -fstack-usage -specs=redlib.specs -MMD -MP -MF"drivers/fsl_ftfx_flexnvm.d" -MT"drivers/fsl_ftfx_flexnvm.o" -MT"drivers/fsl_ftfx_flexnvm.d" -o "drivers/fsl_ftfx_flexnvm.o" "../drivers/fsl_ftfx_flexnvm.c"
 
Invoking: MCU C Compiler
arm-none-eabi-gcc -std=gnu99 -D__REDLIB__ -DCPU_MK66FN2M0VMD18 -DCPU_MK66FN2M0VMD18_cm4 -DFRDM_K66F -DFREEDOM -DSERIAL_PORT_TYPE_UART=1 -DSDK_DEBUGCONSOLE=0 -DCR_INTEGER_PRINTF -DPRINTF_FLOAT_ENABLE=0 -D__MCUXPRESSO -D__USE_CMSIS -DDEBUG -I"/home/apopa/Documents/MCUXpresso_11.1.1_3241/workspace/frdmk66f_uart_polling/board" -I"/home/apopa/Documents/MCUXpresso_11.1.1_3241/workspace/frdmk66f_uart_polling/source" -I"/home/apopa/Documents/MCUXpresso_11.1.1_3241/workspace/frdmk66f_uart_polling" -I"/home/apopa/Documents/MCUXpresso_11.1.1_3241/workspace/frdmk66f_uart_polling/drivers" -I"/home/apopa/Documents/MCUXpresso_11.1.1_3241/workspace/frdmk66f_uart_polling/device" -I"/home/apopa/Documents/MCUXpresso_11.1.1_3241/workspace/frdmk66f_uart_polling/CMSIS" -I"/home/apopa/Documents/MCUXpresso_11.1.1_3241/workspace/frdmk66f_uart_polling/utilities" -I"/home/apopa/Documents/MCUXpresso_11.1.1_3241/workspace/frdmk66f_uart_polling/component/serial_manager" -I"/home/apopa/Documents/MCUXpresso_11.1.1_3241/workspace/frdmk66f_uart_polling/component/lists" -I"/home/apopa/Documents/MCUXpresso_11.1.1_3241/workspace/frdmk66f_uart_polling/component/uart" -O0 -fno-common -g3 -Wall -c  -ffunction-sections  -fdata-sections  -ffreestanding  -fno-builtin -fmerge-constants -fmacro-prefix-map="../drivers/"=. -mcpu=cortex-m4 -mfpu=fpv4-sp-d16 -mfloat-abi=hard -mthumb -D__REDLIB__ -fstack-usage -specs=redlib.specs -MMD -MP -MF"drivers/fsl_ftfx_flash.d" -MT"drivers/fsl_ftfx_flash.o" -MT"drivers/fsl_ftfx_flash.d" -o "drivers/fsl_ftfx_flash.o" "../drivers/fsl_ftfx_flash.c"
Building file: ../drivers/fsl_gpio.c
Invoking: MCU C Compiler
arm-none-eabi-gcc -std=gnu99 -D__REDLIB__ -DCPU_MK66FN2M0VMD18 -DCPU_MK66FN2M0VMD18_cm4 -DFRDM_K66F -DFREEDOM -DSERIAL_PORT_TYPE_UART=1 -DSDK_DEBUGCONSOLE=0 -DCR_INTEGER_PRINTF -DPRINTF_FLOAT_ENABLE=0 -D__MCUXPRESSO -D__USE_CMSIS -DDEBUG -I"/home/apopa/Documents/MCUXpresso_11.1.1_3241/workspace/frdmk66f_uart_polling/board" -I"/home/apopa/Documents/MCUXpresso_11.1.1_3241/workspace/frdmk66f_uart_polling/source" -I"/home/apopa/Documents/MCUXpresso_11.1.1_3241/workspace/frdmk66f_uart_polling" -I"/home/apopa/Documents/MCUXpresso_11.1.1_3241/workspace/frdmk66f_uart_polling/drivers" -I"/home/apopa/Documents/MCUXpresso_11.1.1_3241/workspace/frdmk66f_uart_polling/device" -I"/home/apopa/Documents/MCUXpresso_11.1.1_3241/workspace/frdmk66f_uart_polling/CMSIS" -I"/home/apopa/Documents/MCUXpresso_11.1.1_3241/workspace/frdmk66f_uart_polling/utilities" -I"/home/apopa/Documents/MCUXpresso_11.1.1_3241/workspace/frdmk66f_uart_polling/component/serial_manager" -I"/home/apopa/Documents/MCUXpresso_11.1.1_3241/workspace/frdmk66f_uart_polling/component/lists" -I"/home/apopa/Documents/MCUXpresso_11.1.1_3241/workspace/frdmk66f_uart_polling/component/uart" -O0 -fno-common -g3 -Wall -c  -ffunction-sections  -fdata-sections  -ffreestanding  -fno-builtin -fmerge-constants -fmacro-prefix-map="../drivers/"=. -mcpu=cortex-m4 -mfpu=fpv4-sp-d16 -mfloat-abi=hard -mthumb -D__REDLIB__ -fstack-usage -specs=redlib.specs -MMD -MP -MF"drivers/fsl_gpio.d" -MT"drivers/fsl_gpio.o" -MT"drivers/fsl_gpio.d" -o "drivers/fsl_gpio.o" "../drivers/fsl_gpio.c"
Finished building: ../utilities/fsl_assert.c
Finished building: ../utilities/fsl_str.c
 
 
Building file: ../drivers/fsl_lpuart.c
Building file: ../drivers/fsl_smc.c
Invoking: MCU C Compiler
arm-none-eabi-gcc -std=gnu99 -D__REDLIB__ -DCPU_MK66FN2M0VMD18 -DCPU_MK66FN2M0VMD18_cm4 -DFRDM_K66F -DFREEDOM -DSERIAL_PORT_TYPE_UART=1 -DSDK_DEBUGCONSOLE=0 -DCR_INTEGER_PRINTF -DPRINTF_FLOAT_ENABLE=0 -D__MCUXPRESSO -D__USE_CMSIS -DDEBUG -I"/home/apopa/Documents/MCUXpresso_11.1.1_3241/workspace/frdmk66f_uart_polling/board" -I"/home/apopa/Documents/MCUXpresso_11.1.1_3241/workspace/frdmk66f_uart_polling/source" -I"/home/apopa/Documents/MCUXpresso_11.1.1_3241/workspace/frdmk66f_uart_polling" -I"/home/apopa/Documents/MCUXpresso_11.1.1_3241/workspace/frdmk66f_uart_polling/drivers" -I"/home/apopa/Documents/MCUXpresso_11.1.1_3241/workspace/frdmk66f_uart_polling/device" -I"/home/apopa/Documents/MCUXpresso_11.1.1_3241/workspace/frdmk66f_uart_polling/CMSIS" -I"/home/apopa/Documents/MCUXpresso_11.1.1_3241/workspace/frdmk66f_uart_polling/utilities" -I"/home/apopa/Documents/MCUXpresso_11.1.1_3241/workspace/frdmk66f_uart_polling/component/serial_manager" -I"/home/apopa/Documents/MCUXpresso_11.1.1_3241/workspace/frdmk66f_uart_polling/component/lists" -I"/home/apopa/Documents/MCUXpresso_11.1.1_3241/workspace/frdmk66f_uart_polling/component/uart" -O0 -fno-common -g3 -Wall -c  -ffunction-sections  -fdata-sections  -ffreestanding  -fno-builtin -fmerge-constants -fmacro-prefix-map="../drivers/"=. -mcpu=cortex-m4 -mfpu=fpv4-sp-d16 -mfloat-abi=hard -mthumb -D__REDLIB__ -fstack-usage -specs=redlib.specs -MMD -MP -MF"drivers/fsl_lpuart.d" -MT"drivers/fsl_lpuart.o" -MT"drivers/fsl_lpuart.d" -o "drivers/fsl_lpuart.o" "../drivers/fsl_lpuart.c"
Invoking: MCU C Compiler
arm-none-eabi-gcc -std=gnu99 -D__REDLIB__ -DCPU_MK66FN2M0VMD18 -DCPU_MK66FN2M0VMD18_cm4 -DFRDM_K66F -DFREEDOM -DSERIAL_PORT_TYPE_UART=1 -DSDK_DEBUGCONSOLE=0 -DCR_INTEGER_PRINTF -DPRINTF_FLOAT_ENABLE=0 -D__MCUXPRESSO -D__USE_CMSIS -DDEBUG -I"/home/apopa/Documents/MCUXpresso_11.1.1_3241/workspace/frdmk66f_uart_polling/board" -I"/home/apopa/Documents/MCUXpresso_11.1.1_3241/workspace/frdmk66f_uart_polling/source" -I"/home/apopa/Documents/MCUXpresso_11.1.1_3241/workspace/frdmk66f_uart_polling" -I"/home/apopa/Documents/MCUXpresso_11.1.1_3241/workspace/frdmk66f_uart_polling/drivers" -I"/home/apopa/Documents/MCUXpresso_11.1.1_3241/workspace/frdmk66f_uart_polling/device" -I"/home/apopa/Documents/MCUXpresso_11.1.1_3241/workspace/frdmk66f_uart_polling/CMSIS" -I"/home/apopa/Documents/MCUXpresso_11.1.1_3241/workspace/frdmk66f_uart_polling/utilities" -I"/home/apopa/Documents/MCUXpresso_11.1.1_3241/workspace/frdmk66f_uart_polling/component/serial_manager" -I"/home/apopa/Documents/MCUXpresso_11.1.1_3241/workspace/frdmk66f_uart_polling/component/lists" -I"/home/apopa/Documents/MCUXpresso_11.1.1_3241/workspace/frdmk66f_uart_polling/component/uart" -O0 -fno-common -g3 -Wall -c  -ffunction-sections  -fdata-sections  -ffreestanding  -fno-builtin -fmerge-constants -fmacro-prefix-map="../drivers/"=. -mcpu=cortex-m4 -mfpu=fpv4-sp-d16 -mfloat-abi=hard -mthumb -D__REDLIB__ -fstack-usage -specs=redlib.specs -MMD -MP -MF"drivers/fsl_smc.d" -MT"drivers/fsl_smc.o" -MT"drivers/fsl_smc.d" -o "drivers/fsl_smc.o" "../drivers/fsl_smc.c"
Finished building: ../drivers/fsl_ftfx_cache.c
 
Building file: ../drivers/fsl_uart.c
Invoking: MCU C Compiler
arm-none-eabi-gcc -std=gnu99 -D__REDLIB__ -DCPU_MK66FN2M0VMD18 -DCPU_MK66FN2M0VMD18_cm4 -DFRDM_K66F -DFREEDOM -DSERIAL_PORT_TYPE_UART=1 -DSDK_DEBUGCONSOLE=0 -DCR_INTEGER_PRINTF -DPRINTF_FLOAT_ENABLE=0 -D__MCUXPRESSO -D__USE_CMSIS -DDEBUG -I"/home/apopa/Documents/MCUXpresso_11.1.1_3241/workspace/frdmk66f_uart_polling/board" -I"/home/apopa/Documents/MCUXpresso_11.1.1_3241/workspace/frdmk66f_uart_polling/source" -I"/home/apopa/Documents/MCUXpresso_11.1.1_3241/workspace/frdmk66f_uart_polling" -I"/home/apopa/Documents/MCUXpresso_11.1.1_3241/workspace/frdmk66f_uart_polling/drivers" -I"/home/apopa/Documents/MCUXpresso_11.1.1_3241/workspace/frdmk66f_uart_polling/device" -I"/home/apopa/Documents/MCUXpresso_11.1.1_3241/workspace/frdmk66f_uart_polling/CMSIS" -I"/home/apopa/Documents/MCUXpresso_11.1.1_3241/workspace/frdmk66f_uart_polling/utilities" -I"/home/apopa/Documents/MCUXpresso_11.1.1_3241/workspace/frdmk66f_uart_polling/component/serial_manager" -I"/home/apopa/Documents/MCUXpresso_11.1.1_3241/workspace/frdmk66f_uart_polling/component/lists" -I"/home/apopa/Documents/MCUXpresso_11.1.1_3241/workspace/frdmk66f_uart_polling/component/uart" -O0 -fno-common -g3 -Wall -c  -ffunction-sections  -fdata-sections  -ffreestanding  -fno-builtin -fmerge-constants -fmacro-prefix-map="../drivers/"=. -mcpu=cortex-m4 -mfpu=fpv4-sp-d16 -mfloat-abi=hard -mthumb -D__REDLIB__ -fstack-usage -specs=redlib.specs -MMD -MP -MF"drivers/fsl_uart.d" -MT"drivers/fsl_uart.o" -MT"drivers/fsl_uart.d" -o "drivers/fsl_uart.o" "../drivers/fsl_uart.c"
Finished building: ../drivers/fsl_ftfx_flexnvm.c
Finished building: ../drivers/fsl_clock.c
 
 
Building file: ../device/system_MK66F18.c
Building file: ../component/uart/uart_adapter.c
Invoking: MCU C Compiler
arm-none-eabi-gcc -std=gnu99 -D__REDLIB__ -DCPU_MK66FN2M0VMD18 -DCPU_MK66FN2M0VMD18_cm4 -DFRDM_K66F -DFREEDOM -DSERIAL_PORT_TYPE_UART=1 -DSDK_DEBUGCONSOLE=0 -DCR_INTEGER_PRINTF -DPRINTF_FLOAT_ENABLE=0 -D__MCUXPRESSO -D__USE_CMSIS -DDEBUG -I"/home/apopa/Documents/MCUXpresso_11.1.1_3241/workspace/frdmk66f_uart_polling/board" -I"/home/apopa/Documents/MCUXpresso_11.1.1_3241/workspace/frdmk66f_uart_polling/source" -I"/home/apopa/Documents/MCUXpresso_11.1.1_3241/workspace/frdmk66f_uart_polling" -I"/home/apopa/Documents/MCUXpresso_11.1.1_3241/workspace/frdmk66f_uart_polling/drivers" -I"/home/apopa/Documents/MCUXpresso_11.1.1_3241/workspace/frdmk66f_uart_polling/device" -I"/home/apopa/Documents/MCUXpresso_11.1.1_3241/workspace/frdmk66f_uart_polling/CMSIS" -I"/home/apopa/Documents/MCUXpresso_11.1.1_3241/workspace/frdmk66f_uart_polling/utilities" -I"/home/apopa/Documents/MCUXpresso_11.1.1_3241/workspace/frdmk66f_uart_polling/component/serial_manager" -I"/home/apopa/Documents/MCUXpresso_11.1.1_3241/workspace/frdmk66f_uart_polling/component/lists" -I"/home/apopa/Documents/MCUXpresso_11.1.1_3241/workspace/frdmk66f_uart_polling/component/uart" -O0 -fno-common -g3 -Wall -c  -ffunction-sections  -fdata-sections  -ffreestanding  -fno-builtin -fmerge-constants -fmacro-prefix-map="../device/"=. -mcpu=cortex-m4 -mfpu=fpv4-sp-d16 -mfloat-abi=hard -mthumb -D__REDLIB__ -fstack-usage -specs=redlib.specs -MMD -MP -MF"device/system_MK66F18.d" -MT"device/system_MK66F18.o" -MT"device/system_MK66F18.d" -o "device/system_MK66F18.o" "../device/system_MK66F18.c"
Invoking: MCU C Compiler
arm-none-eabi-gcc -std=gnu99 -D__REDLIB__ -DCPU_MK66FN2M0VMD18 -DCPU_MK66FN2M0VMD18_cm4 -DFRDM_K66F -DFREEDOM -DSERIAL_PORT_TYPE_UART=1 -DSDK_DEBUGCONSOLE=0 -DCR_INTEGER_PRINTF -DPRINTF_FLOAT_ENABLE=0 -D__MCUXPRESSO -D__USE_CMSIS -DDEBUG -I"/home/apopa/Documents/MCUXpresso_11.1.1_3241/workspace/frdmk66f_uart_polling/board" -I"/home/apopa/Documents/MCUXpresso_11.1.1_3241/workspace/frdmk66f_uart_polling/source" -I"/home/apopa/Documents/MCUXpresso_11.1.1_3241/workspace/frdmk66f_uart_polling" -I"/home/apopa/Documents/MCUXpresso_11.1.1_3241/workspace/frdmk66f_uart_polling/drivers" -I"/home/apopa/Documents/MCUXpresso_11.1.1_3241/workspace/frdmk66f_uart_polling/device" -I"/home/apopa/Documents/MCUXpresso_11.1.1_3241/workspace/frdmk66f_uart_polling/CMSIS" -I"/home/apopa/Documents/MCUXpresso_11.1.1_3241/workspace/frdmk66f_uart_polling/utilities" -I"/home/apopa/Documents/MCUXpresso_11.1.1_3241/workspace/frdmk66f_uart_polling/component/serial_manager" -I"/home/apopa/Documents/MCUXpresso_11.1.1_3241/workspace/frdmk66f_uart_polling/component/lists" -I"/home/apopa/Documents/MCUXpresso_11.1.1_3241/workspace/frdmk66f_uart_polling/component/uart" -O0 -fno-common -g3 -Wall -c  -ffunction-sections  -fdata-sections  -ffreestanding  -fno-builtin -fmerge-constants -fmacro-prefix-map="../component/uart/"=. -mcpu=cortex-m4 -mfpu=fpv4-sp-d16 -mfloat-abi=hard -mthumb -D__REDLIB__ -fstack-usage -specs=redlib.specs -MMD -MP -MF"component/uart/uart_adapter.d" -MT"component/uart/uart_adapter.o" -MT"component/uart/uart_adapter.d" -o "component/uart/uart_adapter.o" "../component/uart/uart_adapter.c"
Finished building: ../drivers/fsl_gpio.c
 
Building file: ../component/serial_manager/serial_manager.c
Invoking: MCU C Compiler
arm-none-eabi-gcc -std=gnu99 -D__REDLIB__ -DCPU_MK66FN2M0VMD18 -DCPU_MK66FN2M0VMD18_cm4 -DFRDM_K66F -DFREEDOM -DSERIAL_PORT_TYPE_UART=1 -DSDK_DEBUGCONSOLE=0 -DCR_INTEGER_PRINTF -DPRINTF_FLOAT_ENABLE=0 -D__MCUXPRESSO -D__USE_CMSIS -DDEBUG -I"/home/apopa/Documents/MCUXpresso_11.1.1_3241/workspace/frdmk66f_uart_polling/board" -I"/home/apopa/Documents/MCUXpresso_11.1.1_3241/workspace/frdmk66f_uart_polling/source" -I"/home/apopa/Documents/MCUXpresso_11.1.1_3241/workspace/frdmk66f_uart_polling" -I"/home/apopa/Documents/MCUXpresso_11.1.1_3241/workspace/frdmk66f_uart_polling/drivers" -I"/home/apopa/Documents/MCUXpresso_11.1.1_3241/workspace/frdmk66f_uart_polling/device" -I"/home/apopa/Documents/MCUXpresso_11.1.1_3241/workspace/frdmk66f_uart_polling/CMSIS" -I"/home/apopa/Documents/MCUXpresso_11.1.1_3241/workspace/frdmk66f_uart_polling/utilities" -I"/home/apopa/Documents/MCUXpresso_11.1.1_3241/workspace/frdmk66f_uart_polling/component/serial_manager" -I"/home/apopa/Documents/MCUXpresso_11.1.1_3241/workspace/frdmk66f_uart_polling/component/lists" -I"/home/apopa/Documents/MCUXpresso_11.1.1_3241/workspace/frdmk66f_uart_polling/component/uart" -O0 -fno-common -g3 -Wall -c  -ffunction-sections  -fdata-sections  -ffreestanding  -fno-builtin -fmerge-constants -fmacro-prefix-map="../component/serial_manager/"=. -mcpu=cortex-m4 -mfpu=fpv4-sp-d16 -mfloat-abi=hard -mthumb -D__REDLIB__ -fstack-usage -specs=redlib.specs -MMD -MP -MF"component/serial_manager/serial_manager.d" -MT"component/serial_manager/serial_manager.o" -MT"component/serial_manager/serial_manager.d" -o "component/serial_manager/serial_manager.o" "../component/serial_manager/serial_manager.c"
Finished building: ../drivers/fsl_ftfx_controller.c
 
Building file: ../component/serial_manager/serial_port_uart.c
Invoking: MCU C Compiler
arm-none-eabi-gcc -std=gnu99 -D__REDLIB__ -DCPU_MK66FN2M0VMD18 -DCPU_MK66FN2M0VMD18_cm4 -DFRDM_K66F -DFREEDOM -DSERIAL_PORT_TYPE_UART=1 -DSDK_DEBUGCONSOLE=0 -DCR_INTEGER_PRINTF -DPRINTF_FLOAT_ENABLE=0 -D__MCUXPRESSO -D__USE_CMSIS -DDEBUG -I"/home/apopa/Documents/MCUXpresso_11.1.1_3241/workspace/frdmk66f_uart_polling/board" -I"/home/apopa/Documents/MCUXpresso_11.1.1_3241/workspace/frdmk66f_uart_polling/source" -I"/home/apopa/Documents/MCUXpresso_11.1.1_3241/workspace/frdmk66f_uart_polling" -I"/home/apopa/Documents/MCUXpresso_11.1.1_3241/workspace/frdmk66f_uart_polling/drivers" -I"/home/apopa/Documents/MCUXpresso_11.1.1_3241/workspace/frdmk66f_uart_polling/device" -I"/home/apopa/Documents/MCUXpresso_11.1.1_3241/workspace/frdmk66f_uart_polling/CMSIS" -I"/home/apopa/Documents/MCUXpresso_11.1.1_3241/workspace/frdmk66f_uart_polling/utilities" -I"/home/apopa/Documents/MCUXpresso_11.1.1_3241/workspace/frdmk66f_uart_polling/component/serial_manager" -I"/home/apopa/Documents/MCUXpresso_11.1.1_3241/workspace/frdmk66f_uart_polling/component/lists" -I"/home/apopa/Documents/MCUXpresso_11.1.1_3241/workspace/frdmk66f_uart_polling/component/uart" -O0 -fno-common -g3 -Wall -c  -ffunction-sections  -fdata-sections  -ffreestanding  -fno-builtin -fmerge-constants -fmacro-prefix-map="../component/serial_manager/"=. -mcpu=cortex-m4 -mfpu=fpv4-sp-d16 -mfloat-abi=hard -mthumb -D__REDLIB__ -fstack-usage -specs=redlib.specs -MMD -MP -MF"component/serial_manager/serial_port_uart.d" -MT"component/serial_manager/serial_port_uart.o" -MT"component/serial_manager/serial_port_uart.d" -o "component/serial_manager/serial_port_uart.o" "../component/serial_manager/serial_port_uart.c"
Finished building: ../drivers/fsl_smc.c
 
Building file: ../component/lists/generic_list.c
Invoking: MCU C Compiler
arm-none-eabi-gcc -std=gnu99 -D__REDLIB__ -DCPU_MK66FN2M0VMD18 -DCPU_MK66FN2M0VMD18_cm4 -DFRDM_K66F -DFREEDOM -DSERIAL_PORT_TYPE_UART=1 -DSDK_DEBUGCONSOLE=0 -DCR_INTEGER_PRINTF -DPRINTF_FLOAT_ENABLE=0 -D__MCUXPRESSO -D__USE_CMSIS -DDEBUG -I"/home/apopa/Documents/MCUXpresso_11.1.1_3241/workspace/frdmk66f_uart_polling/board" -I"/home/apopa/Documents/MCUXpresso_11.1.1_3241/workspace/frdmk66f_uart_polling/source" -I"/home/apopa/Documents/MCUXpresso_11.1.1_3241/workspace/frdmk66f_uart_polling" -I"/home/apopa/Documents/MCUXpresso_11.1.1_3241/workspace/frdmk66f_uart_polling/drivers" -I"/home/apopa/Documents/MCUXpresso_11.1.1_3241/workspace/frdmk66f_uart_polling/device" -I"/home/apopa/Documents/MCUXpresso_11.1.1_3241/workspace/frdmk66f_uart_polling/CMSIS" -I"/home/apopa/Documents/MCUXpresso_11.1.1_3241/workspace/frdmk66f_uart_polling/utilities" -I"/home/apopa/Documents/MCUXpresso_11.1.1_3241/workspace/frdmk66f_uart_polling/component/serial_manager" -I"/home/apopa/Documents/MCUXpresso_11.1.1_3241/workspace/frdmk66f_uart_polling/component/lists" -I"/home/apopa/Documents/MCUXpresso_11.1.1_3241/workspace/frdmk66f_uart_polling/component/uart" -O0 -fno-common -g3 -Wall -c  -ffunction-sections  -fdata-sections  -ffreestanding  -fno-builtin -fmerge-constants -fmacro-prefix-map="../component/lists/"=. -mcpu=cortex-m4 -mfpu=fpv4-sp-d16 -mfloat-abi=hard -mthumb -D__REDLIB__ -fstack-usage -specs=redlib.specs -MMD -MP -MF"component/lists/generic_list.d" -MT"component/lists/generic_list.o" -MT"component/lists/generic_list.d" -o "component/lists/generic_list.o" "../component/lists/generic_list.c"
Finished building: ../drivers/fsl_ftfx_flash.c
 
Building file: ../board/board.c
Invoking: MCU C Compiler
arm-none-eabi-gcc -std=gnu99 -D__REDLIB__ -DCPU_MK66FN2M0VMD18 -DCPU_MK66FN2M0VMD18_cm4 -DFRDM_K66F -DFREEDOM -DSERIAL_PORT_TYPE_UART=1 -DSDK_DEBUGCONSOLE=0 -DCR_INTEGER_PRINTF -DPRINTF_FLOAT_ENABLE=0 -D__MCUXPRESSO -D__USE_CMSIS -DDEBUG -I"/home/apopa/Documents/MCUXpresso_11.1.1_3241/workspace/frdmk66f_uart_polling/board" -I"/home/apopa/Documents/MCUXpresso_11.1.1_3241/workspace/frdmk66f_uart_polling/source" -I"/home/apopa/Documents/MCUXpresso_11.1.1_3241/workspace/frdmk66f_uart_polling" -I"/home/apopa/Documents/MCUXpresso_11.1.1_3241/workspace/frdmk66f_uart_polling/drivers" -I"/home/apopa/Documents/MCUXpresso_11.1.1_3241/workspace/frdmk66f_uart_polling/device" -I"/home/apopa/Documents/MCUXpresso_11.1.1_3241/workspace/frdmk66f_uart_polling/CMSIS" -I"/home/apopa/Documents/MCUXpresso_11.1.1_3241/workspace/frdmk66f_uart_polling/utilities" -I"/home/apopa/Documents/MCUXpresso_11.1.1_3241/workspace/frdmk66f_uart_polling/component/serial_manager" -I"/home/apopa/Documents/MCUXpresso_11.1.1_3241/workspace/frdmk66f_uart_polling/component/lists" -I"/home/apopa/Documents/MCUXpresso_11.1.1_3241/workspace/frdmk66f_uart_polling/component/uart" -O0 -fno-common -g3 -Wall -c  -ffunction-sections  -fdata-sections  -ffreestanding  -fno-builtin -fmerge-constants -fmacro-prefix-map="../board/"=. -mcpu=cortex-m4 -mfpu=fpv4-sp-d16 -mfloat-abi=hard -mthumb -D__REDLIB__ -fstack-usage -specs=redlib.specs -MMD -MP -MF"board/board.d" -MT"board/board.o" -MT"board/board.d" -o "board/board.o" "../board/board.c"
Finished building: ../drivers/fsl_lpuart.c
 
Building file: ../board/clock_config.c
Invoking: MCU C Compiler
arm-none-eabi-gcc -std=gnu99 -D__REDLIB__ -DCPU_MK66FN2M0VMD18 -DCPU_MK66FN2M0VMD18_cm4 -DFRDM_K66F -DFREEDOM -DSERIAL_PORT_TYPE_UART=1 -DSDK_DEBUGCONSOLE=0 -DCR_INTEGER_PRINTF -DPRINTF_FLOAT_ENABLE=0 -D__MCUXPRESSO -D__USE_CMSIS -DDEBUG -I"/home/apopa/Documents/MCUXpresso_11.1.1_3241/workspace/frdmk66f_uart_polling/board" -I"/home/apopa/Documents/MCUXpresso_11.1.1_3241/workspace/frdmk66f_uart_polling/source" -I"/home/apopa/Documents/MCUXpresso_11.1.1_3241/workspace/frdmk66f_uart_polling" -I"/home/apopa/Documents/MCUXpresso_11.1.1_3241/workspace/frdmk66f_uart_polling/drivers" -I"/home/apopa/Documents/MCUXpresso_11.1.1_3241/workspace/frdmk66f_uart_polling/device" -I"/home/apopa/Documents/MCUXpresso_11.1.1_3241/workspace/frdmk66f_uart_polling/CMSIS" -I"/home/apopa/Documents/MCUXpresso_11.1.1_3241/workspace/frdmk66f_uart_polling/utilities" -I"/home/apopa/Documents/MCUXpresso_11.1.1_3241/workspace/frdmk66f_uart_polling/component/serial_manager" -I"/home/apopa/Documents/MCUXpresso_11.1.1_3241/workspace/frdmk66f_uart_polling/component/lists" -I"/home/apopa/Documents/MCUXpresso_11.1.1_3241/workspace/frdmk66f_uart_polling/component/uart" -O0 -fno-common -g3 -Wall -c  -ffunction-sections  -fdata-sections  -ffreestanding  -fno-builtin -fmerge-constants -fmacro-prefix-map="../board/"=. -mcpu=cortex-m4 -mfpu=fpv4-sp-d16 -mfloat-abi=hard -mthumb -D__REDLIB__ -fstack-usage -specs=redlib.specs -MMD -MP -MF"board/clock_config.d" -MT"board/clock_config.o" -MT"board/clock_config.d" -o "board/clock_config.o" "../board/clock_config.c"
Finished building: ../device/system_MK66F18.c
 
Building file: ../board/pin_mux.c
Invoking: MCU C Compiler
arm-none-eabi-gcc -std=gnu99 -D__REDLIB__ -DCPU_MK66FN2M0VMD18 -DCPU_MK66FN2M0VMD18_cm4 -DFRDM_K66F -DFREEDOM -DSERIAL_PORT_TYPE_UART=1 -DSDK_DEBUGCONSOLE=0 -DCR_INTEGER_PRINTF -DPRINTF_FLOAT_ENABLE=0 -D__MCUXPRESSO -D__USE_CMSIS -DDEBUG -I"/home/apopa/Documents/MCUXpresso_11.1.1_3241/workspace/frdmk66f_uart_polling/board" -I"/home/apopa/Documents/MCUXpresso_11.1.1_3241/workspace/frdmk66f_uart_polling/source" -I"/home/apopa/Documents/MCUXpresso_11.1.1_3241/workspace/frdmk66f_uart_polling" -I"/home/apopa/Documents/MCUXpresso_11.1.1_3241/workspace/frdmk66f_uart_polling/drivers" -I"/home/apopa/Documents/MCUXpresso_11.1.1_3241/workspace/frdmk66f_uart_polling/device" -I"/home/apopa/Documents/MCUXpresso_11.1.1_3241/workspace/frdmk66f_uart_polling/CMSIS" -I"/home/apopa/Documents/MCUXpresso_11.1.1_3241/workspace/frdmk66f_uart_polling/utilities" -I"/home/apopa/Documents/MCUXpresso_11.1.1_3241/workspace/frdmk66f_uart_polling/component/serial_manager" -I"/home/apopa/Documents/MCUXpresso_11.1.1_3241/workspace/frdmk66f_uart_polling/component/lists" -I"/home/apopa/Documents/MCUXpresso_11.1.1_3241/workspace/frdmk66f_uart_polling/component/uart" -O0 -fno-common -g3 -Wall -c  -ffunction-sections  -fdata-sections  -ffreestanding  -fno-builtin -fmerge-constants -fmacro-prefix-map="../board/"=. -mcpu=cortex-m4 -mfpu=fpv4-sp-d16 -mfloat-abi=hard -mthumb -D__REDLIB__ -fstack-usage -specs=redlib.specs -MMD -MP -MF"board/pin_mux.d" -MT"board/pin_mux.o" -MT"board/pin_mux.d" -o "board/pin_mux.o" "../board/pin_mux.c"
Finished building: ../component/uart/uart_adapter.c
 
Finished building: ../component/serial_manager/serial_port_uart.c
 
Finished building: ../drivers/fsl_uart.c
 
Finished building: ../component/serial_manager/serial_manager.c
 
Finished building: ../component/lists/generic_list.c
 
Finished building: ../board/board.c
 
Finished building: ../board/clock_config.c
 
Finished building: ../board/pin_mux.c
 
Building target: frdmk66f_uart_polling.axf
Invoking: MCU Linker
arm-none-eabi-gcc -nostdlib -Xlinker -Map="frdmk66f_uart_polling.map" -Xlinker --gc-sections -Xlinker -print-memory-usage -Xlinker --sort-section=alignment -Xlinker --cref -mcpu=cortex-m4 -mfpu=fpv4-sp-d16 -mfloat-abi=hard -mthumb -T frdmk66f_uart_polling_Debug.ld -o "frdmk66f_uart_polling.axf"  ./utilities/fsl_assert.o ./utilities/fsl_debug_console.o ./utilities/fsl_str.o  ./startup/startup_mk66f18.o  ./source/semihost_hardfault.o ./source/uart_polling.o  ./drivers/fsl_clock.o ./drivers/fsl_common.o ./drivers/fsl_ftfx_cache.o ./drivers/fsl_ftfx_controller.o ./drivers/fsl_ftfx_flash.o ./drivers/fsl_ftfx_flexnvm.o ./drivers/fsl_gpio.o ./drivers/fsl_lpuart.o ./drivers/fsl_smc.o ./drivers/fsl_uart.o  ./device/system_MK66F18.o  ./component/uart/uart_adapter.o  ./component/serial_manager/serial_manager.o ./component/serial_manager/serial_port_uart.o  ./component/lists/generic_list.o  ./board/board.o ./board/clock_config.o ./board/pin_mux.o   
Memory region         Used Size  Region Size  %age Used
   PROGRAM_FLASH:       13624 B         2 MB      0.65%
      SRAM_UPPER:        8512 B       192 KB      4.33%
      SRAM_LOWER:          0 GB        64 KB      0.00%
        FLEX_RAM:          0 GB         4 KB      0.00%
Finished building target: frdmk66f_uart_polling.axf
 
make --no-print-directory post-build
Performing post-build steps
arm-none-eabi-size "frdmk66f_uart_polling.axf"; # arm-none-eabi-objcopy -v -O binary "frdmk66f_uart_polling.axf" "frdmk66f_uart_polling.bin" ; # checksum -p MK66FN2M0xxx18 -d "frdmk66f_uart_polling.bin";
   text	   data	    bss	    dec	    hex	filename
  13544	     80	   8432	  22056	   5628	frdmk66f_uart_polling.axf
 

02:25:43 Build Finished. 0 errors, 0 warnings. (took 2s.473ms)

