fsl_sdmmc_common.c:25:10:SDMMC_SelectCard	48	static
fsl_sdmmc_common.c:58:10:SDMMC_SendApplicationCommand	48	static
fsl_sdmmc_common.c:86:10:SDMMC_SetBlockCount	48	static
fsl_sdmmc_common.c:107:10:SDMMC_GoIdle	56	static
fsl_sdmmc_common.c:126:10:SDMMC_SetBlockSize	48	static
fsl_sdmmc_common.c:147:10:SDMMC_SetCardInactive	48	static
fsl_sdmmc_common.c:168:10:SDMMC_SwitchVoltage	8	static
fsl_sdmmc_common.c:246:10:SDMMC_SwitchToVoltage	8	static
fsl_sdmmc_common.c:334:10:SDMMC_ExecuteTuning	224	static
