fsl_lpuart.c:113:10:LPUART_GetInstance	8	static
fsl_lpuart.c:137:8:LPUART_TransferGetRxRingBufferLength	8	static
fsl_lpuart.c:158:13:LPUART_TransferIsRxRingBufferFull	8	static
fsl_lpuart.c:243:10:LPUART_Init	40	static
fsl_lpuart.c:455:6:LPUART_Deinit	8	static
fsl_lpuart.c:519:6:LPUART_GetDefaultConfig	8	static
fsl_lpuart.c:564:10:LPUART_SetBaudRate	32	static
fsl_lpuart.c:657:6:LPUART_EnableInterrupts	0	static
fsl_lpuart.c:681:6:LPUART_DisableInterrupts	0	static
fsl_lpuart.c:712:10:LPUART_GetEnabledInterrupts	0	static
fsl_lpuart.c:1385:6:LPUART_TransferHandleIRQ	40	static
fsl_lpuart.c:741:10:LPUART_GetStatusFlags	0	static
fsl_lpuart.c:772:10:LPUART_ClearStatusFlags	0	static
fsl_lpuart.c:823:6:LPUART_WriteBlocking	8	static
fsl_lpuart.c:860:10:LPUART_ReadBlocking	32	static
fsl_lpuart.c:965:6:LPUART_TransferCreateHandle	24	static
fsl_lpuart.c:1030:6:LPUART_TransferStartRingBuffer	8	static
fsl_lpuart.c:1057:6:LPUART_TransferStopRingBuffer	8	static
fsl_lpuart.c:1092:10:LPUART_TransferSendNonBlocking	8	static
fsl_lpuart.c:1131:6:LPUART_TransferAbortSend	8	static
fsl_lpuart.c:1155:10:LPUART_TransferGetSendCount	8	static
fsl_lpuart.c:1201:10:LPUART_TransferReceiveNonBlocking	32	static
fsl_lpuart.c:1328:6:LPUART_TransferAbortReceive	8	static
fsl_lpuart.c:1357:10:LPUART_TransferGetReceiveCount	8	static
fsl_lpuart.c:1621:6:LPUART_TransferHandleErrorIRQ	0	static
fsl_lpuart.c:1744:6:LPUART0_DriverIRQHandler	8	static
