fsl_edma.c:55:17:EDMA_GetInstance	8	static
fsl_edma.c:80:6:EDMA_InstallTCD	8	static
fsl_edma.c:112:6:EDMA_Init	16	static
fsl_edma.c:142:6:EDMA_Deinit	8	static
fsl_edma.c:164:6:EDMA_GetDefaultConfig	8	static
fsl_edma.c:239:6:EDMA_SetMinorOffsetConfig	16	static
fsl_edma.c:263:6:EDMA_SetChannelPreemptionConfig	8	static
fsl_edma.c:316:6:EDMA_SetBandWidth	8	static
fsl_edma.c:335:6:EDMA_SetModulo	8	static
fsl_edma.c:353:6:EDMA_EnableChannelInterrupts	16	static
fsl_edma.c:384:6:EDMA_DisableChannelInterrupts	16	static
fsl_edma.c:415:6:EDMA_TcdReset	8	static
fsl_edma.c:188:6:EDMA_ResetChannel	8	static
fsl_edma.c:462:6:EDMA_TcdSetTransferConfig	8	static
fsl_edma.c:220:6:EDMA_SetTransferConfig	16	static
fsl_edma.c:511:6:EDMA_TcdSetMinorOffsetConfig	8	static
fsl_edma.c:541:6:EDMA_TcdSetChannelLink	8	static
fsl_edma.c:294:6:EDMA_SetChannelLink	16	static
fsl_edma.c:591:6:EDMA_TcdSetModulo	8	static
fsl_edma.c:609:6:EDMA_TcdEnableInterrupts	8	static
fsl_edma.c:633:6:EDMA_TcdDisableInterrupts	8	static
fsl_edma.c:671:10:EDMA_GetRemainingMajorLoopCount	8	static
fsl_edma.c:707:10:EDMA_GetChannelStatusFlags	8	static
fsl_edma.c:731:6:EDMA_ClearChannelStatusFlags	8	static
fsl_edma.c:782:6:EDMA_CreateHandle	16	static
fsl_edma.c:835:6:EDMA_InstallTCDMemory	8	static
fsl_edma.c:859:6:EDMA_SetCallback	8	static
fsl_edma.c:885:6:EDMA_PrepareTransferConfig	40	static
fsl_edma.c:991:6:EDMA_PrepareTransfer	48	static
fsl_edma.c:1045:10:EDMA_SubmitTransfer	32	static
fsl_edma.c:1199:6:EDMA_StartTransfer	16	static
fsl_edma.c:1246:6:EDMA_StopTransfer	8	static
fsl_edma.c:1262:6:EDMA_AbortTransfer	0	static
fsl_edma.c:1311:6:EDMA_HandleIRQ	16	static
fsl_edma.c:1905:6:DMA0_DMA16_DriverIRQHandler	8	static
fsl_edma.c:1922:6:DMA1_DMA17_DriverIRQHandler	8	static
fsl_edma.c:1939:6:DMA2_DMA18_DriverIRQHandler	8	static
fsl_edma.c:1956:6:DMA3_DMA19_DriverIRQHandler	8	static
fsl_edma.c:1973:6:DMA4_DMA20_DriverIRQHandler	8	static
fsl_edma.c:1990:6:DMA5_DMA21_DriverIRQHandler	8	static
fsl_edma.c:2007:6:DMA6_DMA22_DriverIRQHandler	8	static
fsl_edma.c:2024:6:DMA7_DMA23_DriverIRQHandler	8	static
fsl_edma.c:2041:6:DMA8_DMA24_DriverIRQHandler	8	static
fsl_edma.c:2058:6:DMA9_DMA25_DriverIRQHandler	8	static
fsl_edma.c:2075:6:DMA10_DMA26_DriverIRQHandler	8	static
fsl_edma.c:2092:6:DMA11_DMA27_DriverIRQHandler	8	static
fsl_edma.c:2109:6:DMA12_DMA28_DriverIRQHandler	8	static
fsl_edma.c:2126:6:DMA13_DMA29_DriverIRQHandler	8	static
fsl_edma.c:2143:6:DMA14_DMA30_DriverIRQHandler	8	static
fsl_edma.c:2160:6:DMA15_DMA31_DriverIRQHandler	8	static
