fsl_codec_adapter.c:55:10:HAL_CODEC_Init	8	static
fsl_codec_adapter.c:76:10:HAL_CODEC_Deinit	8	static
fsl_codec_adapter.c:92:10:HAL_CODEC_SetFormat	8	static
fsl_codec_adapter.c:108:10:HAL_CODEC_SetVolume	8	static
fsl_codec_adapter.c:123:10:HAL_CODEC_SetMute	8	static
fsl_codec_adapter.c:138:10:HAL_CODEC_SetPower	0	static
fsl_codec_adapter.c:151:10:HAL_CODEC_SetRecord	0	static
fsl_codec_adapter.c:167:10:HAL_CODEC_SetRecordChannel	0	static
fsl_codec_adapter.c:180:10:HAL_CODEC_SetPlay	0	static
fsl_codec_adapter.c:195:10:HAL_CODEC_ModuleControl	0	static
