Archive member included to satisfy reference by file (symbol)

/home/apopa/Documents/MCUXpresso_11.1.1_3241/workspace/frdmk66f_sai_peripheral/libs/libarm_cortexM4lf_math.a(arm_max_f32.o)
                              ./source/playbackSineWave.o (arm_max_f32)
/home/apopa/Documents/MCUXpresso_11.1.1_3241/workspace/frdmk66f_sai_peripheral/libs/libarm_cortexM4lf_math.a(arm_cfft_radix2_init_f32.o)
                              ./source/playbackSineWave.o (arm_cfft_radix2_init_f32)
/home/apopa/Documents/MCUXpresso_11.1.1_3241/workspace/frdmk66f_sai_peripheral/libs/libarm_cortexM4lf_math.a(arm_cfft_radix2_f32.o)
                              ./source/playbackSineWave.o (arm_cfft_radix2_f32)
/home/apopa/Documents/MCUXpresso_11.1.1_3241/workspace/frdmk66f_sai_peripheral/libs/libarm_cortexM4lf_math.a(arm_bitreversal.o)
                              /home/apopa/Documents/MCUXpresso_11.1.1_3241/workspace/frdmk66f_sai_peripheral/libs/libarm_cortexM4lf_math.a(arm_cfft_radix2_f32.o) (arm_bitreversal_f32)
/home/apopa/Documents/MCUXpresso_11.1.1_3241/workspace/frdmk66f_sai_peripheral/libs/libarm_cortexM4lf_math.a(arm_cmplx_mag_f32.o)
                              ./source/playbackSineWave.o (arm_cmplx_mag_f32)
/home/apopa/Documents/MCUXpresso_11.1.1_3241/workspace/frdmk66f_sai_peripheral/libs/libarm_cortexM4lf_math.a(arm_sin_q15.o)
                              ./source/playbackSineWave.o (arm_sin_q15)
/home/apopa/Documents/MCUXpresso_11.1.1_3241/workspace/frdmk66f_sai_peripheral/libs/libarm_cortexM4lf_math.a(arm_common_tables.o)
                              /home/apopa/Documents/MCUXpresso_11.1.1_3241/workspace/frdmk66f_sai_peripheral/libs/libarm_cortexM4lf_math.a(arm_sin_q15.o) (sinTable_q15)
/usr/local/mcuxpressoide-11.1.1_3241/ide/plugins/com.nxp.mcuxpresso.tools.linux_11.1.0.202001081728/tools/bin/../lib/gcc/arm-none-eabi/8.3.1/../../../../arm-none-eabi/lib/thumb/v7e-m+fp/hard/libcr_semihost_nf.a(__ciob.o)
                              ./source/sai_peripheral.o (__Ciob)
/usr/local/mcuxpressoide-11.1.1_3241/ide/plugins/com.nxp.mcuxpresso.tools.linux_11.1.0.202001081728/tools/bin/../lib/gcc/arm-none-eabi/8.3.1/../../../../arm-none-eabi/lib/thumb/v7e-m+fp/hard/libcr_semihost_nf.a(_cr__main.o)
                              ./startup/startup_mk66f18.o (__main)
/usr/local/mcuxpressoide-11.1.1_3241/ide/plugins/com.nxp.mcuxpresso.tools.linux_11.1.0.202001081728/tools/bin/../lib/gcc/arm-none-eabi/8.3.1/../../../../arm-none-eabi/lib/thumb/v7e-m+fp/hard/libcr_c.a(sqrtf_m4_hardfp.o)
                              /home/apopa/Documents/MCUXpresso_11.1.1_3241/workspace/frdmk66f_sai_peripheral/libs/libarm_cortexM4lf_math.a(arm_cmplx_mag_f32.o) (sqrtf)
/usr/local/mcuxpressoide-11.1.1_3241/ide/plugins/com.nxp.mcuxpresso.tools.linux_11.1.0.202001081728/tools/bin/../lib/gcc/arm-none-eabi/8.3.1/../../../../arm-none-eabi/lib/thumb/v7e-m+fp/hard/libcr_c.a(memcpy.o)
                              ./source/playbackSineWave.o (memcpy)
/usr/local/mcuxpressoide-11.1.1_3241/ide/plugins/com.nxp.mcuxpresso.tools.linux_11.1.0.202001081728/tools/bin/../lib/gcc/arm-none-eabi/8.3.1/../../../../arm-none-eabi/lib/thumb/v7e-m+fp/hard/libcr_c.a(memset.o)
                              ./source/recordPlayback.o (memset)
/usr/local/mcuxpressoide-11.1.1_3241/ide/plugins/com.nxp.mcuxpresso.tools.linux_11.1.0.202001081728/tools/bin/../lib/gcc/arm-none-eabi/8.3.1/../../../../arm-none-eabi/lib/thumb/v7e-m+fp/hard/libcr_c.a(__fillbuf.o)
                              ./source/sai_peripheral.o (__filbuf)
/usr/local/mcuxpressoide-11.1.1_3241/ide/plugins/com.nxp.mcuxpresso.tools.linux_11.1.0.202001081728/tools/bin/../lib/gcc/arm-none-eabi/8.3.1/../../../../arm-none-eabi/lib/thumb/v7e-m+fp/hard/libcr_c.a(_deferredlazyseek.o)
                              /usr/local/mcuxpressoide-11.1.1_3241/ide/plugins/com.nxp.mcuxpresso.tools.linux_11.1.0.202001081728/tools/bin/../lib/gcc/arm-none-eabi/8.3.1/../../../../arm-none-eabi/lib/thumb/v7e-m+fp/hard/libcr_c.a(__fillbuf.o) (_deferredlazyseek)
/usr/local/mcuxpressoide-11.1.1_3241/ide/plugins/com.nxp.mcuxpresso.tools.linux_11.1.0.202001081728/tools/bin/../lib/gcc/arm-none-eabi/8.3.1/../../../../arm-none-eabi/lib/thumb/v7e-m+fp/hard/libcr_c.a(_fflush.o)
                              /usr/local/mcuxpressoide-11.1.1_3241/ide/plugins/com.nxp.mcuxpresso.tools.linux_11.1.0.202001081728/tools/bin/../lib/gcc/arm-none-eabi/8.3.1/../../../../arm-none-eabi/lib/thumb/v7e-m+fp/hard/libcr_c.a(__fillbuf.o) (_fflush)
/usr/local/mcuxpressoide-11.1.1_3241/ide/plugins/com.nxp.mcuxpresso.tools.linux_11.1.0.202001081728/tools/bin/../lib/gcc/arm-none-eabi/8.3.1/../../../../arm-none-eabi/lib/thumb/v7e-m+fp/hard/libcr_c.a(_writebuf.o)
                              /usr/local/mcuxpressoide-11.1.1_3241/ide/plugins/com.nxp.mcuxpresso.tools.linux_11.1.0.202001081728/tools/bin/../lib/gcc/arm-none-eabi/8.3.1/../../../../arm-none-eabi/lib/thumb/v7e-m+fp/hard/libcr_c.a(_deferredlazyseek.o) (_Cwritebuf)
[...]
Memory Configuration

Name             Origin             Length             Attributes
PROGRAM_FLASH    0x0000000000000000 0x0000000000200000 xr
SRAM_UPPER       0x0000000020000000 0x0000000000030000 xrw
SRAM_LOWER       0x000000001fff0000 0x0000000000010000 xrw
FLEX_RAM         0x0000000014000000 0x0000000000001000 xrw
*default*        0x0000000000000000 0xffffffffffffffff

Linker script and memory map

LOAD ./utilities/fsl_assert.o
LOAD ./utilities/fsl_debug_console.o
LOAD ./utilities/fsl_str.o
LOAD ./startup/startup_mk66f18.o
LOAD ./source/playbackSineWave.o
LOAD ./source/recordPlayback.o
LOAD ./source/recordtoSdcard.o
LOAD ./source/sai_peripheral.o
LOAD ./source/semihost_hardfault.o
LOAD ./sdmmc/src/fsl_sd.o
LOAD ./sdmmc/src/fsl_sdmmc_common.o
LOAD ./sdmmc/port/fsl_sdmmc_event.o
LOAD ./sdmmc/port/fsl_sdmmc_host.o
LOAD ./fatfs/source/fsl_sd_disk/fsl_sd_disk.o
LOAD ./fatfs/source/fsl_ram_disk/fsl_ram_disk.o
LOAD ./fatfs/source/diskio.o
LOAD ./fatfs/source/ff.o
LOAD ./fatfs/source/ffsystem.o
LOAD ./fatfs/source/ffunicode.o
LOAD ./drivers/fsl_clock.o
LOAD ./drivers/fsl_common.o
LOAD ./drivers/fsl_dmamux.o
LOAD ./drivers/fsl_edma.o
LOAD ./drivers/fsl_ftfx_cache.o
LOAD ./drivers/fsl_ftfx_controller.o
LOAD ./drivers/fsl_ftfx_flash.o
LOAD ./drivers/fsl_ftfx_flexnvm.o
LOAD ./drivers/fsl_gpio.o
LOAD ./drivers/fsl_i2c.o
LOAD ./drivers/fsl_lpuart.o
LOAD ./drivers/fsl_sai.o
LOAD ./drivers/fsl_sai_edma.o
LOAD ./drivers/fsl_sdhc.o
LOAD ./drivers/fsl_smc.o
LOAD ./drivers/fsl_sysmpu.o
LOAD ./drivers/fsl_uart.o
LOAD ./device/system_MK66F18.o
LOAD ./component/uart/uart_adapter.o
LOAD ./component/serial_manager/serial_manager.o
LOAD ./component/serial_manager/serial_port_uart.o
LOAD ./component/lists/generic_list.o
LOAD ./component/i2c/i2c_adapter.o
LOAD ./codec/fsl_codec_adapter.o
LOAD ./codec/fsl_codec_common.o
LOAD ./codec/fsl_codec_i2c.o
LOAD ./codec/fsl_dialog7212.o
LOAD ./board/board.o
LOAD ./board/clock_config.o
LOAD ./board/peripherals.o
LOAD ./board/pin_mux.o
LOAD /home/apopa/Documents/MCUXpresso_11.1.1_3241/workspace/frdmk66f_sai_peripheral/libs/libarm_cortexM4lf_math.a
START GROUP
LOAD /usr/local/mcuxpressoide-11.1.1_3241/ide/plugins/com.nxp.mcuxpresso.tools.linux_11.1.0.202001081728/tools/bin/../lib/gcc/arm-none-eabi/8.3.1/../../../../arm-none-eabi/lib/thumb/v7e-m+fp/hard/libcr_semihost_nf.a
LOAD /usr/local/mcuxpressoide-11.1.1_3241/ide/plugins/com.nxp.mcuxpresso.tools.linux_11.1.0.202001081728/tools/bin/../lib/gcc/arm-none-eabi/8.3.1/../../../../arm-none-eabi/lib/thumb/v7e-m+fp/hard/libcr_c.a
LOAD /usr/local/mcuxpressoide-11.1.1_3241/ide/plugins/com.nxp.mcuxpresso.tools.linux_11.1.0.202001081728/tools/bin/../lib/gcc/arm-none-eabi/8.3.1/thumb/v7e-m+fp/hard/libcr_eabihelpers.a
LOAD /usr/local/mcuxpressoide-11.1.1_3241/ide/plugins/com.nxp.mcuxpresso.tools.linux_11.1.0.202001081728/tools/bin/../lib/gcc/arm-none-eabi/8.3.1/thumb/v7e-m+fp/hard/libgcc.a
END GROUP
                0x0000000000000000                __base_PROGRAM_FLASH = 0x0
                0x0000000000000000                __base_Flash = 0x0
                0x0000000000200000                __top_PROGRAM_FLASH = 0x200000
                0x0000000000200000                __top_Flash = 0x200000
                0x0000000020000000                __base_SRAM_UPPER = 0x20000000
                0x0000000020000000                __base_RAM = 0x20000000
                0x0000000020030000                __top_SRAM_UPPER = 0x20030000
                0x0000000020030000                __top_RAM = 0x20030000
                0x000000001fff0000                __base_SRAM_LOWER = 0x1fff0000
                0x000000001fff0000                __base_RAM2 = 0x1fff0000
                0x0000000020000000                __top_SRAM_LOWER = 0x20000000
                0x0000000020000000                __top_RAM2 = 0x20000000
                0x0000000014000000                __base_FLEX_RAM = 0x14000000
                0x0000000014000000                __base_RAM3 = 0x14000000
                0x0000000014001000                __top_FLEX_RAM = 0x14001000
                0x0000000014001000                __top_RAM3 = 0x14001000

.text           0x0000000000000000    0x15cf8
 FILL mask 0xff
                0x0000000000000000                __vectors_start__ = ABSOLUTE (.)
 *(SORT_BY_ALIGNMENT(.isr_vector))
 .isr_vector    0x0000000000000000      0x1d0 ./startup/startup_mk66f18.o
                0x0000000000000000                __Vectors
                0x0000000000000000                g_pfnVectors
                0x00000000000001d0                . = ALIGN (0x4)
                0x00000000000001d0                __section_table_start = .
                0x00000000000001d0                __data_section_table = .
                0x00000000000001d0        0x4 LONG 0x15cf8 LOADADDR (.data)
                0x00000000000001d4        0x4 LONG 0x20000000 ADDR (.data)
                0x00000000000001d8        0x4 LONG 0x80 SIZEOF (.data)
                0x00000000000001dc        0x4 LONG 0x15cf8 LOADADDR (.data_RAM2)
                0x00000000000001e0        0x4 LONG 0x1fff0000 ADDR (.data_RAM2)
                0x00000000000001e4        0x4 LONG 0x0 SIZEOF (.data_RAM2)
                0x00000000000001e8        0x4 LONG 0x15cf8 LOADADDR (.data_RAM3)
                0x00000000000001ec        0x4 LONG 0x14000000 ADDR (.data_RAM3)
                0x00000000000001f0        0x4 LONG 0x0 SIZEOF (.data_RAM3)
                0x00000000000001f4                __data_section_table_end = .
                0x00000000000001f4                __bss_section_table = .
                0x00000000000001f4        0x4 LONG 0x20000080 ADDR (.bss)
                0x00000000000001f8        0x4 LONG 0x1f68 SIZEOF (.bss)
                0x00000000000001fc        0x4 LONG 0x1fff0000 ADDR (.bss_RAM2)
                0x0000000000000200        0x4 LONG 0xe60 SIZEOF (.bss_RAM2)
                0x0000000000000204        0x4 LONG 0x14000000 ADDR (.bss_RAM3)
                0x0000000000000208        0x4 LONG 0x0 SIZEOF (.bss_RAM3)
                0x000000000000020c                __bss_section_table_end = .
                0x000000000000020c                __section_table_end = .
 *(SORT_BY_ALIGNMENT(.after_vectors*))
 .after_vectors.reset
                0x000000000000020c       0x4c ./startup/startup_mk66f18.o
                0x000000000000020c                ResetISR
 .after_vectors
                0x0000000000000258       0x14 ./startup/startup_mk66f18.o
                0x0000000000000258                NMI_Handler
                0x000000000000025c                MemManage_Handler
                0x000000000000025e                BusFault_Handler
                0x0000000000000260                UsageFault_Handler
                0x0000000000000262                SVC_Handler
                0x0000000000000264                DebugMon_Handler
                0x0000000000000266                PendSV_Handler
                0x000000000000026a                PORTB_DriverIRQHandler
                0x000000000000026a                SPI1_DriverIRQHandler
                0x000000000000026a                LPTMR0_DriverIRQHandler
                0x000000000000026a                DMA_Error_DriverIRQHandler
                0x000000000000026a                FTM1_DriverIRQHandler
                0x000000000000026a                FTM2_DriverIRQHandler
                0x000000000000026a                PIT2_DriverIRQHandler
                0x000000000000026a                TPM2_DriverIRQHandler
                0x000000000000026a                TSI0_DriverIRQHandler
                0x000000000000026a                RTC_Seconds_DriverIRQHandler
                0x000000000000026a                CMP3_DriverIRQHandler
                0x000000000000026a                LLWU_DriverIRQHandler
                0x000000000000026a                MCM_DriverIRQHandler
                0x000000000000026a                MCG_DriverIRQHandler
                0x000000000000026a                ENET_1588_Timer_DriverIRQHandler
                0x000000000000026a                DAC1_DriverIRQHandler
                0x000000000000026a                CMP1_DriverIRQHandler
                0x000000000000026a                USBHSDCD_DriverIRQHandler
                0x000000000000026a                FTM0_DriverIRQHandler
                0x000000000000026a                IntDefaultHandler
                0x000000000000026a                USB0_DriverIRQHandler
                0x000000000000026a                PORTC_DriverIRQHandler
                0x000000000000026a                DAC0_DriverIRQHandler
                0x000000000000026a                CMP2_DriverIRQHandler
                0x000000000000026a                UART2_ERR_DriverIRQHandler
                0x000000000000026a                SPI2_DriverIRQHandler
                0x000000000000026a                LVD_LVW_DriverIRQHandler
                0x000000000000026a                Reserved84_DriverIRQHandler
                0x000000000000026a                PIT0_DriverIRQHandler
                0x000000000000026a                RNG_DriverIRQHandler
                0x000000000000026a                USBDCD_DriverIRQHandler
                0x000000000000026a                UART3_ERR_DriverIRQHandler
                0x000000000000026a                UART0_ERR_DriverIRQHandler
                0x000000000000026a                CMT_DriverIRQHandler
                0x000000000000026a                Reserved71_DriverIRQHandler
                0x000000000000026a                ADC1_DriverIRQHandler
                0x000000000000026a                PORTA_DriverIRQHandler
                0x000000000000026a                PIT3_DriverIRQHandler
                0x000000000000026a                PIT1_DriverIRQHandler
                0x000000000000026a                TPM1_DriverIRQHandler
                0x000000000000026a                WDOG_EWM_DriverIRQHandler
                0x000000000000026a                PDB0_DriverIRQHandler
                0x000000000000026a                RTC_DriverIRQHandler
                0x000000000000026a                Read_Collision_DriverIRQHandler
                0x000000000000026a                SWI_DriverIRQHandler
                0x000000000000026a                UART4_ERR_DriverIRQHandler
                0x000000000000026a                ENET_Receive_DriverIRQHandler
                0x000000000000026a                ENET_Error_DriverIRQHandler
                0x000000000000026a                Reserved85_DriverIRQHandler
                0x000000000000026a                SPI0_DriverIRQHandler
                0x000000000000026a                ADC0_DriverIRQHandler
                0x000000000000026a                USBHS_DriverIRQHandler
                0x000000000000026a                CMP0_DriverIRQHandler
                0x000000000000026a                CAN0_DriverIRQHandler
                0x000000000000026a                FTM3_DriverIRQHandler
                0x000000000000026a                UART1_ERR_DriverIRQHandler
                0x000000000000026a                ENET_Transmit_DriverIRQHandler
                0x000000000000026a                PORTD_DriverIRQHandler
                0x000000000000026a                Reserved46_DriverIRQHandler
                0x000000000000026a                PORTE_DriverIRQHandler
                0x000000000000026a                FTFE_DriverIRQHandler
                0x000000000000026a                CAN1_DriverIRQHandler
 .after_vectors.init_data
                0x000000000000026c       0x1e ./startup/startup_mk66f18.o
                0x000000000000026c                data_init
 .after_vectors.init_bss
                0x000000000000028a       0x12 ./startup/startup_mk66f18.o
                0x000000000000028a                bss_init
                0x0000000000000400                . = 0x400
 *fill*         0x000000000000029c      0x164 ff
                0x0000000000000400                PROVIDE (__FLASH_CONFIG_START__ = .)
 *(SORT_BY_ALIGNMENT(.FlashConfig))
 .FlashConfig   0x0000000000000400       0x10 ./startup/startup_mk66f18.o
                0x0000000000000400                Flash_Config
                0x0000000000000410                PROVIDE (__FLASH_CONFIG_END__ = .)
                0x0000000000000001                ASSERT (! ((__FLASH_CONFIG_START__ == __FLASH_CONFIG_END__)), Linker Flash Config Support Enabled, but no .FlashConfig section provided within application)
 *(SORT_BY_ALIGNMENT(.text*))
 .text.fp_display
                0x0000000000000410      0x964 /usr/local/mcuxpressoide-11.1.1_3241/ide/plugins/com.nxp.mcuxpresso.tools.linux_11.1.0.202001081728/tools/bin/../lib/gcc/arm-none-eabi/8.3.1/../../../../arm-none-eabi/lib/thumb/v7e-m+fp/hard/libcr_c.a(fpprintf.o)
 *fill*         0x0000000000000d74        0x4 ff
 .text._frexpl  0x0000000000000d78       0x68 /usr/local/mcuxpressoide-11.1.1_3241/ide/plugins/com.nxp.mcuxpresso.tools.linux_11.1.0.202001081728/tools/bin/../lib/gcc/arm-none-eabi/8.3.1/../../../../arm-none-eabi/lib/thumb/v7e-m+fp/hard/libcr_c.a(_frexpl.o)
                0x0000000000000d78                _frexpl
 .text._ldexpl  0x0000000000000de0       0x5c /usr/local/mcuxpressoide-11.1.1_3241/ide/plugins/com.nxp.mcuxpresso.tools.linux_11.1.0.202001081728/tools/bin/../lib/gcc/arm-none-eabi/8.3.1/../../../../arm-none-eabi/lib/thumb/v7e-m+fp/hard/libcr_c.a(_ldexpl.o)
                0x0000000000000de0                _ldexpl
 .text.__assertion_failed
                0x0000000000000e3c       0x14 ./utilities/fsl_assert.o
                0x0000000000000e3c                __assertion_failed
 .text.PlaybackSine
                0x0000000000000e50      0x1c4 ./source/playbackSineWave.o
                0x0000000000000e50                PlaybackSine
 .text.RecordPlayback
                0x0000000000001014      0x114 ./source/recordPlayback.o
                0x0000000000001014                RecordPlayback
 .text.RecordSDCard
                0x0000000000001128      0x2d4 ./source/recordtoSdcard.o
                0x0000000000001128                RecordSDCard
 .text.txCallback
                0x00000000000013fc       0x40 ./source/sai_peripheral.o
                0x00000000000013fc                txCallback
 .text.rxCallback
                0x000000000000143c       0x40 ./source/sai_peripheral.o
                0x000000000000143c                rxCallback
 .text.main     0x000000000000147c      0x26c ./source/sai_peripheral.o
                0x000000000000147c                main
 .text.I2S0_Tx_IRQHandler
                0x00000000000016e8       0x24 ./source/sai_peripheral.o
                0x00000000000016e8                I2S0_Tx_IRQHandler
 .text.I2S0_Rx_IRQHandler
                0x000000000000170c       0x28 ./source/sai_peripheral.o
                0x000000000000170c                I2S0_Rx_IRQHandler
 .text.SD_Transfer
                0x0000000000001734       0x84 ./sdmmc/src/fsl_sd.o
 .text.SD_WaitWriteComplete
                0x00000000000017b8       0x5c ./sdmmc/src/fsl_sd.o
 .text.SD_SwitchFunction
                0x0000000000001814       0x74 ./sdmmc/src/fsl_sd.o
 .text.SD_SelectFunction
                0x0000000000001888      0x188 ./sdmmc/src/fsl_sd.o
 .text.SD_ReadStatus
                0x0000000000001a10      0x144 ./sdmmc/src/fsl_sd.o
                0x0000000000001a10                SD_ReadStatus
 .text.SD_SelectCard
                0x0000000000001b54       0x1c ./sdmmc/src/fsl_sd.o
                0x0000000000001b54                SD_SelectCard
 .text.SD_ReadBlocks
                0x0000000000001b70      0x1a0 ./sdmmc/src/fsl_sd.o
                0x0000000000001b70                SD_ReadBlocks
 .text.SD_WriteBlocks
                0x0000000000001d10      0x228 ./sdmmc/src/fsl_sd.o
                0x0000000000001d10                SD_WriteBlocks
 .text.SD_ProbeBusVoltage
                0x0000000000001f38      0x188 ./sdmmc/src/fsl_sd.o
                0x0000000000001f38                SD_ProbeBusVoltage
 .text.SD_CardInit
                0x00000000000020c0      0x5ac ./sdmmc/src/fsl_sd.o
                0x00000000000020c0                SD_CardInit
 .text.SD_CardDeinit
                0x000000000000266c       0x18 ./sdmmc/src/fsl_sd.o
                0x000000000000266c                SD_CardDeinit
 .text.SD_HostInit
                0x0000000000002684       0x30 ./sdmmc/src/fsl_sd.o
                0x0000000000002684                SD_HostInit
 .text.SDMMC_SelectCard
                0x00000000000026b4       0x58 ./sdmmc/src/fsl_sdmmc_common.o
                0x00000000000026b4                SDMMC_SelectCard
 .text.SDMMC_SendApplicationCommand
                0x000000000000270c       0x68 ./sdmmc/src/fsl_sdmmc_common.o
                0x000000000000270c                SDMMC_SendApplicationCommand
 .text.SDMMC_GoIdle
                0x0000000000002774       0x38 ./sdmmc/src/fsl_sdmmc_common.o
                0x0000000000002774                SDMMC_GoIdle
 .text.SDMMC_SetBlockSize
                0x00000000000027ac       0x50 ./sdmmc/src/fsl_sdmmc_common.o
                0x00000000000027ac                SDMMC_SetBlockSize
 .text.SDMMC_SwitchToVoltage
                0x00000000000027fc       0x14 ./sdmmc/src/fsl_sdmmc_common.o
                0x00000000000027fc                SDMMC_SwitchToVoltage
 .text.SDMMCEVENT_GetInstance
                0x0000000000002810       0x18 ./sdmmc/port/fsl_sdmmc_event.o
 .text.SDMMCEVENT_InitTimer
                0x0000000000002828       0x3c ./sdmmc/port/fsl_sdmmc_event.o
                0x0000000000002828                SDMMCEVENT_InitTimer
 .text.SysTick_Handler
                0x0000000000002864       0x10 ./sdmmc/port/fsl_sdmmc_event.o
                0x0000000000002864                SysTick_Handler
 .text.SDMMCEVENT_Wait
                0x0000000000002874       0x3c ./sdmmc/port/fsl_sdmmc_event.o
                0x0000000000002874                SDMMCEVENT_Wait
 .text.SDMMCEVENT_Delay
                0x00000000000028b0       0x18 ./sdmmc/port/fsl_sdmmc_event.o
                0x00000000000028b0                SDMMCEVENT_Delay
 .text.SDMMCHOST_NotifyCardInsertStatus
                0x00000000000028c8       0x34 ./sdmmc/port/fsl_sdmmc_host.o
 .text.SDMMCHOST_DetectCardRemoveByHost
                0x00000000000028fc       0x20 ./sdmmc/port/fsl_sdmmc_host.o
 .text.SDMMCHOST_DetectCardInsertByHost
                0x000000000000291c       0x30 ./sdmmc/port/fsl_sdmmc_host.o
 .text.SDMMCHOST_TransferCompleteCallback
                0x000000000000294c       0x20 ./sdmmc/port/fsl_sdmmc_host.o
 .text.SDMMCHOST_TransferFunction
                0x000000000000296c       0x60 ./sdmmc/port/fsl_sdmmc_host.o
 .text.PORTD_IRQHandler
                0x00000000000029cc       0x40 ./sdmmc/port/fsl_sdmmc_host.o
                0x00000000000029cc                PORTD_IRQHandler
 .text.SDMMCHOST_WaitCardDetectStatus
                0x0000000000002a0c       0x40 ./sdmmc/port/fsl_sdmmc_host.o
                0x0000000000002a0c                SDMMCHOST_WaitCardDetectStatus
 .text.SDMMCHOST_Init
                0x0000000000002a4c       0xf4 ./sdmmc/port/fsl_sdmmc_host.o
                0x0000000000002a4c                SDMMCHOST_Init
 .text.sd_disk_write
                0x0000000000002b40       0x1c ./fatfs/source/fsl_sd_disk/fsl_sd_disk.o
                0x0000000000002b40                sd_disk_write
 .text.sd_disk_read
                0x0000000000002b5c       0x1c ./fatfs/source/fsl_sd_disk/fsl_sd_disk.o
                0x0000000000002b5c                sd_disk_read
 .text.sd_disk_ioctl
                0x0000000000002b78       0x58 ./fatfs/source/fsl_sd_disk/fsl_sd_disk.o
                0x0000000000002b78                sd_disk_ioctl
 .text.sd_disk_initialize
                0x0000000000002bd0       0x54 ./fatfs/source/fsl_sd_disk/fsl_sd_disk.o
                0x0000000000002bd0                sd_disk_initialize
 .text.get_ldnumber
                0x0000000000002c24       0x5c ./fatfs/source/ff.o
 .text.check_fs
                0x0000000000002c80       0x78 ./fatfs/source/ff.o
 .text.find_volume
                0x0000000000002cf8      0x374 ./fatfs/source/ff.o
 .text.follow_path
                0x000000000000306c      0x248 ./fatfs/source/ff.o
 .text.f_mount  0x00000000000032b4       0x50 ./fatfs/source/ff.o
                0x00000000000032b4                f_mount
 .text.f_chdrive
                0x0000000000003304       0x24 ./fatfs/source/ff.o
                0x0000000000003304                f_chdrive
 .text.f_mkfs   0x0000000000003328      0x758 ./fatfs/source/ff.o
                0x0000000000003328                f_mkfs
 .text.CLOCK_GetInternalRefClkSelectFreq
                0x0000000000003a80       0x2c ./drivers/fsl_clock.o
 .text.CLOCK_GetMcgExtClkFreq
                0x0000000000003aac       0x58 ./drivers/fsl_clock.o
 .text.CLOCK_GetFllExtRefClkFreq
                0x0000000000003b04       0x60 ./drivers/fsl_clock.o
 .text.CLOCK_GetOsc0ErClkUndivFreq
                0x0000000000003b64       0x30 ./drivers/fsl_clock.o
                0x0000000000003b64                CLOCK_GetOsc0ErClkUndivFreq
 .text.CLOCK_GetOsc0ErClkDivFreq
                0x0000000000003b94       0x38 ./drivers/fsl_clock.o
                0x0000000000003b94                CLOCK_GetOsc0ErClkDivFreq
 .text.CLOCK_GetEr32kClkFreq
                0x0000000000003bcc       0x4c ./drivers/fsl_clock.o
                0x0000000000003bcc                CLOCK_GetEr32kClkFreq
 .text.CLOCK_SetSimConfig
                0x0000000000003c18       0x54 ./drivers/fsl_clock.o
                0x0000000000003c18                CLOCK_SetSimConfig
 .text.CLOCK_GetFllFreq
                0x0000000000003c6c       0x5c ./drivers/fsl_clock.o
                0x0000000000003c6c                CLOCK_GetFllFreq
 .text.CLOCK_GetInternalRefClkFreq
                0x0000000000003cc8       0x1c ./drivers/fsl_clock.o
                0x0000000000003cc8                CLOCK_GetInternalRefClkFreq
 .text.CLOCK_GetPll0Freq
                0x0000000000003ce4       0x44 ./drivers/fsl_clock.o
                0x0000000000003ce4                CLOCK_GetPll0Freq
 .text.CLOCK_GetPllFllSelClkFreq
                0x0000000000003d28       0x5c ./drivers/fsl_clock.o
                0x0000000000003d28                CLOCK_GetPllFllSelClkFreq
 .text.CLOCK_GetOutClkFreq
                0x0000000000003d84       0x50 ./drivers/fsl_clock.o
                0x0000000000003d84                CLOCK_GetOutClkFreq
 .text.CLOCK_GetCoreSysClkFreq
                0x0000000000003dd4       0x1c ./drivers/fsl_clock.o
                0x0000000000003dd4                CLOCK_GetCoreSysClkFreq
 .text.CLOCK_GetFixedFreqClkFreq
                0x0000000000003df0       0x30 ./drivers/fsl_clock.o
                0x0000000000003df0                CLOCK_GetFixedFreqClkFreq
 .text.CLOCK_GetFreq
                0x0000000000003e20       0xc4 ./drivers/fsl_clock.o
                0x0000000000003e20                CLOCK_GetFreq
 .text.CLOCK_SetExternalRefClkConfig
                0x0000000000003ee4       0x34 ./drivers/fsl_clock.o
                0x0000000000003ee4                CLOCK_SetExternalRefClkConfig
 .text.CLOCK_SetInternalRefClkConfig
                0x0000000000003f18       0x8c ./drivers/fsl_clock.o
                0x0000000000003f18                CLOCK_SetInternalRefClkConfig
 .text.CLOCK_EnablePll0
                0x0000000000003fa4       0x48 ./drivers/fsl_clock.o
                0x0000000000003fa4                CLOCK_EnablePll0
 .text.CLOCK_InitOsc0
                0x0000000000003fec       0x78 ./drivers/fsl_clock.o
                0x0000000000003fec                CLOCK_InitOsc0
 .text.CLOCK_SetPbeMode
                0x0000000000004064       0x88 ./drivers/fsl_clock.o
                0x0000000000004064                CLOCK_SetPbeMode
 .text.CLOCK_BootToPeeMode
                0x00000000000040ec       0x40 ./drivers/fsl_clock.o
                0x00000000000040ec                CLOCK_BootToPeeMode
 .text.DMAMUX_GetInstance
                0x000000000000412c       0x1c ./drivers/fsl_dmamux.o
 .text.DMAMUX_Init
                0x0000000000004148       0x18 ./drivers/fsl_dmamux.o
                0x0000000000004148                DMAMUX_Init
 .text.EDMA_GetInstance
                0x0000000000004160       0x1c ./drivers/fsl_edma.o
 .text.EDMA_InstallTCD
                0x000000000000417c       0x9c ./drivers/fsl_edma.o
                0x000000000000417c                EDMA_InstallTCD
 .text.EDMA_Init
                0x0000000000004218       0x58 ./drivers/fsl_edma.o
                0x0000000000004218                EDMA_Init
 .text.EDMA_TcdReset
                0x0000000000004270       0x3c ./drivers/fsl_edma.o
                0x0000000000004270                EDMA_TcdReset
 .text.EDMA_TcdSetTransferConfig
                0x00000000000042ac       0x84 ./drivers/fsl_edma.o
                0x00000000000042ac                EDMA_TcdSetTransferConfig
 .text.EDMA_SetTransferConfig
                0x0000000000004330       0x40 ./drivers/fsl_edma.o
                0x0000000000004330                EDMA_SetTransferConfig
 .text.EDMA_GetChannelStatusFlags
                0x0000000000004370       0x3c ./drivers/fsl_edma.o
                0x0000000000004370                EDMA_GetChannelStatusFlags
 .text.EDMA_CreateHandle
                0x00000000000043ac       0xb0 ./drivers/fsl_edma.o
                0x00000000000043ac                EDMA_CreateHandle
 .text.EDMA_InstallTCDMemory
                0x000000000000445c       0x34 ./drivers/fsl_edma.o
                0x000000000000445c                EDMA_InstallTCDMemory
 .text.EDMA_SetCallback
                0x0000000000004490       0x14 ./drivers/fsl_edma.o
                0x0000000000004490                EDMA_SetCallback
 .text.EDMA_PrepareTransferConfig
                0x00000000000044a4      0x15c ./drivers/fsl_edma.o
                0x00000000000044a4                EDMA_PrepareTransferConfig
 .text.EDMA_PrepareTransfer
                0x0000000000004600       0x60 ./drivers/fsl_edma.o
                0x0000000000004600                EDMA_PrepareTransfer
 .text.EDMA_SubmitTransfer
                0x0000000000004660      0x188 ./drivers/fsl_edma.o
                0x0000000000004660                EDMA_SubmitTransfer
 .text.EDMA_StartTransfer
                0x00000000000047e8       0x64 ./drivers/fsl_edma.o
                0x00000000000047e8                EDMA_StartTransfer
 .text.EDMA_HandleIRQ
                0x000000000000484c       0xb4 ./drivers/fsl_edma.o
                0x000000000000484c                EDMA_HandleIRQ
 .text.DMA0_DMA16_DriverIRQHandler
                0x0000000000004900       0x40 ./drivers/fsl_edma.o
                0x0000000000004900                DMA0_DMA16_DriverIRQHandler
 .text.DMA1_DMA17_DriverIRQHandler
                0x0000000000004940       0x40 ./drivers/fsl_edma.o
                0x0000000000004940                DMA1_DMA17_DriverIRQHandler
 .text.DMA2_DMA18_DriverIRQHandler
                0x0000000000004980       0x40 ./drivers/fsl_edma.o
                0x0000000000004980                DMA2_DMA18_DriverIRQHandler
 .text.DMA3_DMA19_DriverIRQHandler
                0x00000000000049c0       0x40 ./drivers/fsl_edma.o
                0x00000000000049c0                DMA3_DMA19_DriverIRQHandler
 .text.DMA4_DMA20_DriverIRQHandler
                0x0000000000004a00       0x40 ./drivers/fsl_edma.o
                0x0000000000004a00                DMA4_DMA20_DriverIRQHandler
 .text.DMA5_DMA21_DriverIRQHandler
                0x0000000000004a40       0x40 ./drivers/fsl_edma.o
                0x0000000000004a40                DMA5_DMA21_DriverIRQHandler
 .text.DMA6_DMA22_DriverIRQHandler
                0x0000000000004a80       0x40 ./drivers/fsl_edma.o
                0x0000000000004a80                DMA6_DMA22_DriverIRQHandler
 .text.DMA7_DMA23_DriverIRQHandler
                0x0000000000004ac0       0x40 ./drivers/fsl_edma.o
                0x0000000000004ac0                DMA7_DMA23_DriverIRQHandler
 .text.DMA8_DMA24_DriverIRQHandler
                0x0000000000004b00       0x40 ./drivers/fsl_edma.o
                0x0000000000004b00                DMA8_DMA24_DriverIRQHandler
 .text.DMA9_DMA25_DriverIRQHandler
                0x0000000000004b40       0x40 ./drivers/fsl_edma.o
                0x0000000000004b40                DMA9_DMA25_DriverIRQHandler
 .text.DMA10_DMA26_DriverIRQHandler
                0x0000000000004b80       0x40 ./drivers/fsl_edma.o
                0x0000000000004b80                DMA10_DMA26_DriverIRQHandler
 .text.DMA11_DMA27_DriverIRQHandler
                0x0000000000004bc0       0x40 ./drivers/fsl_edma.o
                0x0000000000004bc0                DMA11_DMA27_DriverIRQHandler
 .text.DMA12_DMA28_DriverIRQHandler
                0x0000000000004c00       0x40 ./drivers/fsl_edma.o
                0x0000000000004c00                DMA12_DMA28_DriverIRQHandler
 .text.DMA13_DMA29_DriverIRQHandler
                0x0000000000004c40       0x40 ./drivers/fsl_edma.o
                0x0000000000004c40                DMA13_DMA29_DriverIRQHandler
 .text.DMA14_DMA30_DriverIRQHandler
                0x0000000000004c80       0x40 ./drivers/fsl_edma.o
                0x0000000000004c80                DMA14_DMA30_DriverIRQHandler
 .text.DMA15_DMA31_DriverIRQHandler
                0x0000000000004cc0       0x40 ./drivers/fsl_edma.o
                0x0000000000004cc0                DMA15_DMA31_DriverIRQHandler
 .text.I2C_TransferCommonIRQHandler
                0x0000000000004d00       0x28 ./drivers/fsl_i2c.o
 .text.I2C_GetInstance
                0x0000000000004d28       0x40 ./drivers/fsl_i2c.o
                0x0000000000004d28                I2C_GetInstance
 .text.I2C_MasterGetDefaultConfig
                0x0000000000004d68       0x2c ./drivers/fsl_i2c.o
                0x0000000000004d68                I2C_MasterGetDefaultConfig
 .text.I2C_MasterSetBaudRate
                0x0000000000004d94       0x70 ./drivers/fsl_i2c.o
                0x0000000000004d94                I2C_MasterSetBaudRate
 .text.I2C_MasterInit
                0x0000000000004e04       0xa4 ./drivers/fsl_i2c.o
                0x0000000000004e04                I2C_MasterInit
 .text.I2C_MasterTransferBlocking
                0x0000000000004ea8      0x190 ./drivers/fsl_i2c.o
                0x0000000000004ea8                I2C_MasterTransferBlocking
 .text.I2C0_DriverIRQHandler
                0x0000000000005038       0x18 ./drivers/fsl_i2c.o
                0x0000000000005038                I2C0_DriverIRQHandler
 .text.I2C1_DriverIRQHandler
                0x0000000000005050       0x18 ./drivers/fsl_i2c.o
                0x0000000000005050                I2C1_DriverIRQHandler
 .text.I2C2_DriverIRQHandler
                0x0000000000005068       0x18 ./drivers/fsl_i2c.o
                0x0000000000005068                I2C2_DriverIRQHandler
 .text.I2C3_DriverIRQHandler
                0x0000000000005080       0x18 ./drivers/fsl_i2c.o
                0x0000000000005080                I2C3_DriverIRQHandler
 .text.LPUART0_DriverIRQHandler
                0x0000000000005098       0x20 ./drivers/fsl_lpuart.o
                0x0000000000005098                LPUART0_DriverIRQHandler
 .text.SAI_GetInstance
                0x00000000000050b8       0x1c ./drivers/fsl_sai.o
 .text.SAI_SetMasterClockDivider
                0x00000000000050d4       0xbc ./drivers/fsl_sai.o
 .text.SAI_Init
                0x0000000000005190       0x34 ./drivers/fsl_sai.o
                0x0000000000005190                SAI_Init
 .text.SAI_TxSetBitClockRate
                0x00000000000051c4       0x3c ./drivers/fsl_sai.o
                0x00000000000051c4                SAI_TxSetBitClockRate
 .text.SAI_RxSetBitClockRate
                0x0000000000005200       0x40 ./drivers/fsl_sai.o
                0x0000000000005200                SAI_RxSetBitClockRate
 .text.SAI_TxSetBitclockConfig
                0x0000000000005240       0x48 ./drivers/fsl_sai.o
                0x0000000000005240                SAI_TxSetBitclockConfig
 .text.SAI_RxSetBitclockConfig
                0x0000000000005288       0x4c ./drivers/fsl_sai.o
                0x0000000000005288                SAI_RxSetBitclockConfig
 .text.SAI_SetMasterClockConfig
                0x00000000000052d4       0x48 ./drivers/fsl_sai.o
                0x00000000000052d4                SAI_SetMasterClockConfig
 .text.SAI_TxSetFifoConfig
                0x000000000000531c       0x54 ./drivers/fsl_sai.o
                0x000000000000531c                SAI_TxSetFifoConfig
 .text.SAI_RxSetFifoConfig
                0x0000000000005370       0x54 ./drivers/fsl_sai.o
                0x0000000000005370                SAI_RxSetFifoConfig
 .text.SAI_TxSetFrameSyncConfig
                0x00000000000053c4       0x54 ./drivers/fsl_sai.o
                0x00000000000053c4                SAI_TxSetFrameSyncConfig
 .text.SAI_RxSetFrameSyncConfig
                0x0000000000005418       0x58 ./drivers/fsl_sai.o
                0x0000000000005418                SAI_RxSetFrameSyncConfig
 .text.SAI_TxSetSerialDataConfig
                0x0000000000005470       0x64 ./drivers/fsl_sai.o
                0x0000000000005470                SAI_TxSetSerialDataConfig
 .text.SAI_RxSetSerialDataConfig
                0x00000000000054d4       0x64 ./drivers/fsl_sai.o
                0x00000000000054d4                SAI_RxSetSerialDataConfig
 .text.SAI_TxSetConfig
                0x0000000000005538       0xdc ./drivers/fsl_sai.o
                0x0000000000005538                SAI_TxSetConfig
 .text.SAI_RxSetConfig
                0x0000000000005614       0xec ./drivers/fsl_sai.o
                0x0000000000005614                SAI_RxSetConfig
 .text.SAI_TransferTxCreateHandleEDMA
                0x0000000000005700       0x6c ./drivers/fsl_sai_edma.o
                0x0000000000005700                SAI_TransferTxCreateHandleEDMA
 .text.SAI_TransferRxCreateHandleEDMA
                0x000000000000576c       0x70 ./drivers/fsl_sai_edma.o
                0x000000000000576c                SAI_TransferRxCreateHandleEDMA
 .text.SAI_TransferTxSetConfigEDMA
                0x00000000000057dc       0x40 ./drivers/fsl_sai_edma.o
                0x00000000000057dc                SAI_TransferTxSetConfigEDMA
 .text.SAI_TransferRxSetConfigEDMA
                0x000000000000581c       0x40 ./drivers/fsl_sai_edma.o
                0x000000000000581c                SAI_TransferRxSetConfigEDMA
 .text.SAI_TransferSendEDMA
                0x000000000000585c       0xfc ./drivers/fsl_sai_edma.o
                0x000000000000585c                SAI_TransferSendEDMA
 .text.SAI_TransferReceiveEDMA
                0x0000000000005958      0x104 ./drivers/fsl_sai_edma.o
                0x0000000000005958                SAI_TransferReceiveEDMA
 .text.SAI_TransferAbortSendEDMA
                0x0000000000005a5c       0x70 ./drivers/fsl_sai_edma.o
                0x0000000000005a5c                SAI_TransferAbortSendEDMA
 .text.SAI_TransferAbortReceiveEDMA
                0x0000000000005acc       0x84 ./drivers/fsl_sai_edma.o
                0x0000000000005acc                SAI_TransferAbortReceiveEDMA
 .text.SAI_TransferTerminateSendEDMA
                0x0000000000005b50       0x44 ./drivers/fsl_sai_edma.o
                0x0000000000005b50                SAI_TransferTerminateSendEDMA
 .text.SAI_TransferTerminateReceiveEDMA
                0x0000000000005b94       0x44 ./drivers/fsl_sai_edma.o
                0x0000000000005b94                SAI_TransferTerminateReceiveEDMA
 .text.SDHC_GetInstance
                0x0000000000005bd8       0x1c ./drivers/fsl_sdhc.o
 .text.SDHC_ReceiveCommandResponse
                0x0000000000005bf4       0x74 ./drivers/fsl_sdhc.o
 .text.SDHC_TransferHandleIRQ
                0x0000000000005c68      0x168 ./drivers/fsl_sdhc.o
                0x0000000000005c68                SDHC_TransferHandleIRQ
 .text.SDHC_Init
                0x0000000000005dd0       0xb4 ./drivers/fsl_sdhc.o
                0x0000000000005dd0                SDHC_Init
 .text.SDHC_GetCapability
                0x0000000000005e84       0x40 ./drivers/fsl_sdhc.o
                0x0000000000005e84                SDHC_GetCapability
 .text.SDHC_SetSdClock
                0x0000000000005ec4       0xe0 ./drivers/fsl_sdhc.o
                0x0000000000005ec4                SDHC_SetSdClock
 .text.SDHC_SetTransferConfig
                0x0000000000005fa4       0x64 ./drivers/fsl_sdhc.o
                0x0000000000005fa4                SDHC_SetTransferConfig
 .text.SDHC_SetAdmaTableConfig
                0x0000000000006008       0xbc ./drivers/fsl_sdhc.o
                0x0000000000006008                SDHC_SetAdmaTableConfig
 .text.SDHC_TransferCreateHandle
                0x00000000000060c4       0x74 ./drivers/fsl_sdhc.o
                0x00000000000060c4                SDHC_TransferCreateHandle
 .text.SDHC_TransferNonBlocking
                0x0000000000006138       0xfc ./drivers/fsl_sdhc.o
                0x0000000000006138                SDHC_TransferNonBlocking
 .text.SDHC_DriverIRQHandler
                0x0000000000006234       0x2c ./drivers/fsl_sdhc.o
                0x0000000000006234                SDHC_DriverIRQHandler
 .text.UART0_DriverIRQHandler
                0x0000000000006260       0x20 ./drivers/fsl_uart.o
                0x0000000000006260                UART0_DriverIRQHandler
 .text.UART1_DriverIRQHandler
                0x0000000000006280       0x20 ./drivers/fsl_uart.o
                0x0000000000006280                UART1_DriverIRQHandler
 .text.UART2_DriverIRQHandler
                0x00000000000062a0       0x20 ./drivers/fsl_uart.o
                0x00000000000062a0                UART2_DriverIRQHandler
 .text.UART3_DriverIRQHandler
                0x00000000000062c0       0x20 ./drivers/fsl_uart.o
                0x00000000000062c0                UART3_DriverIRQHandler
 .text.UART4_DriverIRQHandler
                0x00000000000062e0       0x20 ./drivers/fsl_uart.o
                0x00000000000062e0                UART4_DriverIRQHandler
 .text.SystemInit
                0x0000000000006300       0x34 ./device/system_MK66F18.o
                0x0000000000006300                SystemInit
 .text.HAL_I2cMasterInit
                0x0000000000006334       0x50 ./component/i2c/i2c_adapter.o
                0x0000000000006334                HAL_I2cMasterInit
 .text.HAL_I2cMasterTransferBlocking
                0x0000000000006384       0x64 ./component/i2c/i2c_adapter.o
                0x0000000000006384                HAL_I2cMasterTransferBlocking
 .text.HAL_CODEC_Init
                0x00000000000063e8       0x24 ./codec/fsl_codec_adapter.o
                0x00000000000063e8                HAL_CODEC_Init
 .text.HAL_CODEC_Deinit
                0x000000000000640c       0x18 ./codec/fsl_codec_adapter.o
                0x000000000000640c                HAL_CODEC_Deinit
 .text.CODEC_Init
                0x0000000000006424       0x18 ./codec/fsl_codec_common.o
                0x0000000000006424                CODEC_Init
 .text.CODEC_Deinit
                0x000000000000643c       0x18 ./codec/fsl_codec_common.o
                0x000000000000643c                CODEC_Deinit
 .text.DA7212_WriteRegister
                0x0000000000006454       0x3c ./codec/fsl_dialog7212.o
                0x0000000000006454                DA7212_WriteRegister
 .text.DA7212_ReadRegister
                0x0000000000006490       0x34 ./codec/fsl_dialog7212.o
                0x0000000000006490                DA7212_ReadRegister
 .text.DA7212_ConfigAudioFormat
                0x00000000000064c4      0x390 ./codec/fsl_dialog7212.o
                0x00000000000064c4                DA7212_ConfigAudioFormat
 .text.DA7212_Init
                0x0000000000006854       0xb8 ./codec/fsl_dialog7212.o
                0x0000000000006854                DA7212_Init
 .text.BOARD_BootClockRUN
                0x000000000000690c       0x6c ./board/clock_config.o
                0x000000000000690c                BOARD_BootClockRUN
 .text.DEMO_SAI_init
                0x0000000000006978       0xe8 ./board/peripherals.o
                0x0000000000006978                DEMO_SAI_init
 .text.BOARD_InitPeripherals
                0x0000000000006a60       0x24 ./board/peripherals.o
                0x0000000000006a60                BOARD_InitPeripherals
 .text.BOARD_InitPins
                0x0000000000006a84      0x128 ./board/pin_mux.o
                0x0000000000006a84                BOARD_InitPins
 .text.arm_max_f32
                0x0000000000006bac       0xd8 /home/apopa/Documents/MCUXpresso_11.1.1_3241/workspace/frdmk66f_sai_peripheral/libs/libarm_cortexM4lf_math.a(arm_max_f32.o)
                0x0000000000006bac                arm_max_f32
 .text.arm_cfft_radix2_init_f32
                0x0000000000006c84      0x12c /home/apopa/Documents/MCUXpresso_11.1.1_3241/workspace/frdmk66f_sai_peripheral/libs/libarm_cortexM4lf_math.a(arm_cfft_radix2_init_f32.o)
                0x0000000000006c84                arm_cfft_radix2_init_f32
 .text.arm_radix2_butterfly_f32
                0x0000000000006db0      0x178 /home/apopa/Documents/MCUXpresso_11.1.1_3241/workspace/frdmk66f_sai_peripheral/libs/libarm_cortexM4lf_math.a(arm_cfft_radix2_f32.o)
                0x0000000000006db0                arm_radix2_butterfly_f32
 .text.arm_radix2_butterfly_inverse_f32
                0x0000000000006f28      0x188 /home/apopa/Documents/MCUXpresso_11.1.1_3241/workspace/frdmk66f_sai_peripheral/libs/libarm_cortexM4lf_math.a(arm_cfft_radix2_f32.o)
                0x0000000000006f28                arm_radix2_butterfly_inverse_f32
 .text.arm_cfft_radix2_f32
                0x00000000000070b0       0x40 /home/apopa/Documents/MCUXpresso_11.1.1_3241/workspace/frdmk66f_sai_peripheral/libs/libarm_cortexM4lf_math.a(arm_cfft_radix2_f32.o)
                0x00000000000070b0                arm_cfft_radix2_f32
 .text.arm_bitreversal_f32
                0x00000000000070f0       0xe0 /home/apopa/Documents/MCUXpresso_11.1.1_3241/workspace/frdmk66f_sai_peripheral/libs/libarm_cortexM4lf_math.a(arm_bitreversal.o)
                0x00000000000070f0                arm_bitreversal_f32
 .text.arm_cmplx_mag_f32
                0x00000000000071d0      0x248 /home/apopa/Documents/MCUXpresso_11.1.1_3241/workspace/frdmk66f_sai_peripheral/libs/libarm_cortexM4lf_math.a(arm_cmplx_mag_f32.o)
                0x00000000000071d0                arm_cmplx_mag_f32
 .text.arm_sin_q15
                0x0000000000007418       0x38 /home/apopa/Documents/MCUXpresso_11.1.1_3241/workspace/frdmk66f_sai_peripheral/libs/libarm_cortexM4lf_math.a(arm_sin_q15.o)
                0x0000000000007418                arm_sin_q15
 .text.__filbuf
                0x0000000000007450      0x178 /usr/local/mcuxpressoide-11.1.1_3241/ide/plugins/com.nxp.mcuxpresso.tools.linux_11.1.0.202001081728/tools/bin/../lib/gcc/arm-none-eabi/8.3.1/../../../../arm-none-eabi/lib/thumb/v7e-m+fp/hard/libcr_c.a(__fillbuf.o)
                0x0000000000007450                __filbuf
 .text._Cwritebuf
                0x00000000000075c8       0x6c /usr/local/mcuxpressoide-11.1.1_3241/ide/plugins/com.nxp.mcuxpresso.tools.linux_11.1.0.202001081728/tools/bin/../lib/gcc/arm-none-eabi/8.3.1/../../../../arm-none-eabi/lib/thumb/v7e-m+fp/hard/libcr_c.a(_writebuf.o)
                0x00000000000075c8                _Cwritebuf
 .text.malloc   0x0000000000007634       0xc8 /usr/local/mcuxpressoide-11.1.1_3241/ide/plugins/com.nxp.mcuxpresso.tools.linux_11.1.0.202001081728/tools/bin/../lib/gcc/arm-none-eabi/8.3.1/../../../../arm-none-eabi/lib/thumb/v7e-m+fp/hard/libcr_c.a(alloc.o)
                0x0000000000007634                malloc
 .text._Csys_alloc
                0x00000000000076fc       0x20 /usr/local/mcuxpressoide-11.1.1_3241/ide/plugins/com.nxp.mcuxpresso.tools.linux_11.1.0.202001081728/tools/bin/../lib/gcc/arm-none-eabi/8.3.1/../../../../arm-none-eabi/lib/thumb/v7e-m+fp/hard/libcr_c.a(alloc.o)
                0x00000000000076fc                _Csys_alloc
 .text.sprintf  0x000000000000771c       0x6c /usr/local/mcuxpressoide-11.1.1_3241/ide/plugins/com.nxp.mcuxpresso.tools.linux_11.1.0.202001081728/tools/bin/../lib/gcc/arm-none-eabi/8.3.1/../../../../arm-none-eabi/lib/thumb/v7e-m+fp/hard/libcr_c.a(fpprintf.o)
                0x000000000000771c                sprintf
 .text.vsnprintf
                0x0000000000007788       0x68 /usr/local/mcuxpressoide-11.1.1_3241/ide/plugins/com.nxp.mcuxpresso.tools.linux_11.1.0.202001081728/tools/bin/../lib/gcc/arm-none-eabi/8.3.1/../../../../arm-none-eabi/lib/thumb/v7e-m+fp/hard/libcr_c.a(fpprintf.o)
                0x0000000000007788                vsnprintf
 .text.printf   0x00000000000077f0       0x54 /usr/local/mcuxpressoide-11.1.1_3241/ide/plugins/com.nxp.mcuxpresso.tools.linux_11.1.0.202001081728/tools/bin/../lib/gcc/arm-none-eabi/8.3.1/../../../../arm-none-eabi/lib/thumb/v7e-m+fp/hard/libcr_c.a(fpprintf.o)
                0x00000000000077f0                printf
 .text.fseek    0x0000000000007844      0x100 /usr/local/mcuxpressoide-11.1.1_3241/ide/plugins/com.nxp.mcuxpresso.tools.linux_11.1.0.202001081728/tools/bin/../lib/gcc/arm-none-eabi/8.3.1/../../../../arm-none-eabi/lib/thumb/v7e-m+fp/hard/libcr_c.a(fseek.o)
                0x0000000000007844                fseek
 .text.ftell    0x0000000000007944       0x48 /usr/local/mcuxpressoide-11.1.1_3241/ide/plugins/com.nxp.mcuxpresso.tools.linux_11.1.0.202001081728/tools/bin/../lib/gcc/arm-none-eabi/8.3.1/../../../../arm-none-eabi/lib/thumb/v7e-m+fp/hard/libcr_c.a(ftell.o)
                0x0000000000007944                ftell
 .text._initio  0x000000000000798c       0x78 /usr/local/mcuxpressoide-11.1.1_3241/ide/plugins/com.nxp.mcuxpresso.tools.linux_11.1.0.202001081728/tools/bin/../lib/gcc/arm-none-eabi/8.3.1/../../../../arm-none-eabi/lib/thumb/v7e-m+fp/hard/libcr_c.a(initio.o)
                0x000000000000798c                _initio
 .text.__vfprintf
                0x0000000000007a04      0xbe0 /usr/local/mcuxpressoide-11.1.1_3241/ide/plugins/com.nxp.mcuxpresso.tools.linux_11.1.0.202001081728/tools/bin/../lib/gcc/arm-none-eabi/8.3.1/../../../../arm-none-eabi/lib/thumb/v7e-m+fp/hard/libcr_c.a(printf.o)
                0x0000000000007a04                __vfprintf
 .text.setvbuf  0x00000000000085e4       0x40 /usr/local/mcuxpressoide-11.1.1_3241/ide/plugins/com.nxp.mcuxpresso.tools.linux_11.1.0.202001081728/tools/bin/../lib/gcc/arm-none-eabi/8.3.1/../../../../arm-none-eabi/lib/thumb/v7e-m+fp/hard/libcr_c.a(setvbuf.o)
                0x00000000000085e4                setvbuf
 .text._sbrk    0x0000000000008624       0x3c /usr/local/mcuxpressoide-11.1.1_3241/ide/plugins/com.nxp.mcuxpresso.tools.linux_11.1.0.202001081728/tools/bin/../lib/gcc/arm-none-eabi/8.3.1/../../../../arm-none-eabi/lib/thumb/v7e-m+fp/hard/libcr_c.a(_cr_sbrk.o)
                0x0000000000008624                _sbrk
 .text.fflush   0x0000000000008660       0x44 /usr/local/mcuxpressoide-11.1.1_3241/ide/plugins/com.nxp.mcuxpresso.tools.linux_11.1.0.202001081728/tools/bin/../lib/gcc/arm-none-eabi/8.3.1/../../../../arm-none-eabi/lib/thumb/v7e-m+fp/hard/libcr_c.a(fflush.o)
                0x0000000000008660                fflush
 .text.__check_heap_overflow
                0x00000000000086a4       0x18 /usr/local/mcuxpressoide-11.1.1_3241/ide/plugins/com.nxp.mcuxpresso.tools.linux_11.1.0.202001081728/tools/bin/../lib/gcc/arm-none-eabi/8.3.1/../../../../arm-none-eabi/lib/thumb/v7e-m+fp/hard/libcr_c.a(_cr_check_heap.o)
                0x00000000000086a4                __check_heap_overflow
 .text.__aeabi_dmul
                0x00000000000086bc      0x114 /usr/local/mcuxpressoide-11.1.1_3241/ide/plugins/com.nxp.mcuxpresso.tools.linux_11.1.0.202001081728/tools/bin/../lib/gcc/arm-none-eabi/8.3.1/thumb/v7e-m+fp/hard/libcr_eabihelpers.a(double.o)
                0x00000000000086bc                __aeabi_dmul
 .text.__aeabi_ddiv
                0x00000000000087d0      0x150 /usr/local/mcuxpressoide-11.1.1_3241/ide/plugins/com.nxp.mcuxpresso.tools.linux_11.1.0.202001081728/tools/bin/../lib/gcc/arm-none-eabi/8.3.1/thumb/v7e-m+fp/hard/libcr_eabihelpers.a(double.o)
                0x00000000000087d0                __aeabi_ddiv
 .text.__aeabi_dsub
                0x0000000000008920      0x1ac /usr/local/mcuxpressoide-11.1.1_3241/ide/plugins/com.nxp.mcuxpresso.tools.linux_11.1.0.202001081728/tools/bin/../lib/gcc/arm-none-eabi/8.3.1/thumb/v7e-m+fp/hard/libcr_eabihelpers.a(double.o)
                0x0000000000008920                __aeabi_dsub
 .text.__aeabi_dadd
                0x0000000000008acc      0x114 /usr/local/mcuxpressoide-11.1.1_3241/ide/plugins/com.nxp.mcuxpresso.tools.linux_11.1.0.202001081728/tools/bin/../lib/gcc/arm-none-eabi/8.3.1/thumb/v7e-m+fp/hard/libcr_eabihelpers.a(double.o)
                0x0000000000008acc                __aeabi_dadd
 .text.__aeabi_f2d
                0x0000000000008be0       0x38 /usr/local/mcuxpressoide-11.1.1_3241/ide/plugins/com.nxp.mcuxpresso.tools.linux_11.1.0.202001081728/tools/bin/../lib/gcc/arm-none-eabi/8.3.1/thumb/v7e-m+fp/hard/libcr_eabihelpers.a(float.o)
                0x0000000000008be0                __aeabi_f2d
 .text.__sys_appexit
                0x0000000000008c18        0xc /usr/local/mcuxpressoide-11.1.1_3241/ide/plugins/com.nxp.mcuxpresso.tools.linux_11.1.0.202001081728/tools/bin/../lib/gcc/arm-none-eabi/8.3.1/../../../../arm-none-eabi/lib/thumb/v7e-m+fp/hard/libcr_semihost_nf.a(__sys_appexit.o)
                0x0000000000008c18                __exit
                0x0000000000008c18                __sys_appexit
 .text.DMA0_DMA16_IRQHandler
                0x0000000000008c24        0x8 ./startup/startup_mk66f18.o
                0x0000000000008c24                DMA0_DMA16_IRQHandler
 .text.DMA1_DMA17_IRQHandler
                0x0000000000008c2c        0x8 ./startup/startup_mk66f18.o
                0x0000000000008c2c                DMA1_DMA17_IRQHandler
 .text.DMA2_DMA18_IRQHandler
                0x0000000000008c34        0x8 ./startup/startup_mk66f18.o
                0x0000000000008c34                DMA2_DMA18_IRQHandler
 .text.DMA3_DMA19_IRQHandler
                0x0000000000008c3c        0x8 ./startup/startup_mk66f18.o
                0x0000000000008c3c                DMA3_DMA19_IRQHandler
 .text.DMA4_DMA20_IRQHandler
                0x0000000000008c44        0x8 ./startup/startup_mk66f18.o
                0x0000000000008c44                DMA4_DMA20_IRQHandler
 .text.DMA5_DMA21_IRQHandler
                0x0000000000008c4c        0x8 ./startup/startup_mk66f18.o
                0x0000000000008c4c                DMA5_DMA21_IRQHandler
 .text.DMA6_DMA22_IRQHandler
                0x0000000000008c54        0x8 ./startup/startup_mk66f18.o
                0x0000000000008c54                DMA6_DMA22_IRQHandler
 .text.DMA7_DMA23_IRQHandler
                0x0000000000008c5c        0x8 ./startup/startup_mk66f18.o
                0x0000000000008c5c                DMA7_DMA23_IRQHandler
 .text.DMA8_DMA24_IRQHandler
                0x0000000000008c64        0x8 ./startup/startup_mk66f18.o
                0x0000000000008c64                DMA8_DMA24_IRQHandler
 .text.DMA9_DMA25_IRQHandler
                0x0000000000008c6c        0x8 ./startup/startup_mk66f18.o
                0x0000000000008c6c                DMA9_DMA25_IRQHandler
 .text.DMA10_DMA26_IRQHandler
                0x0000000000008c74        0x8 ./startup/startup_mk66f18.o
                0x0000000000008c74                DMA10_DMA26_IRQHandler
 .text.DMA11_DMA27_IRQHandler
                0x0000000000008c7c        0x8 ./startup/startup_mk66f18.o
                0x0000000000008c7c                DMA11_DMA27_IRQHandler
 .text.DMA12_DMA28_IRQHandler
                0x0000000000008c84        0x8 ./startup/startup_mk66f18.o
                0x0000000000008c84                DMA12_DMA28_IRQHandler
 .text.DMA13_DMA29_IRQHandler
                0x0000000000008c8c        0x8 ./startup/startup_mk66f18.o
                0x0000000000008c8c                DMA13_DMA29_IRQHandler
 .text.DMA14_DMA30_IRQHandler
                0x0000000000008c94        0x8 ./startup/startup_mk66f18.o
                0x0000000000008c94                DMA14_DMA30_IRQHandler
 .text.DMA15_DMA31_IRQHandler
                0x0000000000008c9c        0x8 ./startup/startup_mk66f18.o
                0x0000000000008c9c                DMA15_DMA31_IRQHandler
 .text.DMA_Error_IRQHandler
                0x0000000000008ca4        0x8 ./startup/startup_mk66f18.o
                0x0000000000008ca4                DMA_Error_IRQHandler
 .text.MCM_IRQHandler
                0x0000000000008cac        0x8 ./startup/startup_mk66f18.o
                0x0000000000008cac                MCM_IRQHandler
 .text.FTFE_IRQHandler
                0x0000000000008cb4        0x8 ./startup/startup_mk66f18.o
                0x0000000000008cb4                FTFE_IRQHandler
 .text.Read_Collision_IRQHandler
                0x0000000000008cbc        0x8 ./startup/startup_mk66f18.o
                0x0000000000008cbc                Read_Collision_IRQHandler
 .text.LVD_LVW_IRQHandler
                0x0000000000008cc4        0x8 ./startup/startup_mk66f18.o
                0x0000000000008cc4                LVD_LVW_IRQHandler
 .text.LLWU_IRQHandler
                0x0000000000008ccc        0x8 ./startup/startup_mk66f18.o
                0x0000000000008ccc                LLWU_IRQHandler
 .text.WDOG_EWM_IRQHandler
                0x0000000000008cd4        0x8 ./startup/startup_mk66f18.o
                0x0000000000008cd4                WDOG_EWM_IRQHandler
 .text.RNG_IRQHandler
                0x0000000000008cdc        0x8 ./startup/startup_mk66f18.o
                0x0000000000008cdc                RNG_IRQHandler
 .text.I2C0_IRQHandler
                0x0000000000008ce4        0x8 ./startup/startup_mk66f18.o
                0x0000000000008ce4                I2C0_IRQHandler
 .text.I2C1_IRQHandler
                0x0000000000008cec        0x8 ./startup/startup_mk66f18.o
                0x0000000000008cec                I2C1_IRQHandler
 .text.SPI0_IRQHandler
                0x0000000000008cf4        0x8 ./startup/startup_mk66f18.o
                0x0000000000008cf4                SPI0_IRQHandler
 .text.SPI1_IRQHandler
                0x0000000000008cfc        0x8 ./startup/startup_mk66f18.o
                0x0000000000008cfc                SPI1_IRQHandler
 .text.Reserved46_IRQHandler
                0x0000000000008d04        0x8 ./startup/startup_mk66f18.o
                0x0000000000008d04                Reserved46_IRQHandler
 .text.UART0_RX_TX_IRQHandler
                0x0000000000008d0c        0x8 ./startup/startup_mk66f18.o
                0x0000000000008d0c                UART0_RX_TX_IRQHandler
 .text.UART0_ERR_IRQHandler
                0x0000000000008d14        0x8 ./startup/startup_mk66f18.o
                0x0000000000008d14                UART0_ERR_IRQHandler
 .text.UART1_RX_TX_IRQHandler
                0x0000000000008d1c        0x8 ./startup/startup_mk66f18.o
                0x0000000000008d1c                UART1_RX_TX_IRQHandler
 .text.UART1_ERR_IRQHandler
                0x0000000000008d24        0x8 ./startup/startup_mk66f18.o
                0x0000000000008d24                UART1_ERR_IRQHandler
 .text.UART2_RX_TX_IRQHandler
                0x0000000000008d2c        0x8 ./startup/startup_mk66f18.o
                0x0000000000008d2c                UART2_RX_TX_IRQHandler
 .text.UART2_ERR_IRQHandler
                0x0000000000008d34        0x8 ./startup/startup_mk66f18.o
                0x0000000000008d34                UART2_ERR_IRQHandler
 .text.UART3_RX_TX_IRQHandler
                0x0000000000008d3c        0x8 ./startup/startup_mk66f18.o
                0x0000000000008d3c                UART3_RX_TX_IRQHandler
 .text.UART3_ERR_IRQHandler
                0x0000000000008d44        0x8 ./startup/startup_mk66f18.o
                0x0000000000008d44                UART3_ERR_IRQHandler
 .text.ADC0_IRQHandler
                0x0000000000008d4c        0x8 ./startup/startup_mk66f18.o
                0x0000000000008d4c                ADC0_IRQHandler
 .text.CMP0_IRQHandler
                0x0000000000008d54        0x8 ./startup/startup_mk66f18.o
                0x0000000000008d54                CMP0_IRQHandler
 .text.CMP1_IRQHandler
                0x0000000000008d5c        0x8 ./startup/startup_mk66f18.o
                0x0000000000008d5c                CMP1_IRQHandler
 .text.FTM0_IRQHandler
                0x0000000000008d64        0x8 ./startup/startup_mk66f18.o
                0x0000000000008d64                FTM0_IRQHandler
 .text.FTM1_IRQHandler
                0x0000000000008d6c        0x8 ./startup/startup_mk66f18.o
                0x0000000000008d6c                FTM1_IRQHandler
 .text.FTM2_IRQHandler
                0x0000000000008d74        0x8 ./startup/startup_mk66f18.o
                0x0000000000008d74                FTM2_IRQHandler
 .text.CMT_IRQHandler
                0x0000000000008d7c        0x8 ./startup/startup_mk66f18.o
                0x0000000000008d7c                CMT_IRQHandler
 .text.RTC_IRQHandler
                0x0000000000008d84        0x8 ./startup/startup_mk66f18.o
                0x0000000000008d84                RTC_IRQHandler
 .text.RTC_Seconds_IRQHandler
                0x0000000000008d8c        0x8 ./startup/startup_mk66f18.o
                0x0000000000008d8c                RTC_Seconds_IRQHandler
 .text.PIT0_IRQHandler
                0x0000000000008d94        0x8 ./startup/startup_mk66f18.o
                0x0000000000008d94                PIT0_IRQHandler
 .text.PIT1_IRQHandler
                0x0000000000008d9c        0x8 ./startup/startup_mk66f18.o
                0x0000000000008d9c                PIT1_IRQHandler
 .text.PIT2_IRQHandler
                0x0000000000008da4        0x8 ./startup/startup_mk66f18.o
                0x0000000000008da4                PIT2_IRQHandler
 .text.PIT3_IRQHandler
                0x0000000000008dac        0x8 ./startup/startup_mk66f18.o
                0x0000000000008dac                PIT3_IRQHandler
 .text.PDB0_IRQHandler
                0x0000000000008db4        0x8 ./startup/startup_mk66f18.o
                0x0000000000008db4                PDB0_IRQHandler
 .text.USB0_IRQHandler
                0x0000000000008dbc        0x8 ./startup/startup_mk66f18.o
                0x0000000000008dbc                USB0_IRQHandler
 .text.USBDCD_IRQHandler
                0x0000000000008dc4        0x8 ./startup/startup_mk66f18.o
                0x0000000000008dc4                USBDCD_IRQHandler
 .text.Reserved71_IRQHandler
                0x0000000000008dcc        0x8 ./startup/startup_mk66f18.o
                0x0000000000008dcc                Reserved71_IRQHandler
 .text.DAC0_IRQHandler
                0x0000000000008dd4        0x8 ./startup/startup_mk66f18.o
                0x0000000000008dd4                DAC0_IRQHandler
 .text.MCG_IRQHandler
                0x0000000000008ddc        0x8 ./startup/startup_mk66f18.o
                0x0000000000008ddc                MCG_IRQHandler
 .text.LPTMR0_IRQHandler
                0x0000000000008de4        0x8 ./startup/startup_mk66f18.o
                0x0000000000008de4                LPTMR0_IRQHandler
 .text.PORTA_IRQHandler
                0x0000000000008dec        0x8 ./startup/startup_mk66f18.o
                0x0000000000008dec                PORTA_IRQHandler
 .text.PORTB_IRQHandler
                0x0000000000008df4        0x8 ./startup/startup_mk66f18.o
                0x0000000000008df4                PORTB_IRQHandler
 .text.PORTC_IRQHandler
                0x0000000000008dfc        0x8 ./startup/startup_mk66f18.o
                0x0000000000008dfc                PORTC_IRQHandler
 .text.PORTE_IRQHandler
                0x0000000000008e04        0x8 ./startup/startup_mk66f18.o
                0x0000000000008e04                PORTE_IRQHandler
 .text.SWI_IRQHandler
                0x0000000000008e0c        0x8 ./startup/startup_mk66f18.o
                0x0000000000008e0c                SWI_IRQHandler
 .text.SPI2_IRQHandler
                0x0000000000008e14        0x8 ./startup/startup_mk66f18.o
                0x0000000000008e14                SPI2_IRQHandler
 .text.UART4_RX_TX_IRQHandler
                0x0000000000008e1c        0x8 ./startup/startup_mk66f18.o
                0x0000000000008e1c                UART4_RX_TX_IRQHandler
 .text.UART4_ERR_IRQHandler
                0x0000000000008e24        0x8 ./startup/startup_mk66f18.o
                0x0000000000008e24                UART4_ERR_IRQHandler
 .text.Reserved84_IRQHandler
                0x0000000000008e2c        0x8 ./startup/startup_mk66f18.o
                0x0000000000008e2c                Reserved84_IRQHandler
 .text.Reserved85_IRQHandler
                0x0000000000008e34        0x8 ./startup/startup_mk66f18.o
                0x0000000000008e34                Reserved85_IRQHandler
 .text.CMP2_IRQHandler
                0x0000000000008e3c        0x8 ./startup/startup_mk66f18.o
                0x0000000000008e3c                CMP2_IRQHandler
 .text.FTM3_IRQHandler
                0x0000000000008e44        0x8 ./startup/startup_mk66f18.o
                0x0000000000008e44                FTM3_IRQHandler
 .text.DAC1_IRQHandler
                0x0000000000008e4c        0x8 ./startup/startup_mk66f18.o
                0x0000000000008e4c                DAC1_IRQHandler
 .text.ADC1_IRQHandler
                0x0000000000008e54        0x8 ./startup/startup_mk66f18.o
                0x0000000000008e54                ADC1_IRQHandler
 .text.I2C2_IRQHandler
                0x0000000000008e5c        0x8 ./startup/startup_mk66f18.o
                0x0000000000008e5c                I2C2_IRQHandler
 .text.CAN0_ORed_Message_buffer_IRQHandler
                0x0000000000008e64        0x8 ./startup/startup_mk66f18.o
                0x0000000000008e64                CAN0_ORed_Message_buffer_IRQHandler
 .text.CAN0_Bus_Off_IRQHandler
                0x0000000000008e6c        0x8 ./startup/startup_mk66f18.o
                0x0000000000008e6c                CAN0_Bus_Off_IRQHandler
 .text.CAN0_Error_IRQHandler
                0x0000000000008e74        0x8 ./startup/startup_mk66f18.o
                0x0000000000008e74                CAN0_Error_IRQHandler
 .text.CAN0_Tx_Warning_IRQHandler
                0x0000000000008e7c        0x8 ./startup/startup_mk66f18.o
                0x0000000000008e7c                CAN0_Tx_Warning_IRQHandler
 .text.CAN0_Rx_Warning_IRQHandler
                0x0000000000008e84        0x8 ./startup/startup_mk66f18.o
                0x0000000000008e84                CAN0_Rx_Warning_IRQHandler
 .text.CAN0_Wake_Up_IRQHandler
                0x0000000000008e8c        0x8 ./startup/startup_mk66f18.o
                0x0000000000008e8c                CAN0_Wake_Up_IRQHandler
 .text.SDHC_IRQHandler
                0x0000000000008e94        0x8 ./startup/startup_mk66f18.o
                0x0000000000008e94                SDHC_IRQHandler
 .text.ENET_1588_Timer_IRQHandler
                0x0000000000008e9c        0x8 ./startup/startup_mk66f18.o
                0x0000000000008e9c                ENET_1588_Timer_IRQHandler
 .text.ENET_Transmit_IRQHandler
                0x0000000000008ea4        0x8 ./startup/startup_mk66f18.o
                0x0000000000008ea4                ENET_Transmit_IRQHandler
 .text.ENET_Receive_IRQHandler
                0x0000000000008eac        0x8 ./startup/startup_mk66f18.o
                0x0000000000008eac                ENET_Receive_IRQHandler
 .text.ENET_Error_IRQHandler
                0x0000000000008eb4        0x8 ./startup/startup_mk66f18.o
                0x0000000000008eb4                ENET_Error_IRQHandler
 .text.LPUART0_IRQHandler
                0x0000000000008ebc        0x8 ./startup/startup_mk66f18.o
                0x0000000000008ebc                LPUART0_IRQHandler
 .text.TSI0_IRQHandler
                0x0000000000008ec4        0x8 ./startup/startup_mk66f18.o
                0x0000000000008ec4                TSI0_IRQHandler
 .text.TPM1_IRQHandler
                0x0000000000008ecc        0x8 ./startup/startup_mk66f18.o
                0x0000000000008ecc                TPM1_IRQHandler
 .text.TPM2_IRQHandler
                0x0000000000008ed4        0x8 ./startup/startup_mk66f18.o
                0x0000000000008ed4                TPM2_IRQHandler
 .text.USBHSDCD_IRQHandler
                0x0000000000008edc        0x8 ./startup/startup_mk66f18.o
                0x0000000000008edc                USBHSDCD_IRQHandler
 .text.I2C3_IRQHandler
                0x0000000000008ee4        0x8 ./startup/startup_mk66f18.o
                0x0000000000008ee4                I2C3_IRQHandler
 .text.CMP3_IRQHandler
                0x0000000000008eec        0x8 ./startup/startup_mk66f18.o
                0x0000000000008eec                CMP3_IRQHandler
 .text.USBHS_IRQHandler
                0x0000000000008ef4        0x8 ./startup/startup_mk66f18.o
                0x0000000000008ef4                USBHS_IRQHandler
 .text.CAN1_ORed_Message_buffer_IRQHandler
                0x0000000000008efc        0x8 ./startup/startup_mk66f18.o
                0x0000000000008efc                CAN1_ORed_Message_buffer_IRQHandler
 .text.CAN1_Bus_Off_IRQHandler
                0x0000000000008f04        0x8 ./startup/startup_mk66f18.o
                0x0000000000008f04                CAN1_Bus_Off_IRQHandler
 .text.CAN1_Error_IRQHandler
                0x0000000000008f0c        0x8 ./startup/startup_mk66f18.o
                0x0000000000008f0c                CAN1_Error_IRQHandler
 .text.CAN1_Tx_Warning_IRQHandler
                0x0000000000008f14        0x8 ./startup/startup_mk66f18.o
                0x0000000000008f14                CAN1_Tx_Warning_IRQHandler
 .text.CAN1_Rx_Warning_IRQHandler
                0x0000000000008f1c        0x8 ./startup/startup_mk66f18.o
                0x0000000000008f1c                CAN1_Rx_Warning_IRQHandler
 .text.CAN1_Wake_Up_IRQHandler
                0x0000000000008f24        0x8 ./startup/startup_mk66f18.o
                0x0000000000008f24                CAN1_Wake_Up_IRQHandler
 .text.wav_header
                0x0000000000008f2c       0xd2 ./source/recordtoSdcard.o
                0x0000000000008f2c                wav_header
 .text.HardFault_Handler
                0x0000000000008ffe       0x2a ./source/semihost_hardfault.o
                0x0000000000008ffe                HardFault_Handler
 .text.SD_HostReset
                0x0000000000009028        0xa ./sdmmc/src/fsl_sd.o
                0x0000000000009028                SD_HostReset
 .text.SD_PowerOnCard
                0x0000000000009032        0x8 ./sdmmc/src/fsl_sd.o
                0x0000000000009032                SD_PowerOnCard
 .text.SD_PowerOffCard
                0x000000000000903a        0x8 ./sdmmc/src/fsl_sd.o
                0x000000000000903a                SD_PowerOffCard
 .text.SD_WaitCardDetectStatus
                0x0000000000009042        0x8 ./sdmmc/src/fsl_sd.o
                0x0000000000009042                SD_WaitCardDetectStatus
 .text.SDMMC_ExecuteTuning
                0x000000000000904a       0x64 ./sdmmc/src/fsl_sdmmc_common.o
                0x000000000000904a                SDMMC_ExecuteTuning
 .text.SDMMCEVENT_Create
                0x00000000000090ae       0x14 ./sdmmc/port/fsl_sdmmc_event.o
                0x00000000000090ae                SDMMCEVENT_Create
 .text.SDMMCEVENT_Notify
                0x00000000000090c2       0x14 ./sdmmc/port/fsl_sdmmc_event.o
                0x00000000000090c2                SDMMCEVENT_Notify
 .text.SDMMCEVENT_Delete
                0x00000000000090d6        0xe ./sdmmc/port/fsl_sdmmc_event.o
                0x00000000000090d6                SDMMCEVENT_Delete
 .text.SDMMCHOST_ErrorRecovery
                0x00000000000090e4       0x2e ./sdmmc/port/fsl_sdmmc_host.o
                0x00000000000090e4                SDMMCHOST_ErrorRecovery
 .text.SDMMCHOST_Delay
                0x0000000000009112        0x8 ./sdmmc/port/fsl_sdmmc_host.o
                0x0000000000009112                SDMMCHOST_Delay
 .text.SDMMCHOST_PowerOffCard
                0x000000000000911a       0x14 ./sdmmc/port/fsl_sdmmc_host.o
                0x000000000000911a                SDMMCHOST_PowerOffCard
 .text.SDMMCHOST_PowerOnCard
                0x000000000000912e       0x1c ./sdmmc/port/fsl_sdmmc_host.o
                0x000000000000912e                SDMMCHOST_PowerOnCard
 .text.SDMMCHOST_Reset
                0x000000000000914a        0x2 ./sdmmc/port/fsl_sdmmc_host.o
                0x000000000000914a                SDMMCHOST_Reset
 .text.sd_disk_status
                0x000000000000914c        0x8 ./fatfs/source/fsl_sd_disk/fsl_sd_disk.o
                0x000000000000914c                sd_disk_status
 .text.disk_status
                0x0000000000009154       0x10 ./fatfs/source/diskio.o
                0x0000000000009154                disk_status
 .text.disk_initialize
                0x0000000000009164       0x10 ./fatfs/source/diskio.o
                0x0000000000009164                disk_initialize
 .text.disk_read
                0x0000000000009174       0x12 ./fatfs/source/diskio.o
                0x0000000000009174                disk_read
 .text.disk_write
                0x0000000000009186       0x12 ./fatfs/source/diskio.o
                0x0000000000009186                disk_write
 .text.disk_ioctl
                0x0000000000009198       0x10 ./fatfs/source/diskio.o
                0x0000000000009198                disk_ioctl
 .text.ld_dword
                0x00000000000091a8       0x16 ./fatfs/source/ff.o
 .text.mem_cpy  0x00000000000091be       0x14 ./fatfs/source/ff.o
 .text.mem_set  0x00000000000091d2        0xc ./fatfs/source/ff.o
 .text.mem_cmp  0x00000000000091de       0x1e ./fatfs/source/ff.o
 .text.clst2sect
                0x00000000000091fc       0x16 ./fatfs/source/ff.o
 .text.validate
                0x0000000000009212       0x46 ./fatfs/source/ff.o
 .text.sync_window
                0x0000000000009258       0x48 ./fatfs/source/ff.o
 .text.move_window
                0x00000000000092a0       0x3c ./fatfs/source/ff.o
 .text.dir_clear
                0x00000000000092dc       0x5c ./fatfs/source/ff.o
 .text.sync_fs  0x0000000000009338       0xb6 ./fatfs/source/ff.o
 .text.put_fat  0x00000000000093ee      0x140 ./fatfs/source/ff.o
 .text.st_clust
                0x000000000000952e       0x1a ./fatfs/source/ff.o
 .text.get_fat  0x0000000000009548       0xd0 ./fatfs/source/ff.o
 .text.dir_sdi  0x0000000000009618       0xb0 ./fatfs/source/ff.o
 .text.create_chain
                0x00000000000096c8      0x11e ./fatfs/source/ff.o
 .text.remove_chain
                0x00000000000097e6       0x94 ./fatfs/source/ff.o
 .text.dir_next
                0x000000000000987a       0xc8 ./fatfs/source/ff.o
 .text.dir_register
                0x0000000000009942       0x72 ./fatfs/source/ff.o
 .text.ld_clust
                0x00000000000099b4       0x20 ./fatfs/source/ff.o
 .text.f_open   0x00000000000099d4      0x202 ./fatfs/source/ff.o
                0x00000000000099d4                f_open
 .text.f_read   0x0000000000009bd6      0x198 ./fatfs/source/ff.o
                0x0000000000009bd6                f_read
 .text.f_write  0x0000000000009d6e      0x1c6 ./fatfs/source/ff.o
                0x0000000000009d6e                f_write
 .text.f_sync   0x0000000000009f34       0x9e ./fatfs/source/ff.o
                0x0000000000009f34                f_sync
 .text.f_close  0x0000000000009fd2       0x28 ./fatfs/source/ff.o
                0x0000000000009fd2                f_close
 .text.f_lseek  0x0000000000009ffa      0x192 ./fatfs/source/ff.o
                0x0000000000009ffa                f_lseek
 .text.f_mkdir  0x000000000000a18c      0x11a ./fatfs/source/ff.o
                0x000000000000a18c                f_mkdir
 .text.EDMA_AbortTransfer
                0x000000000000a2a6       0x34 ./drivers/fsl_edma.o
                0x000000000000a2a6                EDMA_AbortTransfer
 .text.I2C_CheckAndClearError
                0x000000000000a2da       0x20 ./drivers/fsl_i2c.o
 .text.I2C_MasterStop
                0x000000000000a2fa       0x14 ./drivers/fsl_i2c.o
                0x000000000000a2fa                I2C_MasterStop
 .text.I2C_MasterGetStatusFlags
                0x000000000000a30e       0x20 ./drivers/fsl_i2c.o
                0x000000000000a30e                I2C_MasterGetStatusFlags
 .text.I2C_MasterStart
                0x000000000000a32e       0x34 ./drivers/fsl_i2c.o
                0x000000000000a32e                I2C_MasterStart
 .text.I2C_MasterRepeatedStart
                0x000000000000a362       0x54 ./drivers/fsl_i2c.o
                0x000000000000a362                I2C_MasterRepeatedStart
 .text.I2C_MasterWriteBlocking
                0x000000000000a3b6       0x96 ./drivers/fsl_i2c.o
                0x000000000000a3b6                I2C_MasterWriteBlocking
 .text.I2C_MasterReadBlocking
                0x000000000000a44c       0xa2 ./drivers/fsl_i2c.o
                0x000000000000a44c                I2C_MasterReadBlocking
 .text.SAI_TxReset
                0x000000000000a4ee       0x1c ./drivers/fsl_sai.o
                0x000000000000a4ee                SAI_TxReset
 .text.SAI_RxReset
                0x000000000000a50a       0x2c ./drivers/fsl_sai.o
                0x000000000000a50a                SAI_RxReset
 .text.SAI_TxEnable
                0x000000000000a536       0x56 ./drivers/fsl_sai.o
                0x000000000000a536                SAI_TxEnable
 .text.SAI_RxEnable
                0x000000000000a58c       0x5e ./drivers/fsl_sai.o
                0x000000000000a58c                SAI_RxEnable
 .text.SAI_TxSoftwareReset
                0x000000000000a5ea       0x10 ./drivers/fsl_sai.o
                0x000000000000a5ea                SAI_TxSoftwareReset
 .text.SAI_RxSoftwareReset
                0x000000000000a5fa       0x18 ./drivers/fsl_sai.o
                0x000000000000a5fa                SAI_RxSoftwareReset
 .text.SAI_TxEDMACallback
                0x000000000000a612       0x5e ./drivers/fsl_sai_edma.o
 .text.SAI_RxEDMACallback
                0x000000000000a670       0x62 ./drivers/fsl_sai_edma.o
 .text.SDHC_ReadDataPort
                0x000000000000a6d2       0x4a ./drivers/fsl_sdhc.o
 .text.SDHC_WriteDataPort
                0x000000000000a71c       0x4c ./drivers/fsl_sdhc.o
 .text.SDHC_Reset
                0x000000000000a768       0x2c ./drivers/fsl_sdhc.o
                0x000000000000a768                SDHC_Reset
 .text.SDHC_SetCardActive
                0x000000000000a794       0x28 ./drivers/fsl_sdhc.o
                0x000000000000a794                SDHC_SetCardActive
 .text.SDHC_StartTransfer
                0x000000000000a7bc       0xac ./drivers/fsl_sdhc.o
 .text.UART0_RX_TX_DriverIRQHandler
                0x000000000000a868        0xc ./drivers/fsl_uart.o
                0x000000000000a868                UART0_RX_TX_DriverIRQHandler
 .text.UART1_RX_TX_DriverIRQHandler
                0x000000000000a874        0xc ./drivers/fsl_uart.o
                0x000000000000a874                UART1_RX_TX_DriverIRQHandler
 .text.UART2_RX_TX_DriverIRQHandler
                0x000000000000a880        0xc ./drivers/fsl_uart.o
                0x000000000000a880                UART2_RX_TX_DriverIRQHandler
 .text.UART3_RX_TX_DriverIRQHandler
                0x000000000000a88c        0xc ./drivers/fsl_uart.o
                0x000000000000a88c                UART3_RX_TX_DriverIRQHandler
 .text.UART4_RX_TX_DriverIRQHandler
                0x000000000000a898        0xc ./drivers/fsl_uart.o
                0x000000000000a898                UART4_RX_TX_DriverIRQHandler
 .text.SystemInitHook
                0x000000000000a8a4        0x2 ./device/system_MK66F18.o
                0x000000000000a8a4                SystemInitHook
 .text.HAL_I2cGetStatus
                0x000000000000a8a6       0x5c ./component/i2c/i2c_adapter.o
                0x000000000000a8a6                HAL_I2cGetStatus
 .text.CODEC_I2C_Init
                0x000000000000a902       0x1c ./codec/fsl_codec_i2c.o
                0x000000000000a902                CODEC_I2C_Init
 .text.CODEC_I2C_Send
                0x000000000000a91e       0x2c ./codec/fsl_codec_i2c.o
                0x000000000000a91e                CODEC_I2C_Send
 .text.CODEC_I2C_Receive
                0x000000000000a94a       0x2e ./codec/fsl_codec_i2c.o
                0x000000000000a94a                CODEC_I2C_Receive
 .text.DA7212_Deinit
                0x000000000000a978        0x4 ./codec/fsl_dialog7212.o
                0x000000000000a978                DA7212_Deinit
 .text.BOARD_InitDebugConsole
                0x000000000000a97c        0x8 ./board/board.o
                0x000000000000a97c                BOARD_InitDebugConsole
 .text.BOARD_InitBootClocks
                0x000000000000a984        0x8 ./board/clock_config.o
                0x000000000000a984                BOARD_InitBootClocks
 .text.BOARD_InitBootPeripherals
                0x000000000000a98c        0x8 ./board/peripherals.o
                0x000000000000a98c                BOARD_InitBootPeripherals
 .text.__main   0x000000000000a994        0xe /usr/local/mcuxpressoide-11.1.1_3241/ide/plugins/com.nxp.mcuxpresso.tools.linux_11.1.0.202001081728/tools/bin/../lib/gcc/arm-none-eabi/8.3.1/../../../../arm-none-eabi/lib/thumb/v7e-m+fp/hard/libcr_semihost_nf.a(_cr__main.o)
                0x000000000000a994                __main
                0x000000000000a994                __CR_SEMIHOST
 .text.sqrtf    0x000000000000a9a2        0x6 /usr/local/mcuxpressoide-11.1.1_3241/ide/plugins/com.nxp.mcuxpresso.tools.linux_11.1.0.202001081728/tools/bin/../lib/gcc/arm-none-eabi/8.3.1/../../../../arm-none-eabi/lib/thumb/v7e-m+fp/hard/libcr_c.a(sqrtf_m4_hardfp.o)
                0x000000000000a9a2                sqrtf
 .text.memcpy   0x000000000000a9a8        0x4 /usr/local/mcuxpressoide-11.1.1_3241/ide/plugins/com.nxp.mcuxpresso.tools.linux_11.1.0.202001081728/tools/bin/../lib/gcc/arm-none-eabi/8.3.1/../../../../arm-none-eabi/lib/thumb/v7e-m+fp/hard/libcr_c.a(memcpy.o)
                0x000000000000a9a8                memcpy
 .text.memset   0x000000000000a9ac        0x4 /usr/local/mcuxpressoide-11.1.1_3241/ide/plugins/com.nxp.mcuxpresso.tools.linux_11.1.0.202001081728/tools/bin/../lib/gcc/arm-none-eabi/8.3.1/../../../../arm-none-eabi/lib/thumb/v7e-m+fp/hard/libcr_c.a(memset.o)
                0x000000000000a9ac                memset
 .text._Csys_read_
                0x000000000000a9b0       0x22 /usr/local/mcuxpressoide-11.1.1_3241/ide/plugins/com.nxp.mcuxpresso.tools.linux_11.1.0.202001081728/tools/bin/../lib/gcc/arm-none-eabi/8.3.1/../../../../arm-none-eabi/lib/thumb/v7e-m+fp/hard/libcr_c.a(__fillbuf.o)
                0x000000000000a9b0                _Csys_read_
 .text._deferredlazyseek
                0x000000000000a9d2       0x40 /usr/local/mcuxpressoide-11.1.1_3241/ide/plugins/com.nxp.mcuxpresso.tools.linux_11.1.0.202001081728/tools/bin/../lib/gcc/arm-none-eabi/8.3.1/../../../../arm-none-eabi/lib/thumb/v7e-m+fp/hard/libcr_c.a(_deferredlazyseek.o)
                0x000000000000a9d2                _deferredlazyseek
 .text.__flsbuf
                0x000000000000aa12      0x140 /usr/local/mcuxpressoide-11.1.1_3241/ide/plugins/com.nxp.mcuxpresso.tools.linux_11.1.0.202001081728/tools/bin/../lib/gcc/arm-none-eabi/8.3.1/../../../../arm-none-eabi/lib/thumb/v7e-m+fp/hard/libcr_c.a(_deferredlazyseek.o)
                0x000000000000aa12                __flsbuf
 .text._fflush  0x000000000000ab52       0x52 /usr/local/mcuxpressoide-11.1.1_3241/ide/plugins/com.nxp.mcuxpresso.tools.linux_11.1.0.202001081728/tools/bin/../lib/gcc/arm-none-eabi/8.3.1/../../../../arm-none-eabi/lib/thumb/v7e-m+fp/hard/libcr_c.a(_fflush.o)
                0x000000000000ab52                _fflush
 .text.free     0x000000000000aba4       0x30 /usr/local/mcuxpressoide-11.1.1_3241/ide/plugins/com.nxp.mcuxpresso.tools.linux_11.1.0.202001081728/tools/bin/../lib/gcc/arm-none-eabi/8.3.1/../../../../arm-none-eabi/lib/thumb/v7e-m+fp/hard/libcr_c.a(alloc.o)
                0x000000000000aba4                free
 .text.fp_round
                0x000000000000abd4       0x4e /usr/local/mcuxpressoide-11.1.1_3241/ide/plugins/com.nxp.mcuxpresso.tools.linux_11.1.0.202001081728/tools/bin/../lib/gcc/arm-none-eabi/8.3.1/../../../../arm-none-eabi/lib/thumb/v7e-m+fp/hard/libcr_c.a(fpprintf.o)
 .text.pr_dec.constprop.1
                0x000000000000ac22       0x26 /usr/local/mcuxpressoide-11.1.1_3241/ide/plugins/com.nxp.mcuxpresso.tools.linux_11.1.0.202001081728/tools/bin/../lib/gcc/arm-none-eabi/8.3.1/../../../../arm-none-eabi/lib/thumb/v7e-m+fp/hard/libcr_c.a(fpprintf.o)
 .text.strlen   0x000000000000ac48       0x4c /usr/local/mcuxpressoide-11.1.1_3241/ide/plugins/com.nxp.mcuxpresso.tools.linux_11.1.0.202001081728/tools/bin/../lib/gcc/arm-none-eabi/8.3.1/../../../../arm-none-eabi/lib/thumb/v7e-m+fp/hard/libcr_c.a(strlen.o)
                0x000000000000ac48                strlen
 .text._fdopen  0x000000000000ac94       0x68 /usr/local/mcuxpressoide-11.1.1_3241/ide/plugins/com.nxp.mcuxpresso.tools.linux_11.1.0.202001081728/tools/bin/../lib/gcc/arm-none-eabi/8.3.1/../../../../arm-none-eabi/lib/thumb/v7e-m+fp/hard/libcr_c.a(_fdopen.o)
                0x000000000000ac94                _fdopen
 .text.fclose   0x000000000000acfc       0x58 /usr/local/mcuxpressoide-11.1.1_3241/ide/plugins/com.nxp.mcuxpresso.tools.linux_11.1.0.202001081728/tools/bin/../lib/gcc/arm-none-eabi/8.3.1/../../../../arm-none-eabi/lib/thumb/v7e-m+fp/hard/libcr_c.a(fclose.o)
                0x000000000000acfc                fclose
 .text.remove   0x000000000000ad54       0x14 /usr/local/mcuxpressoide-11.1.1_3241/ide/plugins/com.nxp.mcuxpresso.tools.linux_11.1.0.202001081728/tools/bin/../lib/gcc/arm-none-eabi/8.3.1/../../../../arm-none-eabi/lib/thumb/v7e-m+fp/hard/libcr_c.a(remove.o)
                0x000000000000ad54                remove
 .text._do_fflush
                0x000000000000ad68       0x40 /usr/local/mcuxpressoide-11.1.1_3241/ide/plugins/com.nxp.mcuxpresso.tools.linux_11.1.0.202001081728/tools/bin/../lib/gcc/arm-none-eabi/8.3.1/../../../../arm-none-eabi/lib/thumb/v7e-m+fp/hard/libcr_c.a(_do_fflush.o)
                0x000000000000ad68                _do_fflush
 .text.__aeabi_division_uldivmod
                0x000000000000ada8      0x174 /usr/local/mcuxpressoide-11.1.1_3241/ide/plugins/com.nxp.mcuxpresso.tools.linux_11.1.0.202001081728/tools/bin/../lib/gcc/arm-none-eabi/8.3.1/thumb/v7e-m+fp/hard/libcr_eabihelpers.a(division_64.o)
                0x000000000000ada8                __aeabi_uldivmod
                0x000000000000adac                __bhs_ldivmod1
 .text.__aeabi_division_idiv0
                0x000000000000af1c        0x2 /usr/local/mcuxpressoide-11.1.1_3241/ide/plugins/com.nxp.mcuxpresso.tools.linux_11.1.0.202001081728/tools/bin/../lib/gcc/arm-none-eabi/8.3.1/thumb/v7e-m+fp/hard/libcr_eabihelpers.a(division_idiv0.o)
                0x000000000000af1c                __aeabi_idiv0
 .text.__aeabi_d2iz
                0x000000000000af1e       0x40 /usr/local/mcuxpressoide-11.1.1_3241/ide/plugins/com.nxp.mcuxpresso.tools.linux_11.1.0.202001081728/tools/bin/../lib/gcc/arm-none-eabi/8.3.1/thumb/v7e-m+fp/hard/libcr_eabihelpers.a(double.o)
                0x000000000000af1e                __aeabi_d2iz
 .text.__bhs_ui2d
                0x000000000000af5e       0x46 /usr/local/mcuxpressoide-11.1.1_3241/ide/plugins/com.nxp.mcuxpresso.tools.linux_11.1.0.202001081728/tools/bin/../lib/gcc/arm-none-eabi/8.3.1/thumb/v7e-m+fp/hard/libcr_eabihelpers.a(double.o)
                0x000000000000af5e                __bhs_ui2d
 .text.__aeabi_i2d
                0x000000000000afa4       0x12 /usr/local/mcuxpressoide-11.1.1_3241/ide/plugins/com.nxp.mcuxpresso.tools.linux_11.1.0.202001081728/tools/bin/../lib/gcc/arm-none-eabi/8.3.1/thumb/v7e-m+fp/hard/libcr_eabihelpers.a(double.o)
                0x000000000000afa4                __aeabi_i2d
 .text.__aeabi_dcmpeq
                0x000000000000afb6       0x2e /usr/local/mcuxpressoide-11.1.1_3241/ide/plugins/com.nxp.mcuxpresso.tools.linux_11.1.0.202001081728/tools/bin/../lib/gcc/arm-none-eabi/8.3.1/thumb/v7e-m+fp/hard/libcr_eabihelpers.a(double.o)
                0x000000000000afb6                __aeabi_dcmpeq
 .text.__aeabi_dcmplt
                0x000000000000afe4       0x56 /usr/local/mcuxpressoide-11.1.1_3241/ide/plugins/com.nxp.mcuxpresso.tools.linux_11.1.0.202001081728/tools/bin/../lib/gcc/arm-none-eabi/8.3.1/thumb/v7e-m+fp/hard/libcr_eabihelpers.a(double.o)
                0x000000000000afe4                __aeabi_dcmplt
 .text.__aeabi_dcmple
                0x000000000000b03a       0x56 /usr/local/mcuxpressoide-11.1.1_3241/ide/plugins/com.nxp.mcuxpresso.tools.linux_11.1.0.202001081728/tools/bin/../lib/gcc/arm-none-eabi/8.3.1/thumb/v7e-m+fp/hard/libcr_eabihelpers.a(double.o)
                0x000000000000b03a                __aeabi_dcmple
 .text.__aeabi_dcmpge
                0x000000000000b090       0x5c /usr/local/mcuxpressoide-11.1.1_3241/ide/plugins/com.nxp.mcuxpresso.tools.linux_11.1.0.202001081728/tools/bin/../lib/gcc/arm-none-eabi/8.3.1/thumb/v7e-m+fp/hard/libcr_eabihelpers.a(double.o)
                0x000000000000b090                __aeabi_dcmpge
 .text.__aeabi_memcpy
                0x000000000000b0ec       0x34 /usr/local/mcuxpressoide-11.1.1_3241/ide/plugins/com.nxp.mcuxpresso.tools.linux_11.1.0.202001081728/tools/bin/../lib/gcc/arm-none-eabi/8.3.1/thumb/v7e-m+fp/hard/libcr_eabihelpers.a(memcpy.o)
                0x000000000000b0ec                __aeabi_memcpy
                0x000000000000b0f6                __aeabi_memcpy4
                0x000000000000b0f6                __aeabi_memcpy8
 .text.__aeabi_memset_lowlevel
                0x000000000000b120       0x32 /usr/local/mcuxpressoide-11.1.1_3241/ide/plugins/com.nxp.mcuxpresso.tools.linux_11.1.0.202001081728/tools/bin/../lib/gcc/arm-none-eabi/8.3.1/thumb/v7e-m+fp/hard/libcr_eabihelpers.a(memcpy.o)
                0x000000000000b120                __aeabi_lowlevel_memset
 .text.__sys_close
                0x000000000000b152        0xc /usr/local/mcuxpressoide-11.1.1_3241/ide/plugins/com.nxp.mcuxpresso.tools.linux_11.1.0.202001081728/tools/bin/../lib/gcc/arm-none-eabi/8.3.1/../../../../arm-none-eabi/lib/thumb/v7e-m+fp/hard/libcr_semihost_nf.a(__sys_close.o)
                0x000000000000b152                __sys_close
 .text.__sys_flen
                0x000000000000b15e        0xc /usr/local/mcuxpressoide-11.1.1_3241/ide/plugins/com.nxp.mcuxpresso.tools.linux_11.1.0.202001081728/tools/bin/../lib/gcc/arm-none-eabi/8.3.1/../../../../arm-none-eabi/lib/thumb/v7e-m+fp/hard/libcr_semihost_nf.a(__sys_flen.o)
                0x000000000000b15e                __sys_flen
 .text.__sys_istty
                0x000000000000b16a        0xc /usr/local/mcuxpressoide-11.1.1_3241/ide/plugins/com.nxp.mcuxpresso.tools.linux_11.1.0.202001081728/tools/bin/../lib/gcc/arm-none-eabi/8.3.1/../../../../arm-none-eabi/lib/thumb/v7e-m+fp/hard/libcr_semihost_nf.a(__sys_istty.o)
                0x000000000000b16a                __sys_istty
 .text.__sys_read
                0x000000000000b176        0xc /usr/local/mcuxpressoide-11.1.1_3241/ide/plugins/com.nxp.mcuxpresso.tools.linux_11.1.0.202001081728/tools/bin/../lib/gcc/arm-none-eabi/8.3.1/../../../../arm-none-eabi/lib/thumb/v7e-m+fp/hard/libcr_semihost_nf.a(__sys_read.o)
                0x000000000000b176                __sys_read
 .text.__sys_readc
                0x000000000000b182        0x8 /usr/local/mcuxpressoide-11.1.1_3241/ide/plugins/com.nxp.mcuxpresso.tools.linux_11.1.0.202001081728/tools/bin/../lib/gcc/arm-none-eabi/8.3.1/../../../../arm-none-eabi/lib/thumb/v7e-m+fp/hard/libcr_semihost_nf.a(__sys_readc.o)
                0x000000000000b182                __readc
                0x000000000000b182                __sys_readc
 .text.__sys_remove
                0x000000000000b18a        0xc /usr/local/mcuxpressoide-11.1.1_3241/ide/plugins/com.nxp.mcuxpresso.tools.linux_11.1.0.202001081728/tools/bin/../lib/gcc/arm-none-eabi/8.3.1/../../../../arm-none-eabi/lib/thumb/v7e-m+fp/hard/libcr_semihost_nf.a(__sys_remove.o)
                0x000000000000b18a                __sys_remove
 .text.__sys_seek
                0x000000000000b196        0xc /usr/local/mcuxpressoide-11.1.1_3241/ide/plugins/com.nxp.mcuxpresso.tools.linux_11.1.0.202001081728/tools/bin/../lib/gcc/arm-none-eabi/8.3.1/../../../../arm-none-eabi/lib/thumb/v7e-m+fp/hard/libcr_semihost_nf.a(__sys_seek.o)
                0x000000000000b196                __sys_seek
 .text.__sys_tmpnam
                0x000000000000b1a2        0xc /usr/local/mcuxpressoide-11.1.1_3241/ide/plugins/com.nxp.mcuxpresso.tools.linux_11.1.0.202001081728/tools/bin/../lib/gcc/arm-none-eabi/8.3.1/../../../../arm-none-eabi/lib/thumb/v7e-m+fp/hard/libcr_semihost_nf.a(__sys_tmpnam.o)
                0x000000000000b1a2                __sys_tmpnam
 .text.__sys_write
                0x000000000000b1ae        0xc /usr/local/mcuxpressoide-11.1.1_3241/ide/plugins/com.nxp.mcuxpresso.tools.linux_11.1.0.202001081728/tools/bin/../lib/gcc/arm-none-eabi/8.3.1/../../../../arm-none-eabi/lib/thumb/v7e-m+fp/hard/libcr_semihost_nf.a(__sys_write.o)
                0x000000000000b1ae                __sys_write
 *(SORT_BY_ALIGNMENT(.rodata) SORT_BY_ALIGNMENT(.rodata.*) SORT_BY_ALIGNMENT(.constdata) SORT_BY_ALIGNMENT(.constdata.*))
 *fill*         0x000000000000b1ba        0x2 ff
 .rodata.__assertion_failed.str1.4
                0x000000000000b1bc       0x14 ./utilities/fsl_assert.o
 .rodata.PlaybackSine.str1.4
                0x000000000000b1d0       0x36 ./source/playbackSineWave.o
 *fill*         0x000000000000b206        0x2 ff
 .rodata.RecordSDCard.str1.4
                0x000000000000b208      0x122 ./source/recordtoSdcard.o
 *fill*         0x000000000000b32a        0x2 ff
 .rodata        0x000000000000b32c        0x3 ./source/sai_peripheral.o
 *fill*         0x000000000000b32f        0x1 ff
 .rodata.main.str1.4
                0x000000000000b330      0x273 ./source/sai_peripheral.o
                                        0x277 (size before relaxing)
 *fill*         0x000000000000b5a3        0x1 ff
 .rodata.s_sdCardDetect
                0x000000000000b5a4       0x14 ./source/sai_peripheral.o
 .rodata.SD_CardDeinit.str1.4
                0x000000000000b5b8       0x16 ./sdmmc/src/fsl_sd.o
 *fill*         0x000000000000b5ce        0x2 ff
 .rodata.SD_CardInit.str1.4
                0x000000000000b5d0       0x43 ./sdmmc/src/fsl_sd.o
 *fill*         0x000000000000b613        0x1 ff
 .rodata.SD_HostInit.str1.4
                0x000000000000b614       0x16 ./sdmmc/src/fsl_sd.o
 *fill*         0x000000000000b62a        0x2 ff
 .rodata.SD_ProbeBusVoltage.str1.4
                0x000000000000b62c       0x16 ./sdmmc/src/fsl_sd.o
 *fill*         0x000000000000b642        0x2 ff
 .rodata.SD_ReadBlocks.str1.4
                0x000000000000b644       0xc0 ./sdmmc/src/fsl_sd.o
 .rodata.SD_ReadStatus.str1.4
                0x000000000000b704       0x16 ./sdmmc/src/fsl_sd.o
 *fill*         0x000000000000b71a        0x2 ff
 .rodata.SD_SelectCard.str1.4
                0x000000000000b71c       0x16 ./sdmmc/src/fsl_sd.o
 *fill*         0x000000000000b732        0x2 ff
 .rodata.SD_SelectFunction.str1.4
                0x000000000000b734       0x15 ./sdmmc/src/fsl_sd.o
 *fill*         0x000000000000b749        0x3 ff
 .rodata.SD_SwitchFunction.str1.4
                0x000000000000b74c       0x2f ./sdmmc/src/fsl_sd.o
 *fill*         0x000000000000b77b        0x1 ff
 .rodata.SD_Transfer.str1.4
                0x000000000000b77c       0x3c ./sdmmc/src/fsl_sd.o
 .rodata.SD_WaitWriteComplete.str1.4
                0x000000000000b7b8       0x15 ./sdmmc/src/fsl_sd.o
 *fill*         0x000000000000b7cd        0x3 ff
 .rodata.SD_WriteBlocks.str1.4
                0x000000000000b7d0       0xc0 ./sdmmc/src/fsl_sd.o
 .rodata.SDMMC_GoIdle.str1.4
                0x000000000000b890       0x23 ./sdmmc/src/fsl_sdmmc_common.o
 *fill*         0x000000000000b8b3        0x1 ff
 .rodata.SDMMC_SelectCard.str1.4
                0x000000000000b8b4       0x22 ./sdmmc/src/fsl_sdmmc_common.o
 *fill*         0x000000000000b8d6        0x2 ff
 .rodata.SDMMC_SendApplicationCommand.str1.4
                0x000000000000b8d8       0x22 ./sdmmc/src/fsl_sdmmc_common.o
 *fill*         0x000000000000b8fa        0x2 ff
 .rodata.SDMMC_SetBlockSize.str1.4
                0x000000000000b8fc       0x23 ./sdmmc/src/fsl_sdmmc_common.o
 *fill*         0x000000000000b91f        0x1 ff
 .rodata.SDMMC_SwitchToVoltage.str1.4
                0x000000000000b920       0x23 ./sdmmc/src/fsl_sdmmc_common.o
 *fill*         0x000000000000b943        0x1 ff
 .rodata.check_fs.str1.4
                0x000000000000b944        0xa ./fatfs/source/ff.o
 *fill*         0x000000000000b94e        0x2 ff
 .rodata.cst.5864
                0x000000000000b950        0xe ./fatfs/source/ff.o
 *fill*         0x000000000000b95e        0x2 ff
 .rodata.cst32.5865
                0x000000000000b960        0xe ./fatfs/source/ff.o
 *fill*         0x000000000000b96e        0x2 ff
 .rodata.f_mkfs.str1.4
                0x000000000000b970       0x34 ./fatfs/source/ff.o
 .rodata.follow_path.str1.4
                0x000000000000b9a4        0xf ./fatfs/source/ff.o
 *fill*         0x000000000000b9b3        0x1 ff
 .rodata.CLOCK_BootToPeeMode.str1.4
                0x000000000000b9b4       0x1b ./drivers/fsl_clock.o
 *fill*         0x000000000000b9cf        0x1 ff
 .rodata.CLOCK_EnablePll0.str1.4
                0x000000000000b9d0       0x1b ./drivers/fsl_clock.o
 *fill*         0x000000000000b9eb        0x1 ff
 .rodata.CLOCK_GetEr32kClkFreq.str1.4
                0x000000000000b9ec       0x20 ./drivers/fsl_clock.o
 .rodata.CLOCK_GetMcgExtClkFreq.str1.4
                0x000000000000ba0c       0x4e ./drivers/fsl_clock.o
 *fill*         0x000000000000ba5a        0x2 ff
 .rodata.CLOCK_GetOsc0ErClkDivFreq.str1.4
                0x000000000000ba5c       0x1f ./drivers/fsl_clock.o
 *fill*         0x000000000000ba7b        0x1 ff
 .rodata.CLOCK_GetOsc0ErClkUndivFreq.str1.4
                0x000000000000ba7c       0x1f ./drivers/fsl_clock.o
 *fill*         0x000000000000ba9b        0x1 ff
 .rodata.CLOCK_GetPll0Freq.str1.4
                0x000000000000ba9c       0x1e ./drivers/fsl_clock.o
 *fill*         0x000000000000baba        0x2 ff
 .rodata.CLOCK_SetPbeMode.str1.4
                0x000000000000babc       0x1b ./drivers/fsl_clock.o
 *fill*         0x000000000000bad7        0x1 ff
 .rodata.fllFactorTable.8272
                0x000000000000bad8       0x10 ./drivers/fsl_clock.o
 .rodata.DMAMUX_GetInstance.str1.4