Archive member included to satisfy reference by file (symbol)

/usr/local/mcuxpressoide-11.1.1_3241/SDK_2.7.0_FRDM-K66F/CMSIS/DSP/Lib/GCC/libarm_cortexM4lf_math.a(arm_q15_to_float.o)
                              ./source_transfer/sai_interrupt_record_playback.o (arm_q15_to_float)
/usr/local/mcuxpressoide-11.1.1_3241/SDK_2.7.0_FRDM-K66F/CMSIS/DSP/Lib/GCC/libarm_cortexM4lf_math.a(arm_copy_f32.o)
                              ./source_transfer/features.o (arm_copy_f32)
/usr/local/mcuxpressoide-11.1.1_3241/SDK_2.7.0_FRDM-K66F/CMSIS/DSP/Lib/GCC/libarm_cortexM4lf_math.a(arm_var_f32.o)
                              ./source_transfer/features.o (arm_var_f32)
/usr/local/mcuxpressoide-11.1.1_3241/SDK_2.7.0_FRDM-K66F/CMSIS/DSP/Lib/GCC/libarm_cortexM4lf_math.a(arm_mean_f32.o)
                              ./source_transfer/features.o (arm_mean_f32)
/usr/local/mcuxpressoide-11.1.1_3241/SDK_2.7.0_FRDM-K66F/CMSIS/DSP/Lib/GCC/libarm_cortexM4lf_math.a(arm_max_f32.o)
                              ./source_transfer/features.o (arm_max_f32)
/usr/local/mcuxpressoide-11.1.1_3241/SDK_2.7.0_FRDM-K66F/CMSIS/DSP/Lib/GCC/libarm_cortexM4lf_math.a(arm_rfft_init_f32.o)
                              ./source_transfer/sai_interrupt_record_playback.o (arm_rfft_init_f32)
/usr/local/mcuxpressoide-11.1.1_3241/SDK_2.7.0_FRDM-K66F/CMSIS/DSP/Lib/GCC/libarm_cortexM4lf_math.a(arm_rfft_f32.o)
                              ./source_transfer/features.o (arm_rfft_f32)
/usr/local/mcuxpressoide-11.1.1_3241/SDK_2.7.0_FRDM-K66F/CMSIS/DSP/Lib/GCC/libarm_cortexM4lf_math.a(arm_cfft_radix4_init_f32.o)
                              /usr/local/mcuxpressoide-11.1.1_3241/SDK_2.7.0_FRDM-K66F/CMSIS/DSP/Lib/GCC/libarm_cortexM4lf_math.a(arm_rfft_init_f32.o) (arm_cfft_radix4_init_f32)
/usr/local/mcuxpressoide-11.1.1_3241/SDK_2.7.0_FRDM-K66F/CMSIS/DSP/Lib/GCC/libarm_cortexM4lf_math.a(arm_cfft_radix4_f32.o)
                              /usr/local/mcuxpressoide-11.1.1_3241/SDK_2.7.0_FRDM-K66F/CMSIS/DSP/Lib/GCC/libarm_cortexM4lf_math.a(arm_rfft_f32.o) (arm_radix4_butterfly_f32)
/usr/local/mcuxpressoide-11.1.1_3241/SDK_2.7.0_FRDM-K66F/CMSIS/DSP/Lib/GCC/libarm_cortexM4lf_math.a(arm_bitreversal.o)
                              /usr/local/mcuxpressoide-11.1.1_3241/SDK_2.7.0_FRDM-K66F/CMSIS/DSP/Lib/GCC/libarm_cortexM4lf_math.a(arm_rfft_f32.o) (arm_bitreversal_f32)
/usr/local/mcuxpressoide-11.1.1_3241/SDK_2.7.0_FRDM-K66F/CMSIS/DSP/Lib/GCC/libarm_cortexM4lf_math.a(arm_correlate_f32.o)
                              ./source_transfer/features.o (arm_correlate_f32)
/usr/local/mcuxpressoide-11.1.1_3241/SDK_2.7.0_FRDM-K66F/CMSIS/DSP/Lib/GCC/libarm_cortexM4lf_math.a(arm_cmplx_mag_squared_f32.o)
                              ./source_transfer/features.o (arm_cmplx_mag_squared_f32)
/usr/local/mcuxpressoide-11.1.1_3241/SDK_2.7.0_FRDM-K66F/CMSIS/DSP/Lib/GCC/libarm_cortexM4lf_math.a(arm_cmplx_mag_f32.o)
                              ./source_transfer/features.o (arm_cmplx_mag_f32)
/usr/local/mcuxpressoide-11.1.1_3241/SDK_2.7.0_FRDM-K66F/CMSIS/DSP/Lib/GCC/libarm_cortexM4lf_math.a(arm_cos_f32.o)
                              ./source_transfer/features.o (arm_cos_f32)
/usr/local/mcuxpressoide-11.1.1_3241/SDK_2.7.0_FRDM-K66F/CMSIS/DSP/Lib/GCC/libarm_cortexM4lf_math.a(arm_sub_f32.o)
                              ./source_transfer/features.o (arm_sub_f32)
/usr/local/mcuxpressoide-11.1.1_3241/SDK_2.7.0_FRDM-K66F/CMSIS/DSP/Lib/GCC/libarm_cortexM4lf_math.a(arm_mult_f32.o)
                              ./source_transfer/features.o (arm_mult_f32)
/usr/local/mcuxpressoide-11.1.1_3241/SDK_2.7.0_FRDM-K66F/CMSIS/DSP/Lib/GCC/libarm_cortexM4lf_math.a(arm_dot_prod_f32.o)
                              ./source_transfer/features.o (arm_dot_prod_f32)
/usr/local/mcuxpressoide-11.1.1_3241/SDK_2.7.0_FRDM-K66F/CMSIS/DSP/Lib/GCC/libarm_cortexM4lf_math.a(arm_common_tables.o)
                              /usr/local/mcuxpressoide-11.1.1_3241/SDK_2.7.0_FRDM-K66F/CMSIS/DSP/Lib/GCC/libarm_cortexM4lf_math.a(arm_cos_f32.o) (sinTable_f32)
/usr/local/mcuxpressoide-11.1.1_3241/ide/plugins/com.nxp.mcuxpresso.tools.linux_11.1.0.202001081728/tools/bin/../lib/gcc/arm-none-eabi/8.3.1/../../../../arm-none-eabi/lib/thumb/v7e-m+fp/hard/libcr_semihost.a(_cr__main.o)
                              ./startup/startup_mk66f18.o (__main)
/usr/local/mcuxpressoide-11.1.1_3241/ide/plugins/com.nxp.mcuxpresso.tools.linux_11.1.0.202001081728/tools/bin/../lib/gcc/arm-none-eabi/8.3.1/../../../../arm-none-eabi/lib/thumb/v7e-m+fp/hard/libcr_c.a(log10f.o)
                              ./source_transfer/features.o (log10f)
/usr/local/mcuxpressoide-11.1.1_3241/ide/plugins/com.nxp.mcuxpresso.tools.linux_11.1.0.202001081728/tools/bin/../lib/gcc/arm-none-eabi/8.3.1/../../../../arm-none-eabi/lib/thumb/v7e-m+fp/hard/libcr_c.a(logf.o)
[...]
Memory Configuration

Name             Origin             Length             Attributes
PROGRAM_FLASH    0x0000000000000000 0x0000000000200000 xr
SRAM_UPPER       0x0000000020000000 0x0000000000030000 xrw
SRAM_LOWER       0x000000001fff0000 0x0000000000010000 xrw
FLEX_RAM         0x0000000014000000 0x0000000000001000 xrw
*default*        0x0000000000000000 0xffffffffffffffff

Linker script and memory map

LOAD ./utilities/fsl_assert.o
LOAD ./utilities/fsl_debug_console.o
LOAD ./utilities/fsl_str.o
LOAD ./startup/startup_mk66f18.o
LOAD ./source_transfer/features.o
LOAD ./source_transfer/sai_interrupt_record_playback.o
LOAD ./source/semihost_hardfault.o
LOAD ./drivers/fsl_clock.o
LOAD ./drivers/fsl_common.o
LOAD ./drivers/fsl_ftfx_cache.o
LOAD ./drivers/fsl_ftfx_controller.o
LOAD ./drivers/fsl_ftfx_flash.o
LOAD ./drivers/fsl_ftfx_flexnvm.o
LOAD ./drivers/fsl_gpio.o
LOAD ./drivers/fsl_i2c.o
LOAD ./drivers/fsl_lpuart.o
LOAD ./drivers/fsl_sai.o
LOAD ./drivers/fsl_smc.o
LOAD ./drivers/fsl_uart.o
LOAD ./device/system_MK66F18.o
LOAD ./component/uart/uart_adapter.o
LOAD ./component/serial_manager/serial_manager.o
LOAD ./component/serial_manager/serial_port_uart.o
LOAD ./component/lists/generic_list.o
LOAD ./component/i2c/i2c_adapter.o
LOAD ./codec/fsl_codec_adapter.o
LOAD ./codec/fsl_codec_common.o
LOAD ./codec/fsl_codec_i2c.o
LOAD ./codec/fsl_dialog7212.o
LOAD ./board/board.o
LOAD ./board/clock_config.o
LOAD ./board/pin_mux.o
LOAD /usr/local/mcuxpressoide-11.1.1_3241/SDK_2.7.0_FRDM-K66F/CMSIS/DSP/Lib/GCC/libarm_cortexM4lf_math.a
START GROUP
LOAD /usr/local/mcuxpressoide-11.1.1_3241/ide/plugins/com.nxp.mcuxpresso.tools.linux_11.1.0.202001081728/tools/bin/../lib/gcc/arm-none-eabi/8.3.1/../../../../arm-none-eabi/lib/thumb/v7e-m+fp/hard/libcr_semihost.a
LOAD /usr/local/mcuxpressoide-11.1.1_3241/ide/plugins/com.nxp.mcuxpresso.tools.linux_11.1.0.202001081728/tools/bin/../lib/gcc/arm-none-eabi/8.3.1/../../../../arm-none-eabi/lib/thumb/v7e-m+fp/hard/libcr_c.a
LOAD /usr/local/mcuxpressoide-11.1.1_3241/ide/plugins/com.nxp.mcuxpresso.tools.linux_11.1.0.202001081728/tools/bin/../lib/gcc/arm-none-eabi/8.3.1/thumb/v7e-m+fp/hard/libcr_eabihelpers.a
LOAD /usr/local/mcuxpressoide-11.1.1_3241/ide/plugins/com.nxp.mcuxpresso.tools.linux_11.1.0.202001081728/tools/bin/../lib/gcc/arm-none-eabi/8.3.1/thumb/v7e-m+fp/hard/libgcc.a
END GROUP
                0x0000000000000000                __base_PROGRAM_FLASH = 0x0
                0x0000000000000000                __base_Flash = 0x0
                0x0000000000200000                __top_PROGRAM_FLASH = 0x200000
                0x0000000000200000                __top_Flash = 0x200000
                0x0000000020000000                __base_SRAM_UPPER = 0x20000000
                0x0000000020000000                __base_RAM = 0x20000000
                0x0000000020030000                __top_SRAM_UPPER = 0x20030000
                0x0000000020030000                __top_RAM = 0x20030000
                0x000000001fff0000                __base_SRAM_LOWER = 0x1fff0000
                0x000000001fff0000                __base_RAM2 = 0x1fff0000
                0x0000000020000000                __top_SRAM_LOWER = 0x20000000
                0x0000000020000000                __top_RAM2 = 0x20000000
                0x0000000014000000                __base_FLEX_RAM = 0x14000000
                0x0000000014000000                __base_RAM3 = 0x14000000
                0x0000000014001000                __top_FLEX_RAM = 0x14001000
                0x0000000014001000                __top_RAM3 = 0x14001000

.text           0x0000000000000000    0x257d8
 FILL mask 0xff
                0x0000000000000000                __vectors_start__ = ABSOLUTE (.)
 *(SORT_BY_ALIGNMENT(.isr_vector))
 .isr_vector    0x0000000000000000      0x1d0 ./startup/startup_mk66f18.o
                0x0000000000000000                __Vectors
                0x0000000000000000                g_pfnVectors
                0x00000000000001d0                . = ALIGN (0x4)
                0x00000000000001d0                __section_table_start = .
                0x00000000000001d0                __data_section_table = .
                0x00000000000001d0        0x4 LONG 0x257d8 LOADADDR (.data)
                0x00000000000001d4        0x4 LONG 0x20000000 ADDR (.data)
                0x00000000000001d8        0x4 LONG 0x40 SIZEOF (.data)
                0x00000000000001dc        0x4 LONG 0x257d8 LOADADDR (.data_RAM2)
                0x00000000000001e0        0x4 LONG 0x1fff0000 ADDR (.data_RAM2)
                0x00000000000001e4        0x4 LONG 0x0 SIZEOF (.data_RAM2)
                0x00000000000001e8        0x4 LONG 0x257d8 LOADADDR (.data_RAM3)
                0x00000000000001ec        0x4 LONG 0x14000000 ADDR (.data_RAM3)
                0x00000000000001f0        0x4 LONG 0x0 SIZEOF (.data_RAM3)
                0x00000000000001f4                __data_section_table_end = .
                0x00000000000001f4                __bss_section_table = .
                0x00000000000001f4        0x4 LONG 0x20000040 ADDR (.bss)
                0x00000000000001f8        0x4 LONG 0x378 SIZEOF (.bss)
                0x00000000000001fc        0x4 LONG 0x1fff0000 ADDR (.bss_RAM2)
                0x0000000000000200        0x4 LONG 0x1e00 SIZEOF (.bss_RAM2)
                0x0000000000000204        0x4 LONG 0x14000000 ADDR (.bss_RAM3)
                0x0000000000000208        0x4 LONG 0x0 SIZEOF (.bss_RAM3)
                0x000000000000020c                __bss_section_table_end = .
                0x000000000000020c                __section_table_end = .
 *(SORT_BY_ALIGNMENT(.after_vectors*))
 .after_vectors.reset
                0x000000000000020c       0x4c ./startup/startup_mk66f18.o
                0x000000000000020c                ResetISR
 .after_vectors.init_data
                0x0000000000000258       0x1e ./startup/startup_mk66f18.o
                0x0000000000000258                data_init
 .after_vectors.init_bss
                0x0000000000000276       0x12 ./startup/startup_mk66f18.o
                0x0000000000000276                bss_init
 .after_vectors
                0x0000000000000288       0x14 ./startup/startup_mk66f18.o
                0x0000000000000288                NMI_Handler
                0x000000000000028c                MemManage_Handler
                0x000000000000028e                BusFault_Handler
                0x0000000000000290                UsageFault_Handler
                0x0000000000000292                SVC_Handler
                0x0000000000000294                DebugMon_Handler
                0x0000000000000296                PendSV_Handler
                0x0000000000000298                SysTick_Handler
                0x000000000000029a                DMA13_DMA29_DriverIRQHandler
                0x000000000000029a                PORTB_DriverIRQHandler
                0x000000000000029a                SPI1_DriverIRQHandler
                0x000000000000029a                LPTMR0_DriverIRQHandler
                0x000000000000029a                DMA_Error_DriverIRQHandler
                0x000000000000029a                FTM1_DriverIRQHandler
                0x000000000000029a                FTM2_DriverIRQHandler
                0x000000000000029a                PIT2_DriverIRQHandler
                0x000000000000029a                TPM2_DriverIRQHandler
                0x000000000000029a                SDHC_DriverIRQHandler
                0x000000000000029a                DMA7_DMA23_DriverIRQHandler
                0x000000000000029a                TSI0_DriverIRQHandler
                0x000000000000029a                RTC_Seconds_DriverIRQHandler
                0x000000000000029a                CMP3_DriverIRQHandler
                0x000000000000029a                LLWU_DriverIRQHandler
                0x000000000000029a                MCM_DriverIRQHandler
                0x000000000000029a                DMA14_DMA30_DriverIRQHandler
                0x000000000000029a                MCG_DriverIRQHandler
                0x000000000000029a                ENET_1588_Timer_DriverIRQHandler
                0x000000000000029a                DAC1_DriverIRQHandler
                0x000000000000029a                CMP1_DriverIRQHandler
                0x000000000000029a                USBHSDCD_DriverIRQHandler
                0x000000000000029a                DMA0_DMA16_DriverIRQHandler
                0x000000000000029a                FTM0_DriverIRQHandler
                0x000000000000029a                IntDefaultHandler
                0x000000000000029a                USB0_DriverIRQHandler
                0x000000000000029a                PORTC_DriverIRQHandler
                0x000000000000029a                DMA2_DMA18_DriverIRQHandler
                0x000000000000029a                DAC0_DriverIRQHandler
                0x000000000000029a                CMP2_DriverIRQHandler
                0x000000000000029a                UART2_ERR_DriverIRQHandler
                0x000000000000029a                SPI2_DriverIRQHandler
                0x000000000000029a                LVD_LVW_DriverIRQHandler
                0x000000000000029a                Reserved84_DriverIRQHandler
                0x000000000000029a                PIT0_DriverIRQHandler
                0x000000000000029a                RNG_DriverIRQHandler
                0x000000000000029a                USBDCD_DriverIRQHandler
                0x000000000000029a                UART3_ERR_DriverIRQHandler
                0x000000000000029a                DMA12_DMA28_DriverIRQHandler
                0x000000000000029a                DMA10_DMA26_DriverIRQHandler
                0x000000000000029a                UART0_ERR_DriverIRQHandler
                0x000000000000029a                CMT_DriverIRQHandler
                0x000000000000029a                Reserved71_DriverIRQHandler
                0x000000000000029a                ADC1_DriverIRQHandler
                0x000000000000029a                PORTA_DriverIRQHandler
                0x000000000000029a                DMA1_DMA17_DriverIRQHandler
                0x000000000000029a                PIT3_DriverIRQHandler
                0x000000000000029a                PIT1_DriverIRQHandler
                0x000000000000029a                TPM1_DriverIRQHandler
                0x000000000000029a                WDOG_EWM_DriverIRQHandler
                0x000000000000029a                PDB0_DriverIRQHandler
                0x000000000000029a                DMA8_DMA24_DriverIRQHandler
                0x000000000000029a                DMA6_DMA22_DriverIRQHandler
                0x000000000000029a                RTC_DriverIRQHandler
                0x000000000000029a                Read_Collision_DriverIRQHandler
                0x000000000000029a                SWI_DriverIRQHandler
                0x000000000000029a                UART4_ERR_DriverIRQHandler
                0x000000000000029a                DMA11_DMA27_DriverIRQHandler
                0x000000000000029a                DMA4_DMA20_DriverIRQHandler
                0x000000000000029a                DMA9_DMA25_DriverIRQHandler
                0x000000000000029a                ENET_Receive_DriverIRQHandler
                0x000000000000029a                DMA3_DMA19_DriverIRQHandler
                0x000000000000029a                ENET_Error_DriverIRQHandler
                0x000000000000029a                Reserved85_DriverIRQHandler
                0x000000000000029a                SPI0_DriverIRQHandler
                0x000000000000029a                ADC0_DriverIRQHandler
                0x000000000000029a                USBHS_DriverIRQHandler
                0x000000000000029a                CMP0_DriverIRQHandler
                0x000000000000029a                CAN0_DriverIRQHandler
                0x000000000000029a                FTM3_DriverIRQHandler
                0x000000000000029a                DMA5_DMA21_DriverIRQHandler
                0x000000000000029a                DMA15_DMA31_DriverIRQHandler
                0x000000000000029a                UART1_ERR_DriverIRQHandler
                0x000000000000029a                ENET_Transmit_DriverIRQHandler
                0x000000000000029a                PORTD_DriverIRQHandler
                0x000000000000029a                Reserved46_DriverIRQHandler
                0x000000000000029a                PORTE_DriverIRQHandler
                0x000000000000029a                FTFE_DriverIRQHandler
                0x000000000000029a                CAN1_DriverIRQHandler
                0x0000000000000400                . = 0x400
 *fill*         0x000000000000029c      0x164 ff
                0x0000000000000400                PROVIDE (__FLASH_CONFIG_START__ = .)
 *(SORT_BY_ALIGNMENT(.FlashConfig))
 .FlashConfig   0x0000000000000400       0x10 ./startup/startup_mk66f18.o
                0x0000000000000400                Flash_Config
                0x0000000000000410                PROVIDE (__FLASH_CONFIG_END__ = .)
                0x0000000000000001                ASSERT (! ((__FLASH_CONFIG_START__ == __FLASH_CONFIG_END__)), Linker Flash Config Support Enabled, but no .FlashConfig section provided within application)
 *(SORT_BY_ALIGNMENT(.text*))
 .text.compute_SpectralCentroidSpread_f32
                0x0000000000000410      0x178 ./source_transfer/features.o
                0x0000000000000410                compute_SpectralCentroidSpread_f32
 .text.compute_EnergyEntropy_f32
                0x0000000000000588      0x300 ./source_transfer/features.o
                0x0000000000000588                compute_EnergyEntropy_f32
 .text.NormalizeSignal_f32
                0x0000000000000888      0x148 ./source_transfer/features.o
                0x0000000000000888                NormalizeSignal_f32
 .text.compute_MFCC_f32
                0x00000000000009d0      0x1f0 ./source_transfer/features.o
                0x00000000000009d0                compute_MFCC_f32
 .text.compute_PitchHarmonicRatio_f32
                0x0000000000000bc0      0x4b8 ./source_transfer/features.o
                0x0000000000000bc0                compute_PitchHarmonicRatio_f32
 .text.compute_LowLevelDescriptors_f32
                0x0000000000001078      0x570 ./source_transfer/features.o
                0x0000000000001078                compute_LowLevelDescriptors_f32
 .text.powf     0x00000000000015e8      0x2d4 /usr/local/mcuxpressoide-11.1.1_3241/ide/plugins/com.nxp.mcuxpresso.tools.linux_11.1.0.202001081728/tools/bin/../lib/gcc/arm-none-eabi/8.3.1/../../../../arm-none-eabi/lib/thumb/v7e-m+fp/hard/libcr_c.a(powf.o)
                0x00000000000015e8                powf
 *fill*         0x00000000000018bc        0x4 ff
 .text.fp_display
                0x00000000000018c0      0x964 /usr/local/mcuxpressoide-11.1.1_3241/ide/plugins/com.nxp.mcuxpresso.tools.linux_11.1.0.202001081728/tools/bin/../lib/gcc/arm-none-eabi/8.3.1/../../../../arm-none-eabi/lib/thumb/v7e-m+fp/hard/libcr_c.a(fpprintf.o)
 *fill*         0x0000000000002224        0x4 ff
 .text._frexpl  0x0000000000002228       0x68 /usr/local/mcuxpressoide-11.1.1_3241/ide/plugins/com.nxp.mcuxpresso.tools.linux_11.1.0.202001081728/tools/bin/../lib/gcc/arm-none-eabi/8.3.1/../../../../arm-none-eabi/lib/thumb/v7e-m+fp/hard/libcr_c.a(_frexpl.o)
                0x0000000000002228                _frexpl
 .text._ldexpl  0x0000000000002290       0x5c /usr/local/mcuxpressoide-11.1.1_3241/ide/plugins/com.nxp.mcuxpresso.tools.linux_11.1.0.202001081728/tools/bin/../lib/gcc/arm-none-eabi/8.3.1/../../../../arm-none-eabi/lib/thumb/v7e-m+fp/hard/libcr_c.a(_ldexpl.o)
                0x0000000000002290                _ldexpl
 .text.__assertion_failed
                0x00000000000022ec       0x18 ./utilities/fsl_assert.o
                0x00000000000022ec                __assertion_failed
 .text.compute_FilterBank_f32
                0x0000000000002304      0x39c ./source_transfer/features.o
                0x0000000000002304                compute_FilterBank_f32
 .text.init_LLD
                0x00000000000026a0      0x134 ./source_transfer/features.o
                0x00000000000026a0                init_LLD
 .text.rx_callback
                0x00000000000027d4       0x34 ./source_transfer/sai_interrupt_record_playback.o
 .text.tx_callback
                0x0000000000002808       0x34 ./source_transfer/sai_interrupt_record_playback.o
 .text.UART_InitConfig
                0x000000000000283c       0x40 ./source_transfer/sai_interrupt_record_playback.o
                0x000000000000283c                UART_InitConfig
 .text.SAI_InitConfig
                0x000000000000287c       0xc4 ./source_transfer/sai_interrupt_record_playback.o
                0x000000000000287c                SAI_InitConfig
 .text.sendFeaturesToSerial
                0x0000000000002940      0x290 ./source_transfer/sai_interrupt_record_playback.o
                0x0000000000002940                sendFeaturesToSerial
 .text.main     0x0000000000002bd0      0x290 ./source_transfer/sai_interrupt_record_playback.o
                0x0000000000002bd0                main
 .text.CLOCK_SetEr32kClock
                0x0000000000002e60       0x30 ./drivers/fsl_clock.o
 .text.CLOCK_SetPllFllSelClock
                0x0000000000002e90       0x58 ./drivers/fsl_clock.o
 .text.CLOCK_GetMcgExtClkFreq
                0x0000000000002ee8       0x78 ./drivers/fsl_clock.o
 .text.CLOCK_GetFllExtRefClkFreq
                0x0000000000002f60       0xc4 ./drivers/fsl_clock.o
 .text.CLOCK_GetInternalRefClkSelectFreq
                0x0000000000003024       0x4c ./drivers/fsl_clock.o
 .text.CLOCK_GetFllRefClkFreq
                0x0000000000003070       0x34 ./drivers/fsl_clock.o
 .text.CLOCK_GetOscRangeFromFreq
                0x00000000000030a4       0x3c ./drivers/fsl_clock.o
 .text.CLOCK_GetOsc0ErClkUndivFreq
                0x00000000000030e0       0x44 ./drivers/fsl_clock.o
                0x00000000000030e0                CLOCK_GetOsc0ErClkUndivFreq
 .text.CLOCK_GetOsc0ErClkDivFreq
                0x0000000000003124       0x58 ./drivers/fsl_clock.o
                0x0000000000003124                CLOCK_GetOsc0ErClkDivFreq
 .text.CLOCK_GetEr32kClkFreq
                0x000000000000317c       0x70 ./drivers/fsl_clock.o
                0x000000000000317c                CLOCK_GetEr32kClkFreq
 .text.CLOCK_GetPllFllSelClkFreq
                0x00000000000031ec       0x94 ./drivers/fsl_clock.o
                0x00000000000031ec                CLOCK_GetPllFllSelClkFreq
 .text.CLOCK_GetCoreSysClkFreq
                0x0000000000003280       0x28 ./drivers/fsl_clock.o
                0x0000000000003280                CLOCK_GetCoreSysClkFreq
 .text.CLOCK_GetFreq
                0x00000000000032a8      0x150 ./drivers/fsl_clock.o
                0x00000000000032a8                CLOCK_GetFreq
 .text.CLOCK_SetSimConfig
                0x00000000000033f8       0x44 ./drivers/fsl_clock.o
                0x00000000000033f8                CLOCK_SetSimConfig
 .text.CLOCK_GetOutClkFreq
                0x000000000000343c       0x90 ./drivers/fsl_clock.o
                0x000000000000343c                CLOCK_GetOutClkFreq
 .text.CLOCK_GetFllFreq
                0x00000000000034cc       0x84 ./drivers/fsl_clock.o
                0x00000000000034cc                CLOCK_GetFllFreq
 .text.CLOCK_GetInternalRefClkFreq
                0x0000000000003550       0x30 ./drivers/fsl_clock.o
                0x0000000000003550                CLOCK_GetInternalRefClkFreq
 .text.CLOCK_GetPll0Freq
                0x0000000000003580       0x7c ./drivers/fsl_clock.o
                0x0000000000003580                CLOCK_GetPll0Freq
 .text.CLOCK_GetExtPllFreq
                0x00000000000035fc       0x18 ./drivers/fsl_clock.o
                0x00000000000035fc                CLOCK_GetExtPllFreq
 .text.CLOCK_SetExternalRefClkConfig
                0x0000000000003614       0x6c ./drivers/fsl_clock.o
                0x0000000000003614                CLOCK_SetExternalRefClkConfig
 .text.CLOCK_SetInternalRefClkConfig
                0x0000000000003680      0x104 ./drivers/fsl_clock.o
                0x0000000000003680                CLOCK_SetInternalRefClkConfig
 .text.CLOCK_EnablePll0
                0x0000000000003784       0x84 ./drivers/fsl_clock.o
                0x0000000000003784                CLOCK_EnablePll0
 .text.CLOCK_InitOsc0
                0x0000000000003808       0x8c ./drivers/fsl_clock.o
                0x0000000000003808                CLOCK_InitOsc0
 .text.CLOCK_SetPbeMode
                0x0000000000003894       0xe8 ./drivers/fsl_clock.o
                0x0000000000003894                CLOCK_SetPbeMode
 .text.CLOCK_BootToPeeMode
                0x000000000000397c       0x68 ./drivers/fsl_clock.o
                0x000000000000397c                CLOCK_BootToPeeMode
 .text.I2C_GetInstance
                0x00000000000039e4       0x4c ./drivers/fsl_i2c.o
                0x00000000000039e4                I2C_GetInstance
 .text.I2C_TransferCommonIRQHandler
                0x0000000000003a30       0x54 ./drivers/fsl_i2c.o
 .text.I2C_MasterInit
                0x0000000000003a84       0xe4 ./drivers/fsl_i2c.o
                0x0000000000003a84                I2C_MasterInit
 .text.I2C_MasterGetDefaultConfig
                0x0000000000003b68       0x48 ./drivers/fsl_i2c.o
                0x0000000000003b68                I2C_MasterGetDefaultConfig
 .text.I2C_MasterSetBaudRate
                0x0000000000003bb0       0xe8 ./drivers/fsl_i2c.o
                0x0000000000003bb0                I2C_MasterSetBaudRate
 .text.I2C_MasterTransferBlocking
                0x0000000000003c98      0x24c ./drivers/fsl_i2c.o
                0x0000000000003c98                I2C_MasterTransferBlocking
 .text.I2C0_DriverIRQHandler
                0x0000000000003ee4       0x1c ./drivers/fsl_i2c.o
                0x0000000000003ee4                I2C0_DriverIRQHandler
 .text.I2C1_DriverIRQHandler
                0x0000000000003f00       0x1c ./drivers/fsl_i2c.o
                0x0000000000003f00                I2C1_DriverIRQHandler
 .text.I2C2_DriverIRQHandler
                0x0000000000003f1c       0x1c ./drivers/fsl_i2c.o
                0x0000000000003f1c                I2C2_DriverIRQHandler
 .text.I2C3_DriverIRQHandler
                0x0000000000003f38       0x1c ./drivers/fsl_i2c.o
                0x0000000000003f38                I2C3_DriverIRQHandler
 .text.LPUART0_DriverIRQHandler
                0x0000000000003f54       0x28 ./drivers/fsl_lpuart.o
                0x0000000000003f54                LPUART0_DriverIRQHandler
 .text.__NVIC_EnableIRQ
                0x0000000000003f7c       0x3c ./drivers/fsl_sai.o
 .text.SAI_SetMasterClockDivider
                0x0000000000003fb8      0x11c ./drivers/fsl_sai.o
 .text.SAI_GetInstance
                0x00000000000040d4       0x44 ./drivers/fsl_sai.o
 .text.SAI_GetCommonConfig
                0x0000000000004118       0xb8 ./drivers/fsl_sai.o
 .text.SAI_Init
                0x00000000000041d0       0x48 ./drivers/fsl_sai.o
                0x00000000000041d0                SAI_Init
 .text.SAI_TxSetBitClockRate
                0x0000000000004218       0x88 ./drivers/fsl_sai.o
                0x0000000000004218                SAI_TxSetBitClockRate
 .text.SAI_RxSetBitClockRate
                0x00000000000042a0       0x8c ./drivers/fsl_sai.o
                0x00000000000042a0                SAI_RxSetBitClockRate
 .text.SAI_TxSetBitclockConfig
                0x000000000000432c       0x88 ./drivers/fsl_sai.o
                0x000000000000432c                SAI_TxSetBitclockConfig
 .text.SAI_RxSetBitclockConfig
                0x00000000000043b4       0x8c ./drivers/fsl_sai.o
                0x00000000000043b4                SAI_RxSetBitclockConfig
 .text.SAI_SetMasterClockConfig
                0x0000000000004440       0x80 ./drivers/fsl_sai.o
                0x0000000000004440                SAI_SetMasterClockConfig
 .text.SAI_TxSetFifoConfig
                0x00000000000044c0       0x90 ./drivers/fsl_sai.o
                0x00000000000044c0                SAI_TxSetFifoConfig
 .text.SAI_RxSetFifoConfig
                0x0000000000004550       0x90 ./drivers/fsl_sai.o
                0x0000000000004550                SAI_RxSetFifoConfig
 .text.SAI_TxSetFrameSyncConfig
                0x00000000000045e0       0x98 ./drivers/fsl_sai.o
                0x00000000000045e0                SAI_TxSetFrameSyncConfig
 .text.SAI_RxSetFrameSyncConfig
                0x0000000000004678       0x9c ./drivers/fsl_sai.o
                0x0000000000004678                SAI_RxSetFrameSyncConfig
 .text.SAI_TxSetSerialDataConfig
                0x0000000000004714       0x9c ./drivers/fsl_sai.o
                0x0000000000004714                SAI_TxSetSerialDataConfig
 .text.SAI_RxSetSerialDataConfig
                0x00000000000047b0       0x94 ./drivers/fsl_sai.o
                0x00000000000047b0                SAI_RxSetSerialDataConfig
 .text.SAI_TxSetConfig
                0x0000000000004844      0x170 ./drivers/fsl_sai.o
                0x0000000000004844                SAI_TxSetConfig
 .text.SAI_TransferTxSetConfig
                0x00000000000049b4       0x80 ./drivers/fsl_sai.o
                0x00000000000049b4                SAI_TransferTxSetConfig
 .text.SAI_RxSetConfig
                0x0000000000004a34      0x180 ./drivers/fsl_sai.o
                0x0000000000004a34                SAI_RxSetConfig
 .text.SAI_TransferRxSetConfig
                0x0000000000004bb4       0x70 ./drivers/fsl_sai.o
                0x0000000000004bb4                SAI_TransferRxSetConfig
 .text.SAI_TransferTxCreateHandle
                0x0000000000004c24       0x74 ./drivers/fsl_sai.o
                0x0000000000004c24                SAI_TransferTxCreateHandle
 .text.SAI_TransferRxCreateHandle
                0x0000000000004c98       0x74 ./drivers/fsl_sai.o
                0x0000000000004c98                SAI_TransferRxCreateHandle
 .text.SAI_TransferSendNonBlocking
                0x0000000000004d0c       0xc8 ./drivers/fsl_sai.o
                0x0000000000004d0c                SAI_TransferSendNonBlocking
 .text.SAI_TransferReceiveNonBlocking
                0x0000000000004dd4       0xc8 ./drivers/fsl_sai.o
                0x0000000000004dd4                SAI_TransferReceiveNonBlocking
 .text.SAI_TransferAbortSend
                0x0000000000004e9c       0x58 ./drivers/fsl_sai.o
                0x0000000000004e9c                SAI_TransferAbortSend
 .text.SAI_TransferAbortReceive
                0x0000000000004ef4       0x58 ./drivers/fsl_sai.o
                0x0000000000004ef4                SAI_TransferAbortReceive
 .text.SAI_TransferTxHandleIRQ
                0x0000000000004f4c      0x1c4 ./drivers/fsl_sai.o
                0x0000000000004f4c                SAI_TransferTxHandleIRQ
 .text.SAI_TransferRxHandleIRQ
                0x0000000000005110      0x1c4 ./drivers/fsl_sai.o
                0x0000000000005110                SAI_TransferRxHandleIRQ
 .text.I2S0_Tx_DriverIRQHandler
                0x00000000000052d4       0x38 ./drivers/fsl_sai.o
                0x00000000000052d4                I2S0_Tx_DriverIRQHandler
 .text.I2S0_Rx_DriverIRQHandler
                0x000000000000530c       0x38 ./drivers/fsl_sai.o
                0x000000000000530c                I2S0_Rx_DriverIRQHandler
 .text.UART_GetInstance
                0x0000000000005344       0x54 ./drivers/fsl_uart.o
                0x0000000000005344                UART_GetInstance
 .text.UART_Init
                0x0000000000005398      0x2f4 ./drivers/fsl_uart.o
                0x0000000000005398                UART_Init
 .text.UART_GetDefaultConfig
                0x000000000000568c       0x68 ./drivers/fsl_uart.o
                0x000000000000568c                UART_GetDefaultConfig
 .text.UART0_DriverIRQHandler
                0x00000000000056f4       0x28 ./drivers/fsl_uart.o
                0x00000000000056f4                UART0_DriverIRQHandler
 .text.UART1_DriverIRQHandler
                0x000000000000571c       0x28 ./drivers/fsl_uart.o
                0x000000000000571c                UART1_DriverIRQHandler
 .text.UART2_DriverIRQHandler
                0x0000000000005744       0x28 ./drivers/fsl_uart.o
                0x0000000000005744                UART2_DriverIRQHandler
 .text.UART3_DriverIRQHandler
                0x000000000000576c       0x28 ./drivers/fsl_uart.o
                0x000000000000576c                UART3_DriverIRQHandler
 .text.UART4_DriverIRQHandler
                0x0000000000005794       0x28 ./drivers/fsl_uart.o
                0x0000000000005794                UART4_DriverIRQHandler
 .text.SystemInit
                0x00000000000057bc       0x3c ./device/system_MK66F18.o
                0x00000000000057bc                SystemInit
 .text.HAL_I2cMasterInit
                0x00000000000057f8       0x78 ./component/i2c/i2c_adapter.o
                0x00000000000057f8                HAL_I2cMasterInit
 .text.HAL_I2cMasterTransferBlocking
                0x0000000000005870       0x94 ./component/i2c/i2c_adapter.o
                0x0000000000005870                HAL_I2cMasterTransferBlocking
 .text.HAL_CODEC_Init
                0x0000000000005904       0x4c ./codec/fsl_codec_adapter.o
                0x0000000000005904                HAL_CODEC_Init
 .text.CODEC_Init
                0x0000000000005950       0x38 ./codec/fsl_codec_common.o
                0x0000000000005950                CODEC_Init
 .text.DA7212_WriteRegister
                0x0000000000005988       0x60 ./codec/fsl_dialog7212.o
                0x0000000000005988                DA7212_WriteRegister
 .text.DA7212_ReadRegister
                0x00000000000059e8       0x58 ./codec/fsl_dialog7212.o
                0x00000000000059e8                DA7212_ReadRegister
 .text.DA7212_Init
                0x0000000000005a40      0x104 ./codec/fsl_dialog7212.o
                0x0000000000005a40                DA7212_Init
 .text.DA7212_ConfigAudioFormat
                0x0000000000005b44      0x36c ./codec/fsl_dialog7212.o
                0x0000000000005b44                DA7212_ConfigAudioFormat
 .text.DA7212_ChangeInput
                0x0000000000005eb0       0x64 ./codec/fsl_dialog7212.o
                0x0000000000005eb0                DA7212_ChangeInput
 .text.CLOCK_SetSimSafeDivs
                0x0000000000005f14       0x24 ./board/clock_config.o
 .text.CLOCK_SetXtal0Freq
                0x0000000000005f38       0x20 ./board/clock_config.o
 .text.CLOCK_CONFIG_SetFllExtRefDiv
                0x0000000000005f58       0x3c ./board/clock_config.o
 .text.BOARD_BootClockRUN
                0x0000000000005f94       0x60 ./board/clock_config.o
                0x0000000000005f94                BOARD_BootClockRUN
 .text.PORT_SetPinConfig
                0x0000000000005ff4       0x38 ./board/pin_mux.o
 .text.BOARD_InitPins
                0x000000000000602c      0x108 ./board/pin_mux.o
                0x000000000000602c                BOARD_InitPins
 .text.arm_q15_to_float
                0x0000000000006134       0xd0 /usr/local/mcuxpressoide-11.1.1_3241/SDK_2.7.0_FRDM-K66F/CMSIS/DSP/Lib/GCC/libarm_cortexM4lf_math.a(arm_q15_to_float.o)
                0x0000000000006134                arm_q15_to_float
 .text.arm_copy_f32
                0x0000000000006204       0x60 /usr/local/mcuxpressoide-11.1.1_3241/SDK_2.7.0_FRDM-K66F/CMSIS/DSP/Lib/GCC/libarm_cortexM4lf_math.a(arm_copy_f32.o)
                0x0000000000006204                arm_copy_f32
 .text.arm_var_f32
                0x0000000000006264      0x144 /usr/local/mcuxpressoide-11.1.1_3241/SDK_2.7.0_FRDM-K66F/CMSIS/DSP/Lib/GCC/libarm_cortexM4lf_math.a(arm_var_f32.o)
                0x0000000000006264                arm_var_f32
 .text.arm_mean_f32
                0x00000000000063a8       0x7c /usr/local/mcuxpressoide-11.1.1_3241/SDK_2.7.0_FRDM-K66F/CMSIS/DSP/Lib/GCC/libarm_cortexM4lf_math.a(arm_mean_f32.o)
                0x00000000000063a8                arm_mean_f32
 .text.arm_max_f32
                0x0000000000006424       0xd8 /usr/local/mcuxpressoide-11.1.1_3241/SDK_2.7.0_FRDM-K66F/CMSIS/DSP/Lib/GCC/libarm_cortexM4lf_math.a(arm_max_f32.o)
                0x0000000000006424                arm_max_f32
 .text.arm_rfft_init_f32
                0x00000000000064fc       0x94 /usr/local/mcuxpressoide-11.1.1_3241/SDK_2.7.0_FRDM-K66F/CMSIS/DSP/Lib/GCC/libarm_cortexM4lf_math.a(arm_rfft_init_f32.o)
                0x00000000000064fc                arm_rfft_init_f32
 .text.arm_split_rfft_f32
                0x0000000000006590       0xd8 /usr/local/mcuxpressoide-11.1.1_3241/SDK_2.7.0_FRDM-K66F/CMSIS/DSP/Lib/GCC/libarm_cortexM4lf_math.a(arm_rfft_f32.o)
                0x0000000000006590                arm_split_rfft_f32
 .text.arm_rfft_f32
                0x0000000000006668       0xf8 /usr/local/mcuxpressoide-11.1.1_3241/SDK_2.7.0_FRDM-K66F/CMSIS/DSP/Lib/GCC/libarm_cortexM4lf_math.a(arm_rfft_f32.o)
                0x0000000000006668                arm_rfft_f32
 .text.arm_cfft_radix4_init_f32
                0x0000000000006760       0xbc /usr/local/mcuxpressoide-11.1.1_3241/SDK_2.7.0_FRDM-K66F/CMSIS/DSP/Lib/GCC/libarm_cortexM4lf_math.a(arm_cfft_radix4_init_f32.o)
                0x0000000000006760                arm_cfft_radix4_init_f32
 .text.arm_radix4_butterfly_f32
                0x000000000000681c      0x354 /usr/local/mcuxpressoide-11.1.1_3241/SDK_2.7.0_FRDM-K66F/CMSIS/DSP/Lib/GCC/libarm_cortexM4lf_math.a(arm_cfft_radix4_f32.o)
                0x000000000000681c                arm_radix4_butterfly_f32
 .text.arm_radix4_butterfly_inverse_f32
                0x0000000000006b70      0x378 /usr/local/mcuxpressoide-11.1.1_3241/SDK_2.7.0_FRDM-K66F/CMSIS/DSP/Lib/GCC/libarm_cortexM4lf_math.a(arm_cfft_radix4_f32.o)
                0x0000000000006b70                arm_radix4_butterfly_inverse_f32
 .text.arm_bitreversal_f32
                0x0000000000006ee8       0xe0 /usr/local/mcuxpressoide-11.1.1_3241/SDK_2.7.0_FRDM-K66F/CMSIS/DSP/Lib/GCC/libarm_cortexM4lf_math.a(arm_bitreversal.o)
                0x0000000000006ee8                arm_bitreversal_f32
 .text.arm_correlate_f32
                0x0000000000006fc8      0x56c /usr/local/mcuxpressoide-11.1.1_3241/SDK_2.7.0_FRDM-K66F/CMSIS/DSP/Lib/GCC/libarm_cortexM4lf_math.a(arm_correlate_f32.o)
                0x0000000000006fc8                arm_correlate_f32
 .text.arm_cmplx_mag_squared_f32
                0x0000000000007534       0xe0 /usr/local/mcuxpressoide-11.1.1_3241/SDK_2.7.0_FRDM-K66F/CMSIS/DSP/Lib/GCC/libarm_cortexM4lf_math.a(arm_cmplx_mag_squared_f32.o)
                0x0000000000007534                arm_cmplx_mag_squared_f32
 .text.arm_cmplx_mag_f32
                0x0000000000007614      0x248 /usr/local/mcuxpressoide-11.1.1_3241/SDK_2.7.0_FRDM-K66F/CMSIS/DSP/Lib/GCC/libarm_cortexM4lf_math.a(arm_cmplx_mag_f32.o)
                0x0000000000007614                arm_cmplx_mag_f32
 .text.arm_cos_f32
                0x000000000000785c       0x94 /usr/local/mcuxpressoide-11.1.1_3241/SDK_2.7.0_FRDM-K66F/CMSIS/DSP/Lib/GCC/libarm_cortexM4lf_math.a(arm_cos_f32.o)
                0x000000000000785c                arm_cos_f32
 .text.arm_sub_f32
                0x00000000000078f0       0xb4 /usr/local/mcuxpressoide-11.1.1_3241/SDK_2.7.0_FRDM-K66F/CMSIS/DSP/Lib/GCC/libarm_cortexM4lf_math.a(arm_sub_f32.o)
                0x00000000000078f0                arm_sub_f32
 .text.arm_mult_f32
                0x00000000000079a4       0xb4 /usr/local/mcuxpressoide-11.1.1_3241/SDK_2.7.0_FRDM-K66F/CMSIS/DSP/Lib/GCC/libarm_cortexM4lf_math.a(arm_mult_f32.o)
                0x00000000000079a4                arm_mult_f32
 .text.arm_dot_prod_f32
                0x0000000000007a58       0xb0 /usr/local/mcuxpressoide-11.1.1_3241/SDK_2.7.0_FRDM-K66F/CMSIS/DSP/Lib/GCC/libarm_cortexM4lf_math.a(arm_dot_prod_f32.o)
                0x0000000000007a58                arm_dot_prod_f32
 .text.log10f   0x0000000000007b08       0x14 /usr/local/mcuxpressoide-11.1.1_3241/ide/plugins/com.nxp.mcuxpresso.tools.linux_11.1.0.202001081728/tools/bin/../lib/gcc/arm-none-eabi/8.3.1/../../../../arm-none-eabi/lib/thumb/v7e-m+fp/hard/libcr_c.a(log10f.o)
                0x0000000000007b08                log10f
 .text.logf     0x0000000000007b1c       0xe4 /usr/local/mcuxpressoide-11.1.1_3241/ide/plugins/com.nxp.mcuxpresso.tools.linux_11.1.0.202001081728/tools/bin/../lib/gcc/arm-none-eabi/8.3.1/../../../../arm-none-eabi/lib/thumb/v7e-m+fp/hard/libcr_c.a(logf.o)
                0x0000000000007b1c                logf
 .text.malloc   0x0000000000007c00       0xc8 /usr/local/mcuxpressoide-11.1.1_3241/ide/plugins/com.nxp.mcuxpresso.tools.linux_11.1.0.202001081728/tools/bin/../lib/gcc/arm-none-eabi/8.3.1/../../../../arm-none-eabi/lib/thumb/v7e-m+fp/hard/libcr_c.a(alloc.o)
                0x0000000000007c00                malloc
 .text._Csys_alloc
                0x0000000000007cc8       0x20 /usr/local/mcuxpressoide-11.1.1_3241/ide/plugins/com.nxp.mcuxpresso.tools.linux_11.1.0.202001081728/tools/bin/../lib/gcc/arm-none-eabi/8.3.1/../../../../arm-none-eabi/lib/thumb/v7e-m+fp/hard/libcr_c.a(alloc.o)
                0x0000000000007cc8                _Csys_alloc
 .text.sprintf  0x0000000000007ce8       0x6c /usr/local/mcuxpressoide-11.1.1_3241/ide/plugins/com.nxp.mcuxpresso.tools.linux_11.1.0.202001081728/tools/bin/../lib/gcc/arm-none-eabi/8.3.1/../../../../arm-none-eabi/lib/thumb/v7e-m+fp/hard/libcr_c.a(fpprintf.o)
                0x0000000000007ce8                sprintf
 .text.vsnprintf
                0x0000000000007d54       0x68 /usr/local/mcuxpressoide-11.1.1_3241/ide/plugins/com.nxp.mcuxpresso.tools.linux_11.1.0.202001081728/tools/bin/../lib/gcc/arm-none-eabi/8.3.1/../../../../arm-none-eabi/lib/thumb/v7e-m+fp/hard/libcr_c.a(fpprintf.o)
                0x0000000000007d54                vsnprintf
 .text.printf   0x0000000000007dbc       0x54 /usr/local/mcuxpressoide-11.1.1_3241/ide/plugins/com.nxp.mcuxpresso.tools.linux_11.1.0.202001081728/tools/bin/../lib/gcc/arm-none-eabi/8.3.1/../../../../arm-none-eabi/lib/thumb/v7e-m+fp/hard/libcr_c.a(fpprintf.o)
                0x0000000000007dbc                printf
 .text._initio  0x0000000000007e10       0x78 /usr/local/mcuxpressoide-11.1.1_3241/ide/plugins/com.nxp.mcuxpresso.tools.linux_11.1.0.202001081728/tools/bin/../lib/gcc/arm-none-eabi/8.3.1/../../../../arm-none-eabi/lib/thumb/v7e-m+fp/hard/libcr_c.a(initio.o)
                0x0000000000007e10                _initio
 .text.__vfprintf
                0x0000000000007e88      0xbe0 /usr/local/mcuxpressoide-11.1.1_3241/ide/plugins/com.nxp.mcuxpresso.tools.linux_11.1.0.202001081728/tools/bin/../lib/gcc/arm-none-eabi/8.3.1/../../../../arm-none-eabi/lib/thumb/v7e-m+fp/hard/libcr_c.a(printf.o)
                0x0000000000007e88                __vfprintf
 .text.setvbuf  0x0000000000008a68       0x40 /usr/local/mcuxpressoide-11.1.1_3241/ide/plugins/com.nxp.mcuxpresso.tools.linux_11.1.0.202001081728/tools/bin/../lib/gcc/arm-none-eabi/8.3.1/../../../../arm-none-eabi/lib/thumb/v7e-m+fp/hard/libcr_c.a(setvbuf.o)
                0x0000000000008a68                setvbuf
 .text.frexpf   0x0000000000008aa8       0x54 /usr/local/mcuxpressoide-11.1.1_3241/ide/plugins/com.nxp.mcuxpresso.tools.linux_11.1.0.202001081728/tools/bin/../lib/gcc/arm-none-eabi/8.3.1/../../../../arm-none-eabi/lib/thumb/v7e-m+fp/hard/libcr_c.a(frexpf.o)
                0x0000000000008aa8                frexpf
 .text.ldexpf   0x0000000000008afc       0x40 /usr/local/mcuxpressoide-11.1.1_3241/ide/plugins/com.nxp.mcuxpresso.tools.linux_11.1.0.202001081728/tools/bin/../lib/gcc/arm-none-eabi/8.3.1/../../../../arm-none-eabi/lib/thumb/v7e-m+fp/hard/libcr_c.a(ldexpf.o)
                0x0000000000008afc                ldexpf
 .text._sbrk    0x0000000000008b3c       0x3c /usr/local/mcuxpressoide-11.1.1_3241/ide/plugins/com.nxp.mcuxpresso.tools.linux_11.1.0.202001081728/tools/bin/../lib/gcc/arm-none-eabi/8.3.1/../../../../arm-none-eabi/lib/thumb/v7e-m+fp/hard/libcr_c.a(_cr_sbrk.o)
                0x0000000000008b3c                _sbrk
 .text._Cwritebuf
                0x0000000000008b78       0x6c /usr/local/mcuxpressoide-11.1.1_3241/ide/plugins/com.nxp.mcuxpresso.tools.linux_11.1.0.202001081728/tools/bin/../lib/gcc/arm-none-eabi/8.3.1/../../../../arm-none-eabi/lib/thumb/v7e-m+fp/hard/libcr_c.a(_writebuf.o)
                0x0000000000008b78                _Cwritebuf
 .text.fflush   0x0000000000008be4       0x44 /usr/local/mcuxpressoide-11.1.1_3241/ide/plugins/com.nxp.mcuxpresso.tools.linux_11.1.0.202001081728/tools/bin/../lib/gcc/arm-none-eabi/8.3.1/../../../../arm-none-eabi/lib/thumb/v7e-m+fp/hard/libcr_c.a(fflush.o)
                0x0000000000008be4                fflush
 .text.fseek    0x0000000000008c28      0x100 /usr/local/mcuxpressoide-11.1.1_3241/ide/plugins/com.nxp.mcuxpresso.tools.linux_11.1.0.202001081728/tools/bin/../lib/gcc/arm-none-eabi/8.3.1/../../../../arm-none-eabi/lib/thumb/v7e-m+fp/hard/libcr_c.a(fseek.o)
                0x0000000000008c28                fseek
 .text.ftell    0x0000000000008d28       0x48 /usr/local/mcuxpressoide-11.1.1_3241/ide/plugins/com.nxp.mcuxpresso.tools.linux_11.1.0.202001081728/tools/bin/../lib/gcc/arm-none-eabi/8.3.1/../../../../arm-none-eabi/lib/thumb/v7e-m+fp/hard/libcr_c.a(ftell.o)
                0x0000000000008d28                ftell
 .text.__check_heap_overflow
                0x0000000000008d70       0x18 /usr/local/mcuxpressoide-11.1.1_3241/ide/plugins/com.nxp.mcuxpresso.tools.linux_11.1.0.202001081728/tools/bin/../lib/gcc/arm-none-eabi/8.3.1/../../../../arm-none-eabi/lib/thumb/v7e-m+fp/hard/libcr_c.a(_cr_check_heap.o)
                0x0000000000008d70                __check_heap_overflow
 .text.__aeabi_dmul
                0x0000000000008d88      0x114 /usr/local/mcuxpressoide-11.1.1_3241/ide/plugins/com.nxp.mcuxpresso.tools.linux_11.1.0.202001081728/tools/bin/../lib/gcc/arm-none-eabi/8.3.1/thumb/v7e-m+fp/hard/libcr_eabihelpers.a(double.o)
                0x0000000000008d88                __aeabi_dmul
 .text.__aeabi_ddiv
                0x0000000000008e9c      0x150 /usr/local/mcuxpressoide-11.1.1_3241/ide/plugins/com.nxp.mcuxpresso.tools.linux_11.1.0.202001081728/tools/bin/../lib/gcc/arm-none-eabi/8.3.1/thumb/v7e-m+fp/hard/libcr_eabihelpers.a(double.o)
                0x0000000000008e9c                __aeabi_ddiv
 .text.__aeabi_dsub
                0x0000000000008fec      0x1ac /usr/local/mcuxpressoide-11.1.1_3241/ide/plugins/com.nxp.mcuxpresso.tools.linux_11.1.0.202001081728/tools/bin/../lib/gcc/arm-none-eabi/8.3.1/thumb/v7e-m+fp/hard/libcr_eabihelpers.a(double.o)
                0x0000000000008fec                __aeabi_dsub
 .text.__aeabi_dadd
                0x0000000000009198      0x114 /usr/local/mcuxpressoide-11.1.1_3241/ide/plugins/com.nxp.mcuxpresso.tools.linux_11.1.0.202001081728/tools/bin/../lib/gcc/arm-none-eabi/8.3.1/thumb/v7e-m+fp/hard/libcr_eabihelpers.a(double.o)
                0x0000000000009198                __aeabi_dadd
 .text.__aeabi_d2f
                0x00000000000092ac       0x50 /usr/local/mcuxpressoide-11.1.1_3241/ide/plugins/com.nxp.mcuxpresso.tools.linux_11.1.0.202001081728/tools/bin/../lib/gcc/arm-none-eabi/8.3.1/thumb/v7e-m+fp/hard/libcr_eabihelpers.a(double.o)
                0x00000000000092ac                __aeabi_d2f
 .text.__aeabi_f2d
                0x00000000000092fc       0x38 /usr/local/mcuxpressoide-11.1.1_3241/ide/plugins/com.nxp.mcuxpresso.tools.linux_11.1.0.202001081728/tools/bin/../lib/gcc/arm-none-eabi/8.3.1/thumb/v7e-m+fp/hard/libcr_eabihelpers.a(float.o)
                0x00000000000092fc                __aeabi_f2d
 .text.__sys_appexit
                0x0000000000009334        0xc /usr/local/mcuxpressoide-11.1.1_3241/ide/plugins/com.nxp.mcuxpresso.tools.linux_11.1.0.202001081728/tools/bin/../lib/gcc/arm-none-eabi/8.3.1/../../../../arm-none-eabi/lib/thumb/v7e-m+fp/hard/libcr_semihost.a(__sys_appexit.o)
                0x0000000000009334                __exit
                0x0000000000009334                __sys_appexit
 .text.DMA0_DMA16_IRQHandler
                0x0000000000009340        0x8 ./startup/startup_mk66f18.o
                0x0000000000009340                DMA0_DMA16_IRQHandler
 .text.DMA1_DMA17_IRQHandler
                0x0000000000009348        0x8 ./startup/startup_mk66f18.o
                0x0000000000009348                DMA1_DMA17_IRQHandler
 .text.DMA2_DMA18_IRQHandler
                0x0000000000009350        0x8 ./startup/startup_mk66f18.o
                0x0000000000009350                DMA2_DMA18_IRQHandler
 .text.DMA3_DMA19_IRQHandler
                0x0000000000009358        0x8 ./startup/startup_mk66f18.o
                0x0000000000009358                DMA3_DMA19_IRQHandler
 .text.DMA4_DMA20_IRQHandler
                0x0000000000009360        0x8 ./startup/startup_mk66f18.o
                0x0000000000009360                DMA4_DMA20_IRQHandler
 .text.DMA5_DMA21_IRQHandler
                0x0000000000009368        0x8 ./startup/startup_mk66f18.o
                0x0000000000009368                DMA5_DMA21_IRQHandler
 .text.DMA6_DMA22_IRQHandler
                0x0000000000009370        0x8 ./startup/startup_mk66f18.o
                0x0000000000009370                DMA6_DMA22_IRQHandler
 .text.DMA7_DMA23_IRQHandler
                0x0000000000009378        0x8 ./startup/startup_mk66f18.o
                0x0000000000009378                DMA7_DMA23_IRQHandler
 .text.DMA8_DMA24_IRQHandler
                0x0000000000009380        0x8 ./startup/startup_mk66f18.o
                0x0000000000009380                DMA8_DMA24_IRQHandler
 .text.DMA9_DMA25_IRQHandler
                0x0000000000009388        0x8 ./startup/startup_mk66f18.o
                0x0000000000009388                DMA9_DMA25_IRQHandler
 .text.DMA10_DMA26_IRQHandler
                0x0000000000009390        0x8 ./startup/startup_mk66f18.o
                0x0000000000009390                DMA10_DMA26_IRQHandler
 .text.DMA11_DMA27_IRQHandler
                0x0000000000009398        0x8 ./startup/startup_mk66f18.o
                0x0000000000009398                DMA11_DMA27_IRQHandler
 .text.DMA12_DMA28_IRQHandler
                0x00000000000093a0        0x8 ./startup/startup_mk66f18.o
                0x00000000000093a0                DMA12_DMA28_IRQHandler
 .text.DMA13_DMA29_IRQHandler
                0x00000000000093a8        0x8 ./startup/startup_mk66f18.o
                0x00000000000093a8                DMA13_DMA29_IRQHandler
 .text.DMA14_DMA30_IRQHandler
                0x00000000000093b0        0x8 ./startup/startup_mk66f18.o
                0x00000000000093b0                DMA14_DMA30_IRQHandler
 .text.DMA15_DMA31_IRQHandler
                0x00000000000093b8        0x8 ./startup/startup_mk66f18.o
                0x00000000000093b8                DMA15_DMA31_IRQHandler
 .text.DMA_Error_IRQHandler
                0x00000000000093c0        0x8 ./startup/startup_mk66f18.o
                0x00000000000093c0                DMA_Error_IRQHandler
 .text.MCM_IRQHandler
                0x00000000000093c8        0x8 ./startup/startup_mk66f18.o
                0x00000000000093c8                MCM_IRQHandler
 .text.FTFE_IRQHandler
                0x00000000000093d0        0x8 ./startup/startup_mk66f18.o
                0x00000000000093d0                FTFE_IRQHandler
 .text.Read_Collision_IRQHandler
                0x00000000000093d8        0x8 ./startup/startup_mk66f18.o
                0x00000000000093d8                Read_Collision_IRQHandler
 .text.LVD_LVW_IRQHandler
                0x00000000000093e0        0x8 ./startup/startup_mk66f18.o
                0x00000000000093e0                LVD_LVW_IRQHandler
 .text.LLWU_IRQHandler
                0x00000000000093e8        0x8 ./startup/startup_mk66f18.o
                0x00000000000093e8                LLWU_IRQHandler
 .text.WDOG_EWM_IRQHandler
                0x00000000000093f0        0x8 ./startup/startup_mk66f18.o
                0x00000000000093f0                WDOG_EWM_IRQHandler
 .text.RNG_IRQHandler
                0x00000000000093f8        0x8 ./startup/startup_mk66f18.o
                0x00000000000093f8                RNG_IRQHandler
 .text.I2C0_IRQHandler
                0x0000000000009400        0x8 ./startup/startup_mk66f18.o
                0x0000000000009400                I2C0_IRQHandler
 .text.I2C1_IRQHandler
                0x0000000000009408        0x8 ./startup/startup_mk66f18.o
                0x0000000000009408                I2C1_IRQHandler
 .text.SPI0_IRQHandler
                0x0000000000009410        0x8 ./startup/startup_mk66f18.o
                0x0000000000009410                SPI0_IRQHandler
 .text.SPI1_IRQHandler
                0x0000000000009418        0x8 ./startup/startup_mk66f18.o
                0x0000000000009418                SPI1_IRQHandler
 .text.I2S0_Tx_IRQHandler
                0x0000000000009420        0x8 ./startup/startup_mk66f18.o
                0x0000000000009420                I2S0_Tx_IRQHandler
 .text.I2S0_Rx_IRQHandler
                0x0000000000009428        0x8 ./startup/startup_mk66f18.o
                0x0000000000009428                I2S0_Rx_IRQHandler
 .text.Reserved46_IRQHandler
                0x0000000000009430        0x8 ./startup/startup_mk66f18.o
                0x0000000000009430                Reserved46_IRQHandler
 .text.UART0_RX_TX_IRQHandler
                0x0000000000009438        0x8 ./startup/startup_mk66f18.o
                0x0000000000009438                UART0_RX_TX_IRQHandler
 .text.UART0_ERR_IRQHandler
                0x0000000000009440        0x8 ./startup/startup_mk66f18.o
                0x0000000000009440                UART0_ERR_IRQHandler
 .text.UART1_RX_TX_IRQHandler
                0x0000000000009448        0x8 ./startup/startup_mk66f18.o
                0x0000000000009448                UART1_RX_TX_IRQHandler
 .text.UART1_ERR_IRQHandler
                0x0000000000009450        0x8 ./startup/startup_mk66f18.o
                0x0000000000009450                UART1_ERR_IRQHandler
 .text.UART2_RX_TX_IRQHandler
                0x0000000000009458        0x8 ./startup/startup_mk66f18.o
                0x0000000000009458                UART2_RX_TX_IRQHandler
 .text.UART2_ERR_IRQHandler
                0x0000000000009460        0x8 ./startup/startup_mk66f18.o
                0x0000000000009460                UART2_ERR_IRQHandler
 .text.UART3_RX_TX_IRQHandler
                0x0000000000009468        0x8 ./startup/startup_mk66f18.o
                0x0000000000009468                UART3_RX_TX_IRQHandler
 .text.UART3_ERR_IRQHandler
                0x0000000000009470        0x8 ./startup/startup_mk66f18.o
                0x0000000000009470                UART3_ERR_IRQHandler
 .text.ADC0_IRQHandler
                0x0000000000009478        0x8 ./startup/startup_mk66f18.o
                0x0000000000009478                ADC0_IRQHandler
 .text.CMP0_IRQHandler
                0x0000000000009480        0x8 ./startup/startup_mk66f18.o
                0x0000000000009480                CMP0_IRQHandler
 .text.CMP1_IRQHandler
                0x0000000000009488        0x8 ./startup/startup_mk66f18.o
                0x0000000000009488                CMP1_IRQHandler
 .text.FTM0_IRQHandler
                0x0000000000009490        0x8 ./startup/startup_mk66f18.o
                0x0000000000009490                FTM0_IRQHandler
 .text.FTM1_IRQHandler
                0x0000000000009498        0x8 ./startup/startup_mk66f18.o
                0x0000000000009498                FTM1_IRQHandler
 .text.FTM2_IRQHandler
                0x00000000000094a0        0x8 ./startup/startup_mk66f18.o
                0x00000000000094a0                FTM2_IRQHandler
 .text.CMT_IRQHandler
                0x00000000000094a8        0x8 ./startup/startup_mk66f18.o
                0x00000000000094a8                CMT_IRQHandler
 .text.RTC_IRQHandler
                0x00000000000094b0        0x8 ./startup/startup_mk66f18.o
                0x00000000000094b0                RTC_IRQHandler
 .text.RTC_Seconds_IRQHandler
                0x00000000000094b8        0x8 ./startup/startup_mk66f18.o
                0x00000000000094b8                RTC_Seconds_IRQHandler
 .text.PIT0_IRQHandler
                0x00000000000094c0        0x8 ./startup/startup_mk66f18.o
                0x00000000000094c0                PIT0_IRQHandler
 .text.PIT1_IRQHandler
                0x00000000000094c8        0x8 ./startup/startup_mk66f18.o
                0x00000000000094c8                PIT1_IRQHandler
 .text.PIT2_IRQHandler
                0x00000000000094d0        0x8 ./startup/startup_mk66f18.o
                0x00000000000094d0                PIT2_IRQHandler
 .text.PIT3_IRQHandler
                0x00000000000094d8        0x8 ./startup/startup_mk66f18.o
                0x00000000000094d8                PIT3_IRQHandler
 .text.PDB0_IRQHandler
                0x00000000000094e0        0x8 ./startup/startup_mk66f18.o
                0x00000000000094e0                PDB0_IRQHandler
 .text.USB0_IRQHandler
                0x00000000000094e8        0x8 ./startup/startup_mk66f18.o
                0x00000000000094e8                USB0_IRQHandler
 .text.USBDCD_IRQHandler
                0x00000000000094f0        0x8 ./startup/startup_mk66f18.o
                0x00000000000094f0                USBDCD_IRQHandler
 .text.Reserved71_IRQHandler
                0x00000000000094f8        0x8 ./startup/startup_mk66f18.o
                0x00000000000094f8                Reserved71_IRQHandler
 .text.DAC0_IRQHandler
                0x0000000000009500        0x8 ./startup/startup_mk66f18.o
                0x0000000000009500                DAC0_IRQHandler
 .text.MCG_IRQHandler
                0x0000000000009508        0x8 ./startup/startup_mk66f18.o
                0x0000000000009508                MCG_IRQHandler
 .text.LPTMR0_IRQHandler
                0x0000000000009510        0x8 ./startup/startup_mk66f18.o
                0x0000000000009510                LPTMR0_IRQHandler
 .text.PORTA_IRQHandler
                0x0000000000009518        0x8 ./startup/startup_mk66f18.o
                0x0000000000009518                PORTA_IRQHandler
 .text.PORTB_IRQHandler
                0x0000000000009520        0x8 ./startup/startup_mk66f18.o
                0x0000000000009520                PORTB_IRQHandler
 .text.PORTC_IRQHandler
                0x0000000000009528        0x8 ./startup/startup_mk66f18.o
                0x0000000000009528                PORTC_IRQHandler
 .text.PORTD_IRQHandler
                0x0000000000009530        0x8 ./startup/startup_mk66f18.o
                0x0000000000009530                PORTD_IRQHandler
 .text.PORTE_IRQHandler
                0x0000000000009538        0x8 ./startup/startup_mk66f18.o
                0x0000000000009538                PORTE_IRQHandler
 .text.SWI_IRQHandler
                0x0000000000009540        0x8 ./startup/startup_mk66f18.o
                0x0000000000009540                SWI_IRQHandler
 .text.SPI2_IRQHandler
                0x0000000000009548        0x8 ./startup/startup_mk66f18.o
                0x0000000000009548                SPI2_IRQHandler
 .text.UART4_RX_TX_IRQHandler
                0x0000000000009550        0x8 ./startup/startup_mk66f18.o
                0x0000000000009550                UART4_RX_TX_IRQHandler
 .text.UART4_ERR_IRQHandler
                0x0000000000009558        0x8 ./startup/startup_mk66f18.o
                0x0000000000009558                UART4_ERR_IRQHandler
 .text.Reserved84_IRQHandler
                0x0000000000009560        0x8 ./startup/startup_mk66f18.o
                0x0000000000009560                Reserved84_IRQHandler
 .text.Reserved85_IRQHandler
                0x0000000000009568        0x8 ./startup/startup_mk66f18.o
                0x0000000000009568                Reserved85_IRQHandler
 .text.CMP2_IRQHandler
                0x0000000000009570        0x8 ./startup/startup_mk66f18.o
                0x0000000000009570                CMP2_IRQHandler
 .text.FTM3_IRQHandler
                0x0000000000009578        0x8 ./startup/startup_mk66f18.o
                0x0000000000009578                FTM3_IRQHandler
 .text.DAC1_IRQHandler
                0x0000000000009580        0x8 ./startup/startup_mk66f18.o
                0x0000000000009580                DAC1_IRQHandler
 .text.ADC1_IRQHandler
                0x0000000000009588        0x8 ./startup/startup_mk66f18.o
                0x0000000000009588                ADC1_IRQHandler
 .text.I2C2_IRQHandler
                0x0000000000009590        0x8 ./startup/startup_mk66f18.o
                0x0000000000009590                I2C2_IRQHandler
 .text.CAN0_ORed_Message_buffer_IRQHandler
                0x0000000000009598        0x8 ./startup/startup_mk66f18.o
                0x0000000000009598                CAN0_ORed_Message_buffer_IRQHandler
 .text.CAN0_Bus_Off_IRQHandler
                0x00000000000095a0        0x8 ./startup/startup_mk66f18.o
                0x00000000000095a0                CAN0_Bus_Off_IRQHandler
 .text.CAN0_Error_IRQHandler
                0x00000000000095a8        0x8 ./startup/startup_mk66f18.o
                0x00000000000095a8                CAN0_Error_IRQHandler
 .text.CAN0_Tx_Warning_IRQHandler
                0x00000000000095b0        0x8 ./startup/startup_mk66f18.o
                0x00000000000095b0                CAN0_Tx_Warning_IRQHandler
 .text.CAN0_Rx_Warning_IRQHandler
                0x00000000000095b8        0x8 ./startup/startup_mk66f18.o
                0x00000000000095b8                CAN0_Rx_Warning_IRQHandler
 .text.CAN0_Wake_Up_IRQHandler
                0x00000000000095c0        0x8 ./startup/startup_mk66f18.o
                0x00000000000095c0                CAN0_Wake_Up_IRQHandler
 .text.SDHC_IRQHandler
                0x00000000000095c8        0x8 ./startup/startup_mk66f18.o
                0x00000000000095c8                SDHC_IRQHandler
 .text.ENET_1588_Timer_IRQHandler
                0x00000000000095d0        0x8 ./startup/startup_mk66f18.o
                0x00000000000095d0                ENET_1588_Timer_IRQHandler
 .text.ENET_Transmit_IRQHandler
                0x00000000000095d8        0x8 ./startup/startup_mk66f18.o
                0x00000000000095d8                ENET_Transmit_IRQHandler
 .text.ENET_Receive_IRQHandler
                0x00000000000095e0        0x8 ./startup/startup_mk66f18.o
                0x00000000000095e0                ENET_Receive_IRQHandler
 .text.ENET_Error_IRQHandler
                0x00000000000095e8        0x8 ./startup/startup_mk66f18.o
                0x00000000000095e8                ENET_Error_IRQHandler
 .text.LPUART0_IRQHandler
                0x00000000000095f0        0x8 ./startup/startup_mk66f18.o
                0x00000000000095f0                LPUART0_IRQHandler
 .text.TSI0_IRQHandler
                0x00000000000095f8        0x8 ./startup/startup_mk66f18.o
                0x00000000000095f8                TSI0_IRQHandler
 .text.TPM1_IRQHandler
                0x0000000000009600        0x8 ./startup/startup_mk66f18.o
                0x0000000000009600                TPM1_IRQHandler
 .text.TPM2_IRQHandler
                0x0000000000009608        0x8 ./startup/startup_mk66f18.o
                0x0000000000009608                TPM2_IRQHandler
 .text.USBHSDCD_IRQHandler
                0x0000000000009610        0x8 ./startup/startup_mk66f18.o
                0x0000000000009610                USBHSDCD_IRQHandler
 .text.I2C3_IRQHandler
                0x0000000000009618        0x8 ./startup/startup_mk66f18.o
                0x0000000000009618                I2C3_IRQHandler
 .text.CMP3_IRQHandler
                0x0000000000009620        0x8 ./startup/startup_mk66f18.o
                0x0000000000009620                CMP3_IRQHandler
 .text.USBHS_IRQHandler
                0x0000000000009628        0x8 ./startup/startup_mk66f18.o
                0x0000000000009628                USBHS_IRQHandler
 .text.CAN1_ORed_Message_buffer_IRQHandler
                0x0000000000009630        0x8 ./startup/startup_mk66f18.o
                0x0000000000009630                CAN1_ORed_Message_buffer_IRQHandler
 .text.CAN1_Bus_Off_IRQHandler
                0x0000000000009638        0x8 ./startup/startup_mk66f18.o
                0x0000000000009638                CAN1_Bus_Off_IRQHandler
 .text.CAN1_Error_IRQHandler
                0x0000000000009640        0x8 ./startup/startup_mk66f18.o
                0x0000000000009640                CAN1_Error_IRQHandler
 .text.CAN1_Tx_Warning_IRQHandler
                0x0000000000009648        0x8 ./startup/startup_mk66f18.o
                0x0000000000009648                CAN1_Tx_Warning_IRQHandler
 .text.CAN1_Rx_Warning_IRQHandler
                0x0000000000009650        0x8 ./startup/startup_mk66f18.o
                0x0000000000009650                CAN1_Rx_Warning_IRQHandler
 .text.CAN1_Wake_Up_IRQHandler
                0x0000000000009658        0x8 ./startup/startup_mk66f18.o
                0x0000000000009658                CAN1_Wake_Up_IRQHandler
 .text.compute_RealFastFourierTransformMagnitude_f32
                0x0000000000009660       0x94 ./source_transfer/features.o
                0x0000000000009660                compute_RealFastFourierTransformMagnitude_f32
 .text.compute_Sum_f32
                0x00000000000096f4       0x50 ./source_transfer/features.o
                0x00000000000096f4                compute_Sum_f32
 .text.compute_ZeroCrossingRate_f32
                0x0000000000009744      0x14c ./source_transfer/features.o
                0x0000000000009744                compute_ZeroCrossingRate_f32
 .text.compute_SpectralFlux_f32
                0x0000000000009890       0xc2 ./source_transfer/features.o
                0x0000000000009890                compute_SpectralFlux_f32
 .text.compute_SpectralRolloff_f32
                0x0000000000009952      0x166 ./source_transfer/features.o
                0x0000000000009952                compute_SpectralRolloff_f32
 .text.compute_Energy_f32
                0x0000000000009ab8       0x76 ./source_transfer/features.o
                0x0000000000009ab8                compute_Energy_f32
 .text.reload_LLD
                0x0000000000009b2e       0x22 ./source_transfer/features.o
                0x0000000000009b2e                reload_LLD
 .text.UART_WriteByte
                0x0000000000009b50       0x1e ./source_transfer/sai_interrupt_record_playback.o
 .text.HardFault_Handler
                0x0000000000009b6e       0x2c ./source/semihost_hardfault.o
                0x0000000000009b6e                HardFault_Handler
 .text.OSC_SetExtRefClkConfig
                0x0000000000009b9a       0x40 ./drivers/fsl_clock.o
 .text.OSC_SetCapLoad
                0x0000000000009bda       0x34 ./drivers/fsl_clock.o
 .text.CLOCK_GetPll0RefFreq
                0x0000000000009c0e        0xe ./drivers/fsl_clock.o
 .text.CLOCK_GetFixedFreqClkFreq
                0x0000000000009c1c       0x34 ./drivers/fsl_clock.o
                0x0000000000009c1c                CLOCK_GetFixedFreqClkFreq
 .text.CLOCK_EnableClock
                0x0000000000009c50       0x34 ./drivers/fsl_i2c.o
 .text.I2C_MasterClearStatusFlags
                0x0000000000009c84       0x5a ./drivers/fsl_i2c.o
 .text.I2C_CheckAndClearError
                0x0000000000009cde       0x44 ./drivers/fsl_i2c.o
 .text.I2C_MasterStart
                0x0000000000009d22       0x62 ./drivers/fsl_i2c.o
                0x0000000000009d22                I2C_MasterStart
 .text.I2C_MasterRepeatedStart
                0x0000000000009d84       0x9a ./drivers/fsl_i2c.o
                0x0000000000009d84                I2C_MasterRepeatedStart
 .text.I2C_MasterStop
                0x0000000000009e1e       0x3a ./drivers/fsl_i2c.o
                0x0000000000009e1e                I2C_MasterStop
 .text.I2C_MasterGetStatusFlags
                0x0000000000009e58       0x4a ./drivers/fsl_i2c.o
                0x0000000000009e58                I2C_MasterGetStatusFlags
 .text.I2C_MasterWriteBlocking
                0x0000000000009ea2       0xdc ./drivers/fsl_i2c.o
                0x0000000000009ea2                I2C_MasterWriteBlocking
 .text.I2C_MasterReadBlocking
                0x0000000000009f7e       0xdc ./drivers/fsl_i2c.o
                0x0000000000009f7e                I2C_MasterReadBlocking
 .text.CLOCK_EnableClock
                0x000000000000a05a       0x34 ./drivers/fsl_sai.o
 .text.EnableIRQ
                0x000000000000a08e       0x2c ./drivers/fsl_sai.o
 .text.SAI_TxClearStatusFlags
                0x000000000000a0ba       0x26 ./drivers/fsl_sai.o
 .text.SAI_RxClearStatusFlags
                0x000000000000a0e0       0x2a ./drivers/fsl_sai.o
 .text.SAI_TxEnableInterrupts
                0x000000000000a10a       0x26 ./drivers/fsl_sai.o
 .text.SAI_RxEnableInterrupts
                0x000000000000a130       0x2a ./drivers/fsl_sai.o
 .text.SAI_TxDisableInterrupts
                0x000000000000a15a       0x28 ./drivers/fsl_sai.o
 .text.SAI_RxDisableInterrupts
                0x000000000000a182       0x2c ./drivers/fsl_sai.o
 .text.SAI_WriteNonBlocking
                0x000000000000a1ae       0xb4 ./drivers/fsl_sai.o
 .text.SAI_ReadNonBlocking
                0x000000000000a262       0xa6 ./drivers/fsl_sai.o
 .text.SAI_TxReset
                0x000000000000a308       0x46 ./drivers/fsl_sai.o
                0x000000000000a308                SAI_TxReset
 .text.SAI_RxReset
                0x000000000000a34e       0x56 ./drivers/fsl_sai.o
                0x000000000000a34e                SAI_RxReset
 .text.SAI_TxEnable
                0x000000000000a3a4       0x80 ./drivers/fsl_sai.o
                0x000000000000a3a4                SAI_TxEnable
 .text.SAI_RxEnable
                0x000000000000a424       0x84 ./drivers/fsl_sai.o
                0x000000000000a424                SAI_RxEnable
 .text.SAI_TxSoftwareReset
                0x000000000000a4a8       0x2e ./drivers/fsl_sai.o
                0x000000000000a4a8                SAI_TxSoftwareReset
 .text.SAI_RxSoftwareReset
                0x000000000000a4d6       0x36 ./drivers/fsl_sai.o
                0x000000000000a4d6                SAI_RxSoftwareReset
 .text.SAI_GetClassicI2SConfig
                0x000000000000a50c       0x26 ./drivers/fsl_sai.o
                0x000000000000a50c                SAI_GetClassicI2SConfig
 .text.CLOCK_EnableClock
                0x000000000000a532       0x34 ./drivers/fsl_uart.o
 .text.UART_WriteBlocking
                0x000000000000a566       0x4e ./drivers/fsl_uart.o
                0x000000000000a566                UART_WriteBlocking
 .text.UART0_RX_TX_DriverIRQHandler
                0x000000000000a5b4       0x10 ./drivers/fsl_uart.o
                0x000000000000a5b4                UART0_RX_TX_DriverIRQHandler
 .text.UART1_RX_TX_DriverIRQHandler
                0x000000000000a5c4       0x10 ./drivers/fsl_uart.o
                0x000000000000a5c4                UART1_RX_TX_DriverIRQHandler
 .text.UART2_RX_TX_DriverIRQHandler
                0x000000000000a5d4       0x10 ./drivers/fsl_uart.o
                0x000000000000a5d4                UART2_RX_TX_DriverIRQHandler
 .text.UART3_RX_TX_DriverIRQHandler
                0x000000000000a5e4       0x10 ./drivers/fsl_uart.o
                0x000000000000a5e4                UART3_RX_TX_DriverIRQHandler
 .text.UART4_RX_TX_DriverIRQHandler
                0x000000000000a5f4       0x10 ./drivers/fsl_uart.o
                0x000000000000a5f4                UART4_RX_TX_DriverIRQHandler
 .text.SystemInitHook
                0x000000000000a604        0xe ./device/system_MK66F18.o
                0x000000000000a604                SystemInitHook
 .text.HAL_I2cGetStatus
                0x000000000000a612       0xa0 ./component/i2c/i2c_adapter.o
                0x000000000000a612                HAL_I2cGetStatus
 .text.CODEC_I2C_Init
                0x000000000000a6b2       0x36 ./codec/fsl_codec_i2c.o
                0x000000000000a6b2                CODEC_I2C_Init
 .text.CODEC_I2C_Send
                0x000000000000a6e8       0x4e ./codec/fsl_codec_i2c.o
                0x000000000000a6e8                CODEC_I2C_Send
 .text.CODEC_I2C_Receive
                0x000000000000a736       0x4e ./codec/fsl_codec_i2c.o
                0x000000000000a736                CODEC_I2C_Receive
 .text.DbgConsole_Init
                0x000000000000a784       0x20 ./board/board.o
 .text.BOARD_InitDebugConsole
                0x000000000000a7a4       0x22 ./board/board.o
                0x000000000000a7a4                BOARD_InitDebugConsole
 .text.CLOCK_EnableClock
                0x000000000000a7c6       0x34 ./board/pin_mux.o
 .text.PORT_SetPinMux
                0x000000000000a7fa       0x3a ./board/pin_mux.o
 .text.__main   0x000000000000a834        0xe /usr/local/mcuxpressoide-11.1.1_3241/ide/plugins/com.nxp.mcuxpresso.tools.linux_11.1.0.202001081728/tools/bin/../lib/gcc/arm-none-eabi/8.3.1/../../../../arm-none-eabi/lib/thumb/v7e-m+fp/hard/libcr_semihost.a(_cr__main.o)
                0x000000000000a834                __main
                0x000000000000a834                __CR_SEMIHOST
 .text.sqrtf    0x000000000000a842        0x6 /usr/local/mcuxpressoide-11.1.1_3241/ide/plugins/com.nxp.mcuxpresso.tools.linux_11.1.0.202001081728/tools/bin/../lib/gcc/arm-none-eabi/8.3.1/../../../../arm-none-eabi/lib/thumb/v7e-m+fp/hard/libcr_c.a(sqrtf_m4_hardfp.o)
                0x000000000000a842                sqrtf
 .text.memset   0x000000000000a848        0x4 /usr/local/mcuxpressoide-11.1.1_3241/ide/plugins/com.nxp.mcuxpresso.tools.linux_11.1.0.202001081728/tools/bin/../lib/gcc/arm-none-eabi/8.3.1/../../../../arm-none-eabi/lib/thumb/v7e-m+fp/hard/libcr_c.a(memset.o)
                0x000000000000a848                memset
 .text.free     0x000000000000a84c       0x30 /usr/local/mcuxpressoide-11.1.1_3241/ide/plugins/com.nxp.mcuxpresso.tools.linux_11.1.0.202001081728/tools/bin/../lib/gcc/arm-none-eabi/8.3.1/../../../../arm-none-eabi/lib/thumb/v7e-m+fp/hard/libcr_c.a(alloc.o)
                0x000000000000a84c                free
 .text.calloc   0x000000000000a87c       0x50 /usr/local/mcuxpressoide-11.1.1_3241/ide/plugins/com.nxp.mcuxpresso.tools.linux_11.1.0.202001081728/tools/bin/../lib/gcc/arm-none-eabi/8.3.1/../../../../arm-none-eabi/lib/thumb/v7e-m+fp/hard/libcr_c.a(alloc.o)
                0x000000000000a87c                calloc
 .text.fp_round
                0x000000000000a8cc       0x4e /usr/local/mcuxpressoide-11.1.1_3241/ide/plugins/com.nxp.mcuxpresso.tools.linux_11.1.0.202001081728/tools/bin/../lib/gcc/arm-none-eabi/8.3.1/../../../../arm-none-eabi/lib/thumb/v7e-m+fp/hard/libcr_c.a(fpprintf.o)
 .text.pr_dec.constprop.1
                0x000000000000a91a       0x26 /usr/local/mcuxpressoide-11.1.1_3241/ide/plugins/com.nxp.mcuxpresso.tools.linux_11.1.0.202001081728/tools/bin/../lib/gcc/arm-none-eabi/8.3.1/../../../../arm-none-eabi/lib/thumb/v7e-m+fp/hard/libcr_c.a(fpprintf.o)
 .text.abs      0x000000000000a940        0x8 /usr/local/mcuxpressoide-11.1.1_3241/ide/plugins/com.nxp.mcuxpresso.tools.linux_11.1.0.202001081728/tools/bin/../lib/gcc/arm-none-eabi/8.3.1/../../../../arm-none-eabi/lib/thumb/v7e-m+fp/hard/libcr_c.a(stdlib.o)
                0x000000000000a940                abs
 .text.strlen   0x000000000000a948       0x4c /usr/local/mcuxpressoide-11.1.1_3241/ide/plugins/com.nxp.mcuxpresso.tools.linux_11.1.0.202001081728/tools/bin/../lib/gcc/arm-none-eabi/8.3.1/../../../../arm-none-eabi/lib/thumb/v7e-m+fp/hard/libcr_c.a(strlen.o)
                0x000000000000a948                strlen
 .text._deferredlazyseek
                0x000000000000a994       0x40 /usr/local/mcuxpressoide-11.1.1_3241/ide/plugins/com.nxp.mcuxpresso.tools.linux_11.1.0.202001081728/tools/bin/../lib/gcc/arm-none-eabi/8.3.1/../../../../arm-none-eabi/lib/thumb/v7e-m+fp/hard/libcr_c.a(_deferredlazyseek.o)
                0x000000000000a994                _deferredlazyseek
 .text.__flsbuf
                0x000000000000a9d4      0x140 /usr/local/mcuxpressoide-11.1.1_3241/ide/plugins/com.nxp.mcuxpresso.tools.linux_11.1.0.202001081728/tools/bin/../lib/gcc/arm-none-eabi/8.3.1/../../../../arm-none-eabi/lib/thumb/v7e-m+fp/hard/libcr_c.a(_deferredlazyseek.o)
                0x000000000000a9d4                __flsbuf
 .text._fdopen  0x000000000000ab14       0x68 /usr/local/mcuxpressoide-11.1.1_3241/ide/plugins/com.nxp.mcuxpresso.tools.linux_11.1.0.202001081728/tools/bin/../lib/gcc/arm-none-eabi/8.3.1/../../../../arm-none-eabi/lib/thumb/v7e-m+fp/hard/libcr_c.a(_fdopen.o)
                0x000000000000ab14                _fdopen
 .text._fflush  0x000000000000ab7c       0x52 /usr/local/mcuxpressoide-11.1.1_3241/ide/plugins/com.nxp.mcuxpresso.tools.linux_11.1.0.202001081728/tools/bin/../lib/gcc/arm-none-eabi/8.3.1/../../../../arm-none-eabi/lib/thumb/v7e-m+fp/hard/libcr_c.a(_fflush.o)
                0x000000000000ab7c                _fflush
 .text.fclose   0x000000000000abce       0x58 /usr/local/mcuxpressoide-11.1.1_3241/ide/plugins/com.nxp.mcuxpresso.tools.linux_11.1.0.202001081728/tools/bin/../lib/gcc/arm-none-eabi/8.3.1/../../../../arm-none-eabi/lib/thumb/v7e-m+fp/hard/libcr_c.a(fclose.o)
                0x000000000000abce                fclose
 .text.remove   0x000000000000ac26       0x14 /usr/local/mcuxpressoide-11.1.1_3241/ide/plugins/com.nxp.mcuxpresso.tools.linux_11.1.0.202001081728/tools/bin/../lib/gcc/arm-none-eabi/8.3.1/../../../../arm-none-eabi/lib/thumb/v7e-m+fp/hard/libcr_c.a(remove.o)
                0x000000000000ac26                remove
 .text._do_fflush
                0x000000000000ac3a       0x40 /usr/local/mcuxpressoide-11.1.1_3241/ide/plugins/com.nxp.mcuxpresso.tools.linux_11.1.0.202001081728/tools/bin/../lib/gcc/arm-none-eabi/8.3.1/../../../../arm-none-eabi/lib/thumb/v7e-m+fp/hard/libcr_c.a(_do_fflush.o)
                0x000000000000ac3a                _do_fflush
 .text.__aeabi_division_uldivmod
                0x000000000000ac7a      0x174 /usr/local/mcuxpressoide-11.1.1_3241/ide/plugins/com.nxp.mcuxpresso.tools.linux_11.1.0.202001081728/tools/bin/../lib/gcc/arm-none-eabi/8.3.1/thumb/v7e-m+fp/hard/libcr_eabihelpers.a(division_64.o)
                0x000000000000ac7a                __aeabi_uldivmod
                0x000000000000ac7e                __bhs_ldivmod1
 .text.__aeabi_division_idiv0
                0x000000000000adee        0x2 /usr/local/mcuxpressoide-11.1.1_3241/ide/plugins/com.nxp.mcuxpresso.tools.linux_11.1.0.202001081728/tools/bin/../lib/gcc/arm-none-eabi/8.3.1/thumb/v7e-m+fp/hard/libcr_eabihelpers.a(division_idiv0.o)
                0x000000000000adee                __aeabi_idiv0
 .text.__aeabi_d2iz
                0x000000000000adf0       0x40 /usr/local/mcuxpressoide-11.1.1_3241/ide/plugins/com.nxp.mcuxpresso.tools.linux_11.1.0.202001081728/tools/bin/../lib/gcc/arm-none-eabi/8.3.1/thumb/v7e-m+fp/hard/libcr_eabihelpers.a(double.o)
                0x000000000000adf0                __aeabi_d2iz
 .text.__bhs_ui2d
                0x000000000000ae30       0x46 /usr/local/mcuxpressoide-11.1.1_3241/ide/plugins/com.nxp.mcuxpresso.tools.linux_11.1.0.202001081728/tools/bin/../lib/gcc/arm-none-eabi/8.3.1/thumb/v7e-m+fp/hard/libcr_eabihelpers.a(double.o)
                0x000000000000ae30                __bhs_ui2d
 .text.__aeabi_i2d
                0x000000000000ae76       0x12 /usr/local/mcuxpressoide-11.1.1_3241/ide/plugins/com.nxp.mcuxpresso.tools.linux_11.1.0.202001081728/tools/bin/../lib/gcc/arm-none-eabi/8.3.1/thumb/v7e-m+fp/hard/libcr_eabihelpers.a(double.o)
                0x000000000000ae76                __aeabi_i2d
 .text.__aeabi_ui2d
                0x000000000000ae88        0x8 /usr/local/mcuxpressoide-11.1.1_3241/ide/plugins/com.nxp.mcuxpresso.tools.linux_11.1.0.202001081728/tools/bin/../lib/gcc/arm-none-eabi/8.3.1/thumb/v7e-m+fp/hard/libcr_eabihelpers.a(double.o)
                0x000000000000ae88                __aeabi_ui2d
 .text.__aeabi_dcmpeq
                0x000000000000ae90       0x2e /usr/local/mcuxpressoide-11.1.1_3241/ide/plugins/com.nxp.mcuxpresso.tools.linux_11.1.0.202001081728/tools/bin/../lib/gcc/arm-none-eabi/8.3.1/thumb/v7e-m+fp/hard/libcr_eabihelpers.a(double.o)
                0x000000000000ae90                __aeabi_dcmpeq
 .text.__aeabi_dcmplt
                0x000000000000aebe       0x56 /usr/local/mcuxpressoide-11.1.1_3241/ide/plugins/com.nxp.mcuxpresso.tools.linux_11.1.0.202001081728/tools/bin/../lib/gcc/arm-none-eabi/8.3.1/thumb/v7e-m+fp/hard/libcr_eabihelpers.a(double.o)
                0x000000000000aebe                __aeabi_dcmplt
 .text.__aeabi_dcmple
                0x000000000000af14       0x56 /usr/local/mcuxpressoide-11.1.1_3241/ide/plugins/com.nxp.mcuxpresso.tools.linux_11.1.0.202001081728/tools/bin/../lib/gcc/arm-none-eabi/8.3.1/thumb/v7e-m+fp/hard/libcr_eabihelpers.a(double.o)
                0x000000000000af14                __aeabi_dcmple
 .text.__aeabi_dcmpge
                0x000000000000af6a       0x5c /usr/local/mcuxpressoide-11.1.1_3241/ide/plugins/com.nxp.mcuxpresso.tools.linux_11.1.0.202001081728/tools/bin/../lib/gcc/arm-none-eabi/8.3.1/thumb/v7e-m+fp/hard/libcr_eabihelpers.a(double.o)
                0x000000000000af6a                __aeabi_dcmpge
 .text.__aeabi_memset_lowlevel
                0x000000000000afc6       0x32 /usr/local/mcuxpressoide-11.1.1_3241/ide/plugins/com.nxp.mcuxpresso.tools.linux_11.1.0.202001081728/tools/bin/../lib/gcc/arm-none-eabi/8.3.1/thumb/v7e-m+fp/hard/libcr_eabihelpers.a(memcpy.o)
                0x000000000000afc6                __aeabi_lowlevel_memset
 .text.__sys_close
                0x000000000000aff8        0xc /usr/local/mcuxpressoide-11.1.1_3241/ide/plugins/com.nxp.mcuxpresso.tools.linux_11.1.0.202001081728/tools/bin/../lib/gcc/arm-none-eabi/8.3.1/../../../../arm-none-eabi/lib/thumb/v7e-m+fp/hard/libcr_semihost.a(__sys_close.o)
                0x000000000000aff8                __sys_close
 .text.__sys_flen
                0x000000000000b004        0xc /usr/local/mcuxpressoide-11.1.1_3241/ide/plugins/com.nxp.mcuxpresso.tools.linux_11.1.0.202001081728/tools/bin/../lib/gcc/arm-none-eabi/8.3.1/../../../../arm-none-eabi/lib/thumb/v7e-m+fp/hard/libcr_semihost.a(__sys_flen.o)
                0x000000000000b004                __sys_flen
 .text.__sys_istty
                0x000000000000b010        0xc /usr/local/mcuxpressoide-11.1.1_3241/ide/plugins/com.nxp.mcuxpresso.tools.linux_11.1.0.202001081728/tools/bin/../lib/gcc/arm-none-eabi/8.3.1/../../../../arm-none-eabi/lib/thumb/v7e-m+fp/hard/libcr_semihost.a(__sys_istty.o)
                0x000000000000b010                __sys_istty
 .text.__sys_remove
                0x000000000000b01c        0xc /usr/local/mcuxpressoide-11.1.1_3241/ide/plugins/com.nxp.mcuxpresso.tools.linux_11.1.0.202001081728/tools/bin/../lib/gcc/arm-none-eabi/8.3.1/../../../../arm-none-eabi/lib/thumb/v7e-m+fp/hard/libcr_semihost.a(__sys_remove.o)
                0x000000000000b01c                __sys_remove
 .text.__sys_seek
                0x000000000000b028        0xc /usr/local/mcuxpressoide-11.1.1_3241/ide/plugins/com.nxp.mcuxpresso.tools.linux_11.1.0.202001081728/tools/bin/../lib/gcc/arm-none-eabi/8.3.1/../../../../arm-none-eabi/lib/thumb/v7e-m+fp/hard/libcr_semihost.a(__sys_seek.o)
                0x000000000000b028                __sys_seek
 .text.__sys_tmpnam
                0x000000000000b034        0xc /usr/local/mcuxpressoide-11.1.1_3241/ide/plugins/com.nxp.mcuxpresso.tools.linux_11.1.0.202001081728/tools/bin/../lib/gcc/arm-none-eabi/8.3.1/../../../../arm-none-eabi/lib/thumb/v7e-m+fp/hard/libcr_semihost.a(__sys_tmpnam.o)
                0x000000000000b034                __sys_tmpnam
 .text.__sys_write
                0x000000000000b040        0xc /usr/local/mcuxpressoide-11.1.1_3241/ide/plugins/com.nxp.mcuxpresso.tools.linux_11.1.0.202001081728/tools/bin/../lib/gcc/arm-none-eabi/8.3.1/../../../../arm-none-eabi/lib/thumb/v7e-m+fp/hard/libcr_semihost.a(__sys_write.o)
                0x000000000000b040                __sys_write
 *(SORT_BY_ALIGNMENT(.rodata) SORT_BY_ALIGNMENT(.rodata.*) SORT_BY_ALIGNMENT(.constdata) SORT_BY_ALIGNMENT(.constdata.*))
 *fill*         0x000000000000b04c        0x4 ff
 .rodata.a1.5286
                0x000000000000b050       0x88 /usr/local/mcuxpressoide-11.1.1_3241/ide/plugins/com.nxp.mcuxpresso.tools.linux_11.1.0.202001081728/tools/bin/../lib/gcc/arm-none-eabi/8.3.1/../../../../arm-none-eabi/lib/thumb/v7e-m+fp/hard/libcr_c.a(powf.o)
 .rodata.__assertion_failed.str1.4
                0x000000000000b0d8       0x14 ./utilities/fsl_assert.o
 .rodata.HammingWindow
                0x000000000000b0ec      0x780 ./source_transfer/sai_interrupt_record_playback.o
                0x000000000000b0ec                HammingWindow
 .rodata.MFCC_Lifter
                0x000000000000b86c       0x34 ./source_transfer/sai_interrupt_record_playback.o
                0x000000000000b86c                MFCC_Lifter
 .rodata.sendFeaturesToSerial.str1.4
                0x000000000000b8a0        0x5 ./source_transfer/sai_interrupt_record_playback.o
 *fill*         0x000000000000b8a5        0x3 ff
 .rodata.CLOCK_GetMcgExtClkFreq.str1.4
                0x000000000000b8a8       0x4e ./drivers/fsl_clock.o
 *fill*         0x000000000000b8f6        0x2 ff
 .rodata.CLOCK_GetOsc0ErClkUndivFreq.str1.4
                0x000000000000b8f8       0x1f ./drivers/fsl_clock.o
 *fill*         0x000000000000b917        0x1 ff
 .rodata.CLOCK_GetOsc0ErClkDivFreq.str1.4
                0x000000000000b918       0x1f ./drivers/fsl_clock.o
 *fill*         0x000000000000b937        0x1 ff
 .rodata.CLOCK_GetEr32kClkFreq.str1.4
                0x000000000000b938       0x20 ./drivers/fsl_clock.o
 .rodata.CLOCK_GetPll0Freq.str1.4
                0x000000000000b958       0x1e ./drivers/fsl_clock.o
 *fill*         0x000000000000b976        0x2 ff
 .rodata.CLOCK_EnablePll0.str1.4
                0x000000000000b978       0x1b ./drivers/fsl_clock.o
 *fill*         0x000000000000b993        0x1 ff
 .rodata.CLOCK_SetPbeMode.str1.4
                0x000000000000b994       0x1b ./drivers/fsl_clock.o
 *fill*         0x000000000000b9af        0x1 ff
 .rodata.CLOCK_BootToPeeMode.str1.4
                0x000000000000b9b0       0x1b ./drivers/fsl_clock.o
 *fill*         0x000000000000b9cb        0x1 ff
 .rodata.fllFactorTable.8272
                0x000000000000b9cc       0x10 ./drivers/fsl_clock.o
 .rodata.s_i2cDividerTable
                0x000000000000b9dc       0x80 ./drivers/fsl_i2c.o
 .rodata.s_i2cClocks
                0x000000000000ba5c       0x10 ./drivers/fsl_i2c.o
 .rodata.s_i2cBases
                0x000000000000ba6c       0x10 ./drivers/fsl_i2c.o
 .rodata.I2C_GetInstance.str1.4
                0x000000000000ba7c       0x33 ./drivers/fsl_i2c.o
 *fill*         0x000000000000baaf        0x1 ff
 .rodata.I2C_MasterInit.str1.4
                0x000000000000bab0       0x4b ./drivers/fsl_i2c.o
 *fill*         0x000000000000bafb        0x1 ff
 .rodata.I2C_MasterGetDefaultConfig.str1.4
                0x000000000000bafc       0x26 ./drivers/fsl_i2c.o
 *fill*         0x000000000000bb22        0x2 ff
 .rodata.I2C_MasterTransferBlocking.str1.4
                0x000000000000bb24       0x1f ./drivers/fsl_i2c.o
 *fill*         0x000000000000bb43        0x1 ff
 .rodata.SAI_SetMasterClockDivider.str1.4
                0x000000000000bb44       0x2c ./drivers/fsl_sai.o
 .rodata.SAI_GetInstance.str1.4
                0x000000000000bb70       0x33 ./drivers/fsl_sai.o
 *fill*         0x000000000000bba3        0x1 ff
 .rodata.SAI_GetCommonConfig.str1.4
                0x000000000000bba4       0x46 ./drivers/fsl_sai.o
 *fill*         0x000000000000bbea        0x2 ff
 .rodata.SAI_TxSetBitClockRate.str1.4
                0x000000000000bbec       0x30 ./drivers/fsl_sai.o
 .rodata.SAI_RxSetBitClockRate.str1.4
                0x000000000000bc1c       0x30 ./drivers/fsl_sai.o
 .rodata.SAI_TxSetBitclockConfig.str1.4
                0x000000000000bc4c       0x21 ./drivers/fsl_sai.o
 *fill*         0x000000000000bc6d        0x3 ff
 .rodata.SAI_RxSetBitclockConfig.str1.4
                0x000000000000bc70       0x21 ./drivers/fsl_sai.o
 *fill*         0x000000000000bc91        0x3 ff
 .rodata.SAI_SetMasterClockConfig.str1.4
                0x000000000000bc94       0x21 ./drivers/fsl_sai.o
 *fill*         0x000000000000bcb5        0x3 ff
 .rodata.SAI_TxSetFifoConfig.str1.4
                0x000000000000bcb8       0x79 ./drivers/fsl_sai.o
 *fill*         0x000000000000bd31        0x3 ff
 .rodata.SAI_RxSetFifoConfig.str1.4
                0x000000000000bd34       0x79 ./drivers/fsl_sai.o
 *fill*         0x000000000000bdad        0x3 ff
 .rodata.SAI_TxSetFrameSyncConfig.str1.4
                0x000000000000bdb0       0x84 ./drivers/fsl_sai.o
 .rodata.SAI_RxSetFrameSyncConfig.str1.4
                0x000000000000be34       0x84 ./drivers/fsl_sai.o
 .rodata.SAI_TxSetSerialDataConfig.str1.4
                0x000000000000beb8       0x21 ./drivers/fsl_sai.o
 *fill*         0x000000000000bed9        0x3 ff
 .rodata.SAI_RxSetSerialDataConfig.str1.4
                0x000000000000bedc       0x21 ./drivers/fsl_sai.o
 *fill*         0x000000000000befd        0x3 ff
 .rodata.SAI_TxSetConfig.str1.4
                0x000000000000bf00       0x21 ./drivers/fsl_sai.o
 *fill*         0x000000000000bf21        0x3 ff
 .rodata.SAI_TransferTxSetConfig.str1.4
                0x000000000000bf24       0xa0 ./drivers/fsl_sai.o
 .rodata.SAI_RxSetConfig.str1.4
                0x000000000000bfc4       0x21 ./drivers/fsl_sai.o
 *fill*         0x000000000000bfe5        0x3 ff
 .rodata.SAI_TransferRxSetConfig.str1.4
                0x000000000000bfe8       0x45 ./drivers/fsl_sai.o
 *fill*         0x000000000000c02d        0x3 ff
 .rodata.SAI_TransferTxCreateHandle.str1.4
                0x000000000000c030       0x21 ./drivers/fsl_sai.o
 *fill*         0x000000000000c051        0x3 ff
 .rodata.SAI_TransferRxCreateHandle.str1.4
                0x000000000000c054       0x21 ./drivers/fsl_sai.o
 *fill*         0x000000000000c075        0x3 ff
 .rodata.SAI_TransferSendNonBlocking.str1.4
                0x000000000000c078       0x7c ./drivers/fsl_sai.o
 .rodata.SAI_TransferReceiveNonBlocking.str1.4
                0x000000000000c0f4       0x7c ./drivers/fsl_sai.o
 .rodata.SAI_TransferAbortSend.str1.4
                0x000000000000c170       0x21 ./drivers/fsl_sai.o
 *fill*         0x000000000000c191        0x3 ff
 .rodata.SAI_TransferAbortReceive.str1.4
                0x000000000000c194       0x21 ./drivers/fsl_sai.o
 *fill*         0x000000000000c1b5        0x3 ff
 .rodata.SAI_TransferTxHandleIRQ.str1.4
                0x000000000000c1b8       0x21 ./drivers/fsl_sai.o
 *fill*         0x000000000000c1d9        0x3 ff
 .rodata.SAI_TransferRxHandleIRQ.str1.4
                0x000000000000c1dc       0x21 ./drivers/fsl_sai.o
 *fill*         0x000000000000c1fd        0x3 ff
 .rodata.I2S0_Tx_DriverIRQHandler.str1.4
                0x000000000000c200       0x2c ./drivers/fsl_sai.o
 .rodata.I2S0_Rx_DriverIRQHandler.str1.4
                0x000000000000c22c       0x2c ./drivers/fsl_sai.o
 .rodata.s_uartBases
                0x000000000000c258       0x14 ./drivers/fsl_uart.o
 .rodata.s_uartClock
                0x000000000000c26c       0x14 ./drivers/fsl_uart.o
 .rodata.UART_GetInstance.str1.4
                0x000000000000c280       0x2c ./drivers/fsl_uart.o
 .rodata.UART_Init.str1.4
                0x000000000000c2ac       0xf4 ./drivers/fsl_uart.o
 .rodata.UART_GetDefaultConfig.str1.4
                0x000000000000c3a0       0x19 ./drivers/fsl_uart.o
 *fill*         0x000000000000c3b9        0x3 ff
 .rodata.s_i2cBases
                0x000000000000c3bc       0x10 ./component/i2c/i2c_adapter.o
 .rodata.HAL_I2cMasterInit.str1.4
                0x000000000000c3cc       0x38 ./component/i2c/i2c_adapter.o
 .rodata.HAL_I2cMasterTransferBlocking.str1.4
                0x000000000000c404       0x36 ./component/i2c/i2c_adapter.o
 *fill*         0x000000000000c43a        0x2 ff
 .rodata.s_da7212_capability
                0x000000000000c43c        0xc ./codec/fsl_codec_adapter.o
 .rodata.HAL_CODEC_Init.str1.4
                0x000000000000c448       0x3f ./codec/fsl_codec_adapter.o
 *fill*         0x000000000000c487        0x1 ff
 .rodata.CODEC_Init.str1.4
                0x000000000000c488       0x3e ./codec/fsl_codec_common.o
 *fill*         0x000000000000c4c6        0x2 ff
 .rodata.kInputRegisterSequence
                0x000000000000c4c8       0x88 ./codec/fsl_dialog7212.o
 .rodata.kInitRegisterSequence
                0x000000000000c550       0x46 ./codec/fsl_dialog7212.o
 *fill*         0x000000000000c596        0x2 ff
 .rodata.DA7212_WriteRegister.str1.4
                0x000000000000c598       0x63 ./codec/fsl_dialog7212.o
 *fill*         0x000000000000c5fb        0x1 ff
 .rodata.DA7212_ReadRegister.str1.4
                0x000000000000c5fc       0x63 ./codec/fsl_dialog7212.o
 *fill*         0x000000000000c65f        0x1 ff
 .rodata.DA7212_Init.str1.4
                0x000000000000c660       0x53 ./codec/fsl_dialog7212.o
 *fill*         0x000000000000c6b3        0x1 ff
 .rodata.mcgConfig_BOARD_BootClockRUN
                0x000000000000c6b4        0xc ./board/clock_config.o
                0x000000000000c6b4                mcgConfig_BOARD_BootClockRUN
 .rodata.simConfig_BOARD_BootClockRUN
                0x000000000000c6c0        0x8 ./board/clock_config.o
                0x000000000000c6c0                simConfig_BOARD_BootClockRUN
 .rodata.oscConfig_BOARD_BootClockRUN
                0x000000000000c6c8        0x8 ./board/clock_config.o
                0x000000000000c6c8                oscConfig_BOARD_BootClockRUN
 .rodata.PORT_SetPinConfig.str1.4
                0x000000000000c6d0       0x7c ./board/pin_mux.o
                                         0x7b (size before relaxing)
 .rodata.realCoefA
                0x000000000000c74c     0x8000 /usr/local/mcuxpressoide-11.1.1_3241/SDK_2.7.0_FRDM-K66F/CMSIS/DSP/Lib/GCC/libarm_cortexM4lf_math.a(arm_rfft_init_f32.o)
 .rodata.realCoefB
                0x000000000001474c     0x8000 /usr/local/mcuxpressoide-11.1.1_3241/SDK_2.7.0_FRDM-K66F/CMSIS/DSP/Lib/GCC/libarm_cortexM4lf_math.a(arm_rfft_init_f32.o)
 .rodata.armBitRevTable
                0x000000000001c74c      0x800 /usr/local/mcuxpressoide-11.1.1_3241/SDK_2.7.0_FRDM-K66F/CMSIS/DSP/Lib/GCC/libarm_cortexM4lf_math.a(arm_common_tables.o)
                0x000000000001c74c                armBitRevTable
 .rodata.sinTable_f32
                0x000000000001cf4c      0x804 /usr/local/mcuxpressoide-11.1.1_3241/SDK_2.7.0_FRDM-K66F/CMSIS/DSP/Lib/GCC/libarm_cortexM4lf_math.a(arm_common_tables.o)
                0x000000000001cf4c                sinTable_f32
 .rodata.twiddleCoef_4096
                0x000000000001d750     0x8000 /usr/local/mcuxpressoide-11.1.1_3241/SDK_2.7.0_FRDM-K66F/CMSIS/DSP/Lib/GCC/libarm_cortexM4lf_math.a(arm_common_tables.o)
                0x000000000001d750                twiddleCoef_4096
 .rodata.__num_Ciob_streams
                0x0000000000025750        0x4 /usr/local/mcuxpressoide-11.1.1_3241/ide/plugins/com.nxp.mcuxpresso.tools.linux_11.1.0.202001081728/tools/bin/../lib/gcc/arm-none-eabi/8.3.1/../../../../arm-none-eabi/lib/thumb/v7e-m+fp/hard/libcr_semihost.a(__ciob.o)
                0x0000000000025750                __num_Ciob_streams
 .rodata._Csys_alloc.str1.1
                0x0000000000025754       0x18 /usr/local/mcuxpressoide-11.1.1_3241/ide/plugins/com.nxp.mcuxpresso.tools.linux_11.1.0.202001081728/tools/bin/../lib/gcc/arm-none-eabi/8.3.1/../../../../arm-none-eabi/lib/thumb/v7e-m+fp/hard/libcr_c.a(alloc.o)
 .rodata.fp_display.str1.1
                0x000000000002576c       0x34 /usr/local/mcuxpressoide-11.1.1_3241/ide/plugins/com.nxp.mcuxpresso.tools.linux_11.1.0.202001081728/tools/bin/../lib/gcc/arm-none-eabi/8.3.1/../../../../arm-none-eabi/lib/thumb/v7e-m+fp/hard/libcr_c.a(fpprintf.o)
                                         0x35 (size before relaxing)
 .rodata._initio.str1.1
                0x00000000000257a0        0x4 /usr/local/mcuxpressoide-11.1.1_3241/ide/plugins/com.nxp.mcuxpresso.tools.linux_11.1.0.202001081728/tools/bin/../lib/gcc/arm-none-eabi/8.3.1/../../../../arm-none-eabi/lib/thumb/v7e-m+fp/hard/libcr_c.a(initio.o)
 .rodata.__vfprintf.str1.1
                0x00000000000257a4       0x31 /usr/local/mcuxpressoide-11.1.1_3241/ide/plugins/com.nxp.mcuxpresso.tools.linux_11.1.0.202001081728/tools/bin/../lib/gcc/arm-none-eabi/8.3.1/../../../../arm-none-eabi/lib/thumb/v7e-m+fp/hard/libcr_c.a(printf.o)
                                         0x38 (size before relaxing)
                0x00000000000257d8                . = ALIGN (0x8)
 *fill*         0x00000000000257d5        0x3 ff

.glue_7         0x00000000000257d8        0x0
 .glue_7        0x00000000000257d8        0x0 linker stubs

.glue_7t        0x00000000000257d8        0x0
 .glue_7t       0x00000000000257d8        0x0 linker stubs

.vfp11_veneer   0x00000000000257d8        0x0
 .vfp11_veneer  0x00000000000257d8        0x0 linker stubs

.v4_bx          0x00000000000257d8        0x0
 .v4_bx         0x00000000000257d8        0x0 linker stubs

.iplt           0x00000000000257d8        0x0
 .iplt          0x00000000000257d8        0x0 ./utilities/fsl_assert.o

.rel.dyn        0x00000000000257d8        0x0
 .rel.iplt      0x00000000000257d8        0x0 ./utilities/fsl_assert.o

.ARM.extab
 *(SORT_BY_ALIGNMENT(.ARM.extab*) SORT_BY_ALIGNMENT(.gnu.linkonce.armextab.*))

.ARM.exidx      0x00000000000257d8        0x0
                0x00000000000257d8                __exidx_start = .
 *(SORT_BY_ALIGNMENT(.ARM.exidx*) SORT_BY_ALIGNMENT(.gnu.linkonce.armexidx.*))
                0x00000000000257d8                __exidx_end = .
                0x00000000000257d8                _etext = .

.m_usb_data
 *(SORT_BY_ALIGNMENT(m_usb_bdt))

.data_RAM2      0x000000001fff0000        0x0 load address 0x00000000000257d8
 FILL mask 0xff
                [!provide]                        PROVIDE (__start_data_RAM2 = .)
                [!provide]                        PROVIDE (__start_data_SRAM_LOWER = .)
 *(SORT_BY_ALIGNMENT(.ramfunc.$RAM2))
 *(SORT_BY_ALIGNMENT(.ramfunc.$SRAM_LOWER))
 *(SORT_BY_ALIGNMENT(NonCacheable.init))
 *(SORT_BY_ALIGNMENT(.data.$RAM2))
 *(SORT_BY_ALIGNMENT(.data.$SRAM_LOWER))
 *(SORT_BY_ALIGNMENT(.data.$RAM2.*))
 *(SORT_BY_ALIGNMENT(.data.$SRAM_LOWER.*))
                0x000000001fff0000                . = ALIGN (0x8)
                [!provide]                        PROVIDE (__end_data_RAM2 = .)
                [!provide]                        PROVIDE (__end_data_SRAM_LOWER = .)

.data_RAM3      0x0000000014000000        0x0 load address 0x00000000000257d8
 FILL mask 0xff