ff.c:589:14:ld_dword	0	static
ff.c:654:13:mem_cpy	0	static
ff.c:668:13:mem_set	0	static
ff.c:679:12:mem_cmp	8	static
ff.c:1132:14:clst2sect	0	static
ff.c:3113:12:get_ldnumber	4	static
ff.c:3455:16:validate	16	static
ff.c:1042:16:sync_window	16	static
ff.c:1064:16:move_window	16	static
ff.c:1644:16:dir_clear	24	static
ff.c:1095:16:sync_fs	16	static
ff.c:1226:16:put_fat	32	static
ff.c:1851:13:st_clust	0	static
ff.c:1149:14:get_fat	24	static
ff.c:1683:16:dir_sdi	24	static
ff.c:1511:14:create_chain	24	static
ff.c:1416:16:remove_chain	24	static
ff.c:1731:16:dir_next	32	static
ff.c:2493:16:dir_register	24	static
ff.c:2334:16:dir_read	24	static
ff.c:3187:13:check_fs	16	static
ff.c:3214:16:find_volume	56	static
ff.c:2645:13:get_fileinfo	16	static
ff.c:1834:14:ld_clust	0	static
ff.c:3026:16:follow_path	48	static
ff.c:3499:9:f_mount	24	static
ff.c:3547:9:f_open	88	static
ff.c:3737:9:f_read	64	static
ff.c:3837:9:f_write	64	static
ff.c:6220:13:putc_bfd	24	static
ff.c:6351:12:putc_flush	16	static
ff.c:3958:9:f_sync	24	static
ff.c:4039:9:f_close	16	static
ff.c:4075:9:f_chdrive	16	static
ff.c:4092:9:f_chdir	72	static
ff.c:4154:9:f_getcwd	112	static
ff.c:4254:9:f_lseek	40	static
ff.c:4415:9:f_opendir	24	static
ff.c:4481:9:f_closedir	16	static
ff.c:4511:9:f_readdir	24	static
ff.c:4599:9:f_stat	72	static
ff.c:4634:9:f_getfree	64	static
ff.c:4723:9:f_truncate	24	static
ff.c:4773:9:f_unlink	120	static
ff.c:4867:9:f_mkdir	88	static
ff.c:4951:9:f_rename	152	static
ff.c:5531:9:f_mkfs	88	static
ff.c:6079:8:f_gets	40	static
ff.c:6375:5:f_putc	96	static
ff.c:6395:5:f_puts	96	static
ff.c:6415:5:f_printf	148	static
