fsl_sdmmc_host.c:80:13:SDMMCHOST_NotifyCardInsertStatus	8	static
fsl_sdmmc_host.c:114:13:SDMMCHOST_DetectCardRemoveByHost	8	static
fsl_sdmmc_host.c:100:13:SDMMCHOST_DetectCardInsertByHost	16	static
fsl_sdmmc_host.c:126:13:SDMMCHOST_TransferCompleteCallback	8	static
fsl_sdmmc_host.c:167:6:SDMMCHOST_ErrorRecovery	16	static
fsl_sdmmc_host.c:143:17:SDMMCHOST_TransferFunction	40	static
fsl_sdmmc_host.c:245:6:SDMMCHOST_Delay	8	static
fsl_sdmmc_host.c:250:6:PORTD_IRQHandler	8	static
fsl_sdmmc_host.c:263:10:SDMMCHOST_WaitCardDetectStatus	24	static
fsl_sdmmc_host.c:289:6:SDMMCHOST_IsCardPresent	0	static
fsl_sdmmc_host.c:294:6:SDMMCHOST_PowerOffCard	8	static
fsl_sdmmc_host.c:303:6:SDMMCHOST_PowerOnCard	8	static
fsl_sdmmc_host.c:318:10:SDMMCHOST_Init	40	static
fsl_sdmmc_host.c:353:6:SDMMCHOST_Reset	0	static
fsl_sdmmc_host.c:358:6:SDMMCHOST_Deinit	8	static
