fsl_sd.c:387:17:SD_Transfer	72	static
fsl_sd.c:419:17:SD_WaitWriteComplete	56	static
fsl_sd.c:524:17:SD_SwitchFunction	80	static
fsl_sd.c:675:17:SD_SelectFunction	48	static
fsl_sd.c:1246:10:SD_ReadStatus	80	static
fsl_sd.c:1314:10:SD_SelectCard	8	static
fsl_sd.c:1321:10:SD_SetDriverStrength	8	static
fsl_sd.c:1333:10:SD_SetMaxCurrent	8	static
fsl_sd.c:1538:6:SD_CheckReadOnly	8	static
fsl_sd.c:1546:10:SD_ReadBlocks	120	static
fsl_sd.c:1602:10:SD_WriteBlocks	176	static
fsl_sd.c:1655:10:SD_EraseBlocks	88	static
fsl_sd.c:1715:10:SD_ProbeBusVoltage	80	static
fsl_sd.c:1802:10:SD_CardInit	80	static
fsl_sd.c:1877:6:SD_CardDeinit	8	static
fsl_sd.c:1884:10:SD_HostInit	8	static
fsl_sd.c:1899:6:SD_HostDeinit	8	static
fsl_sd.c:1908:6:SD_HostReset	8	static
fsl_sd.c:1913:6:SD_PowerOnCard	8	static
fsl_sd.c:1918:6:SD_PowerOffCard	8	static
fsl_sd.c:1923:10:SD_WaitCardDetectStatus	8	static
fsl_sd.c:1928:6:SD_IsCardPresent	8	static
fsl_sd.c:1933:10:SD_Init	8	static
fsl_sd.c:1959:6:SD_Deinit	8	static
